================================================
  NLOC    CCN   token  PARAM  length  location  
------------------------------------------------
       2      2     35      3       2 EncounterRevealExposure::RevealingPlayer@12-13@src/Marvel.Rules/Play/EncounterRevealExposure.cs
       8      3     99      4       8 EncounterRevealExposure::Prepare@15-22@src/Marvel.Rules/Play/EncounterRevealExposure.cs
      14      2     90      4      14 EncounterRevealExposure::Expose@31-44@src/Marvel.Rules/Play/EncounterRevealExposure.cs
      23      1    189      2      23 AbilityDeckAndRevealExecution::Run@12-34@src/Marvel.Cards/Run/AbilityDeckAndRevealExecution.cs
       7      1     43      2       7 AbilityDeckAndRevealExecution::RevealCard@36-42@src/Marvel.Cards/Run/AbilityDeckAndRevealExecution.cs
      18      3    154      2      18 AbilityDeckAndRevealExecution::PrepareReveal@51-68@src/Marvel.Cards/Run/AbilityDeckAndRevealExecution.cs
      12      2     64      2      12 AbilityDeckAndRevealExecution::DealEncounterCard@71-82@src/Marvel.Cards/Run/AbilityDeckAndRevealExecution.cs
      15      3     92      2      15 AbilityDeckAndRevealExecution::DealEncounterCards@85-99@src/Marvel.Cards/Run/AbilityDeckAndRevealExecution.cs
      11      2     70      2      11 AbilityDeckAndRevealExecution::CreateDrones@101-111@src/Marvel.Cards/Run/AbilityDeckAndRevealExecution.cs
      17      3    120      2      17 AbilityDeckAndRevealExecution::DiscardUntil@119-135@src/Marvel.Cards/Run/AbilityDeckAndRevealExecution.cs
      21      1    142      2      21 AbilityDeckAndRevealExecution::RecoverDiscardedByResource@137-157@src/Marvel.Cards/Run/AbilityDeckAndRevealExecution.cs
       4      1     43      2       4 AbilityDeckAndRevealExecution::Shuffle@164-167@src/Marvel.Cards/Run/AbilityDeckAndRevealExecution.cs
      21      1    150      2      21 AbilityDeckAndRevealExecution::ShuffleInto@171-191@src/Marvel.Cards/Run/AbilityDeckAndRevealExecution.cs
      23      3    197      2      23 AbilityDeckAndRevealExecution::Search@199-221@src/Marvel.Cards/Run/AbilityDeckAndRevealExecution.cs
      14      3    111      2      14 AbilityDeckAndRevealExecution::PutIntoPlay@228-241@src/Marvel.Cards/Run/AbilityDeckAndRevealExecution.cs
       5      1     34      1       5 AbilityDeckAndRevealExecution::CardStateContext@243-247@src/Marvel.Cards/Run/AbilityDeckAndRevealExecution.cs
       6      1     43      2       6 AbilityDeckAndRevealExecution::Find@249-254@src/Marvel.Cards/Run/AbilityDeckAndRevealExecution.cs
       6      1     43      2       6 AbilityDeckAndRevealExecution::Every@256-261@src/Marvel.Cards/Run/AbilityDeckAndRevealExecution.cs
      10      1     84      2      10 AbilityDeckAndRevealExecution::Area@263-272@src/Marvel.Cards/Run/AbilityDeckAndRevealExecution.cs
      21      1     23      0     296 *global*@0-295@src/Marvel.Cards/Run/AbilityDeckAndRevealExecution.cs
       9      1     64      2       9 AbilityDeckAndRevealExecution::Players@274-282@src/Marvel.Cards/Run/AbilityDeckAndRevealExecution.cs
      21      1     23      0     296 *global*@0-295@src/Marvel.Cards/Run/AbilityDeckAndRevealExecution.cs
       4      1     32      2       4 AbilityDeckAndRevealExecution::Player@284-287@src/Marvel.Cards/Run/AbilityDeckAndRevealExecution.cs
       6      1     37      2       6 AbilityDeckAndRevealExecution::Publish<T>@289-294@src/Marvel.Cards/Run/AbilityDeckAndRevealExecution.cs
      47      1    621      0      54 CoreAbilityRevealDisclosureTests::BlackWidowReplacementRevealPublishesItsFaceAndInformationExactlyOnce@19-72@tests/Marvel.Content.Tests/Play/CoreAbilityRevealDisclosureTests.cs
3 file analyzed.
==============================================================
NLOC    Avg.NLOC  AvgCCN  Avg.token  function_cnt    file
--------------------------------------------------------------
     30       8.0     2.3       74.7         3     src/Marvel.Rules/Play/EncounterRevealExposure.cs
    241      13.0     1.6       83.7        21     src/Marvel.Cards/Run/AbilityDeckAndRevealExecution.cs
     62      47.0     1.0      621.0         1     tests/Marvel.Content.Tests/Play/CoreAbilityRevealDisclosureTests.cs

===============================================================================================================
No thresholds exceeded (cyclomatic_complexity > 10 or length > 1000 or nloc > 1000000 or parameter_count > 100)
==========================================================================================
Total nloc   Avg.NLOC  AvgCCN  Avg.token   Fun Cnt  Warning cnt   Fun Rt   nloc Rt
------------------------------------------------------------------------------------------
       333      13.8     1.6      104.1       25            0      0.00    0.00
