  Determining projects to restore...
  All projects are up-to-date for restore.
  Marvel.Core -> /Users/michael/Source/marvel-lcg/src/Marvel.Core/bin/Debug/net8.0/Marvel.Core.dll
  Marvel.Rules -> /Users/michael/Source/marvel-lcg/src/Marvel.Rules/bin/Debug/net8.0/Marvel.Rules.dll
  Marvel.Decisions -> /Users/michael/Source/marvel-lcg/src/Marvel.Decisions/bin/Debug/net8.0/Marvel.Decisions.dll
  Marvel.Content -> /Users/michael/Source/marvel-lcg/src/Marvel.Content/bin/Debug/net8.0/Marvel.Content.dll
  Marvel.Session -> /Users/michael/Source/marvel-lcg/src/Marvel.Session/bin/Debug/net8.0/Marvel.Session.dll
  Marvel.Cards -> /Users/michael/Source/marvel-lcg/src/Marvel.Cards/bin/Debug/net8.0/Marvel.Cards.dll
  Marvel.View -> /Users/michael/Source/marvel-lcg/src/Marvel.View/bin/Debug/net8.0/Marvel.View.dll
  Marvel.Core -> /Users/michael/Source/marvel-lcg/src/Marvel.Core/bin/Debug/net8.0/Marvel.Core.dll
  Marvel.Rules -> /Users/michael/Source/marvel-lcg/src/Marvel.Rules/bin/Debug/net8.0/Marvel.Rules.dll
  Marvel.Server -> /Users/michael/Source/marvel-lcg/src/Marvel.Server/bin/embedded/Debug/net8.0/Marvel.Server.dll
  Marvel.Client -> /Users/michael/Source/marvel-lcg/src/Marvel.Client/bin/Debug/net8.0/Marvel.Client.dll
  Marvel.Godot -> /Users/michael/Source/marvel-lcg/src/Marvel.Godot/.godot/mono/temp/bin/Debug/Marvel.Godot.dll

Build succeeded.
    0 Warning(s)
    0 Error(s)

Time Elapsed 00:00:00.85
  Determining projects to restore...
  All projects are up-to-date for restore.
  Marvel.Core -> /Users/michael/Source/marvel-lcg/src/Marvel.Core/bin/Debug/net8.0/Marvel.Core.dll
  Marvel.Rules -> /Users/michael/Source/marvel-lcg/src/Marvel.Rules/bin/Debug/net8.0/Marvel.Rules.dll
  Marvel.Cards -> /Users/michael/Source/marvel-lcg/src/Marvel.Cards/bin/Debug/net8.0/Marvel.Cards.dll
  Marvel.Content -> /Users/michael/Source/marvel-lcg/src/Marvel.Content/bin/Debug/net8.0/Marvel.Content.dll
  Marvel.Session -> /Users/michael/Source/marvel-lcg/src/Marvel.Session/bin/Debug/net8.0/Marvel.Session.dll
  Marvel.Decisions -> /Users/michael/Source/marvel-lcg/src/Marvel.Decisions/bin/Debug/net8.0/Marvel.Decisions.dll
  Marvel.View -> /Users/michael/Source/marvel-lcg/src/Marvel.View/bin/Debug/net8.0/Marvel.View.dll
  Marvel.Server -> /Users/michael/Source/marvel-lcg/src/Marvel.Server/bin/Debug/net8.0/Marvel.Server.dll

Build succeeded.
    0 Warning(s)
    0 Error(s)

Time Elapsed 00:00:00.67
Godot Engine v4.7.1.stable.mono.official.a13da4feb - https://godotengine.org
OpenGL API 4.1 Metal - 91.7 - Compatibility - Using Device: Apple - Apple M2 Pro

HOSTED_MULTIPLAYER_SMOKE_RUNNER_READY
HOSTED_MULTIPLAYER_SMOKE_DRIVER_READY
{"event_id":"transport.exchange.completed","process":"Marvel.Godot","timestamp_utc":"2026-10-04T22:06:57.55946+00:00","process_id":3846,"duration_milliseconds":172,"disposition":"accepted","request_id":"c3154989242d82581f5572f68f7537b8","game_id":"e3b0c44298fc1c149afbf4c8996fb924","operation":"setup","product_version":"0.1.0-dev.0","commit":"local","runtime":"v0.1.0-dev.0 \u00B7 engine engine-replay-v3 \u00B7 protocol 19 \u00B7 save 4"}
{"event_id":"transport.exchange.completed","process":"Marvel.Godot","timestamp_utc":"2026-10-04T22:06:57.650643+00:00","process_id":3846,"duration_milliseconds":0,"disposition":"accepted","request_id":"5356cb79c971e41e94a0a605060cd923","game_id":"e3b0c44298fc1c149afbf4c8996fb924","operation":"setup","product_version":"0.1.0-dev.0","commit":"local","runtime":"v0.1.0-dev.0 \u00B7 engine engine-replay-v3 \u00B7 protocol 19 \u00B7 save 4"}
{"event_id":"transport.exchange.completed","process":"Marvel.Godot","timestamp_utc":"2026-10-04T22:06:57.852034+00:00","process_id":3846,"duration_milliseconds":198,"disposition":"accepted","request_id":"c3c5be97b4f4f654060135ce01781c3f","game_id":"3b401506fb65175f38f4b6edff3ad5f2","operation":"open","revision":0,"product_version":"0.1.0-dev.0","commit":"local","runtime":"v0.1.0-dev.0 \u00B7 engine engine-replay-v3 \u00B7 protocol 19 \u00B7 save 4"}
{"event_id":"transport.exchange.completed","process":"Marvel.Godot","timestamp_utc":"2026-10-04T22:06:58.077002+00:00","process_id":3846,"duration_milliseconds":0,"disposition":"accepted","request_id":"3eb497d9bb7ddf71efe367940323bd00","game_id":"e3b0c44298fc1c149afbf4c8996fb924","operation":"setup","product_version":"0.1.0-dev.0","commit":"local","runtime":"v0.1.0-dev.0 \u00B7 engine engine-replay-v3 \u00B7 protocol 19 \u00B7 save 4"}
{"event_id":"transport.exchange.completed","process":"Marvel.Godot","timestamp_utc":"2026-10-04T22:06:58.201332+00:00","process_id":3846,"duration_milliseconds":0,"disposition":"accepted","request_id":"651035ee338e0ef05d54f4b33e8c4be9","game_id":"e3b0c44298fc1c149afbf4c8996fb924","operation":"setup","product_version":"0.1.0-dev.0","commit":"local","runtime":"v0.1.0-dev.0 \u00B7 engine engine-replay-v3 \u00B7 protocol 19 \u00B7 save 4"}
{"event_id":"transport.exchange.completed","process":"Marvel.Godot","timestamp_utc":"2026-10-04T22:06:58.259454+00:00","process_id":3846,"duration_milliseconds":45,"disposition":"accepted","request_id":"51023263884b60886927f74835d72b5e","game_id":"3b401506fb65175f38f4b6edff3ad5f2","operation":"attach","revision":0,"product_version":"0.1.0-dev.0","commit":"local","runtime":"v0.1.0-dev.0 \u00B7 engine engine-replay-v3 \u00B7 protocol 19 \u00B7 save 4"}
{"event_id":"transport.exchange.completed","process":"Marvel.Godot","timestamp_utc":"2026-10-04T22:06:58.465833+00:00","process_id":3846,"duration_milliseconds":93,"disposition":"accepted","request_id":"4cf0ae6ff001ec2f3dfdf0e3e8367652","game_id":"3b401506fb65175f38f4b6edff3ad5f2","operation":"resolve","revision":1,"product_version":"0.1.0-dev.0","commit":"local","runtime":"v0.1.0-dev.0 \u00B7 engine engine-replay-v3 \u00B7 protocol 19 \u00B7 save 4","expected_revision":0}
{"event_id":"transport.exchange.completed","process":"Marvel.Godot","timestamp_utc":"2026-10-04T22:06:58.600526+00:00","process_id":3846,"duration_milliseconds":36,"disposition":"accepted","request_id":"bc4491fdd4fc3b3dd87eabfde370b1b8","game_id":"3b401506fb65175f38f4b6edff3ad5f2","operation":"sync","revision":1,"product_version":"0.1.0-dev.0","commit":"local","runtime":"v0.1.0-dev.0 \u00B7 engine engine-replay-v3 \u00B7 protocol 19 \u00B7 save 4"}
{"event_id":"transport.exchange.completed","process":"Marvel.Godot","timestamp_utc":"2026-10-04T22:06:58.789746+00:00","process_id":3846,"duration_milliseconds":78,"disposition":"accepted","request_id":"712323deaf8a1961677d75d68fcd6b4f","game_id":"3b401506fb65175f38f4b6edff3ad5f2","operation":"resolve","revision":2,"product_version":"0.1.0-dev.0","commit":"local","runtime":"v0.1.0-dev.0 \u00B7 engine engine-replay-v3 \u00B7 protocol 19 \u00B7 save 4","expected_revision":1}
{"event_id":"transport.exchange.completed","process":"Marvel.Godot","timestamp_utc":"2026-10-04T22:06:58.927778+00:00","process_id":3846,"duration_milliseconds":26,"disposition":"accepted","request_id":"278a8fcf2b72a547292cf8d9949aa4e0","game_id":"3b401506fb65175f38f4b6edff3ad5f2","operation":"sync","revision":2,"product_version":"0.1.0-dev.0","commit":"local","runtime":"v0.1.0-dev.0 \u00B7 engine engine-replay-v3 \u00B7 protocol 19 \u00B7 save 4"}
{"event_id":"transport.exchange.completed","process":"Marvel.Godot","timestamp_utc":"2026-10-04T22:06:59.100442+00:00","process_id":3846,"duration_milliseconds":54,"disposition":"accepted","request_id":"cf4af3d58d8caba3c6355f5e328f360f","game_id":"3b401506fb65175f38f4b6edff3ad5f2","operation":"resolve","revision":3,"product_version":"0.1.0-dev.0","commit":"local","runtime":"v0.1.0-dev.0 \u00B7 engine engine-replay-v3 \u00B7 protocol 19 \u00B7 save 4","expected_revision":2}
{"event_id":"transport.exchange.completed","process":"Marvel.Godot","timestamp_utc":"2026-10-04T22:06:59.213687+00:00","process_id":3846,"duration_milliseconds":22,"disposition":"accepted","request_id":"4a736b6fbea29db6c3934116f3e563b2","game_id":"3b401506fb65175f38f4b6edff3ad5f2","operation":"sync","revision":3,"product_version":"0.1.0-dev.0","commit":"local","runtime":"v0.1.0-dev.0 \u00B7 engine engine-replay-v3 \u00B7 protocol 19 \u00B7 save 4"}
{"event_id":"transport.exchange.completed","process":"Marvel.Godot","timestamp_utc":"2026-10-04T22:06:59.387702+00:00","process_id":3846,"duration_milliseconds":45,"disposition":"accepted","request_id":"bc0fc8a06a2603d7da3da95146dd5b7e","game_id":"3b401506fb65175f38f4b6edff3ad5f2","operation":"resolve","revision":4,"product_version":"0.1.0-dev.0","commit":"local","runtime":"v0.1.0-dev.0 \u00B7 engine engine-replay-v3 \u00B7 protocol 19 \u00B7 save 4","expected_revision":3}
{"event_id":"transport.exchange.completed","process":"Marvel.Godot","timestamp_utc":"2026-10-04T22:06:59.492278+00:00","process_id":3846,"duration_milliseconds":19,"disposition":"accepted","request_id":"27ae7b15384d0f1cdc22fd3b8849ab2e","game_id":"3b401506fb65175f38f4b6edff3ad5f2","operation":"sync","revision":4,"product_version":"0.1.0-dev.0","commit":"local","runtime":"v0.1.0-dev.0 \u00B7 engine engine-replay-v3 \u00B7 protocol 19 \u00B7 save 4"}
{"event_id":"transport.exchange.completed","process":"Marvel.Godot","timestamp_utc":"2026-10-04T22:06:59.673752+00:00","process_id":3846,"duration_milliseconds":42,"disposition":"accepted","request_id":"57aeeabb3d4555dfd40099216340ef66","game_id":"3b401506fb65175f38f4b6edff3ad5f2","operation":"resolve","revision":5,"product_version":"0.1.0-dev.0","commit":"local","runtime":"v0.1.0-dev.0 \u00B7 engine engine-replay-v3 \u00B7 protocol 19 \u00B7 save 4","expected_revision":4}
{"event_id":"transport.exchange.completed","process":"Marvel.Godot","timestamp_utc":"2026-10-04T22:06:59.782789+00:00","process_id":3846,"duration_milliseconds":18,"disposition":"accepted","request_id":"94f9d2abd954c8ac8ab980f154393362","game_id":"3b401506fb65175f38f4b6edff3ad5f2","operation":"sync","revision":5,"product_version":"0.1.0-dev.0","commit":"local","runtime":"v0.1.0-dev.0 \u00B7 engine engine-replay-v3 \u00B7 protocol 19 \u00B7 save 4"}
{"event_id":"transport.exchange.completed","process":"Marvel.Godot","timestamp_utc":"2026-10-04T22:07:00.047368+00:00","process_id":3846,"duration_milliseconds":140,"disposition":"accepted","request_id":"707aa64d4a11afd8dea7ab726f9ff5af","game_id":"3b401506fb65175f38f4b6edff3ad5f2","operation":"resolve","revision":6,"product_version":"0.1.0-dev.0","commit":"local","runtime":"v0.1.0-dev.0 \u00B7 engine engine-replay-v3 \u00B7 protocol 19 \u00B7 save 4","expected_revision":5}
{"event_id":"transport.exchange.completed","process":"Marvel.Godot","timestamp_utc":"2026-10-04T22:07:00.199923+00:00","process_id":3846,"duration_milliseconds":24,"disposition":"accepted","request_id":"3c0430dd917a1b58823c5b22ca4727a7","game_id":"3b401506fb65175f38f4b6edff3ad5f2","operation":"sync","revision":6,"product_version":"0.1.0-dev.0","commit":"local","runtime":"v0.1.0-dev.0 \u00B7 engine engine-replay-v3 \u00B7 protocol 19 \u00B7 save 4"}
{"event_id":"transport.exchange.completed","process":"Marvel.Godot","timestamp_utc":"2026-10-04T22:07:11.717136+00:00","process_id":3846,"duration_milliseconds":79,"disposition":"accepted","request_id":"4534d43d3a1302c7cf5cc66b805df4bd","game_id":"3b401506fb65175f38f4b6edff3ad5f2","operation":"resolve","revision":7,"product_version":"0.1.0-dev.0","commit":"local","runtime":"v0.1.0-dev.0 \u00B7 engine engine-replay-v3 \u00B7 protocol 19 \u00B7 save 4","expected_revision":6}
{"event_id":"transport.exchange.completed","process":"Marvel.Godot","timestamp_utc":"2026-10-04T22:07:11.848303+00:00","process_id":3846,"duration_milliseconds":23,"disposition":"accepted","request_id":"c005a7744b6a9340bc6823d44cacd698","game_id":"3b401506fb65175f38f4b6edff3ad5f2","operation":"sync","revision":7,"product_version":"0.1.0-dev.0","commit":"local","runtime":"v0.1.0-dev.0 \u00B7 engine engine-replay-v3 \u00B7 protocol 19 \u00B7 save 4"}
{"event_id":"transport.exchange.completed","process":"Marvel.Godot","timestamp_utc":"2026-10-04T22:07:12.023435+00:00","process_id":3846,"duration_milliseconds":53,"disposition":"accepted","request_id":"f98a527ba2ba012ef989f90edd125467","game_id":"3b401506fb65175f38f4b6edff3ad5f2","operation":"resolve","revision":8,"product_version":"0.1.0-dev.0","commit":"local","runtime":"v0.1.0-dev.0 \u00B7 engine engine-replay-v3 \u00B7 protocol 19 \u00B7 save 4","expected_revision":7}
{"event_id":"transport.exchange.completed","process":"Marvel.Godot","timestamp_utc":"2026-10-04T22:07:12.135492+00:00","process_id":3846,"duration_milliseconds":27,"disposition":"accepted","request_id":"1a770c842813276374320308d258619c","game_id":"3b401506fb65175f38f4b6edff3ad5f2","operation":"sync","revision":8,"product_version":"0.1.0-dev.0","commit":"local","runtime":"v0.1.0-dev.0 \u00B7 engine engine-replay-v3 \u00B7 protocol 19 \u00B7 save 4"}
{"event_id":"transport.exchange.completed","process":"Marvel.Godot","timestamp_utc":"2026-10-04T22:07:12.319797+00:00","process_id":3846,"duration_milliseconds":54,"disposition":"accepted","request_id":"1453f1fa48c236685cee94236f347a01","game_id":"3b401506fb65175f38f4b6edff3ad5f2","operation":"resolve","revision":9,"product_version":"0.1.0-dev.0","commit":"local","runtime":"v0.1.0-dev.0 \u00B7 engine engine-replay-v3 \u00B7 protocol 19 \u00B7 save 4","expected_revision":8}
{"event_id":"transport.exchange.completed","process":"Marvel.Godot","timestamp_utc":"2026-10-04T22:07:12.445745+00:00","process_id":3846,"duration_milliseconds":27,"disposition":"accepted","request_id":"70d4dbf549b8f6f4aae5592884bc7f47","game_id":"3b401506fb65175f38f4b6edff3ad5f2","operation":"sync","revision":9,"product_version":"0.1.0-dev.0","commit":"local","runtime":"v0.1.0-dev.0 \u00B7 engine engine-replay-v3 \u00B7 protocol 19 \u00B7 save 4"}
{"event_id":"transport.exchange.completed","process":"Marvel.Godot","timestamp_utc":"2026-10-04T22:07:12.63656+00:00","process_id":3846,"duration_milliseconds":61,"disposition":"accepted","request_id":"fb07ef1329c6c79a711696e4594aba35","game_id":"3b401506fb65175f38f4b6edff3ad5f2","operation":"resolve","revision":10,"product_version":"0.1.0-dev.0","commit":"local","runtime":"v0.1.0-dev.0 \u00B7 engine engine-replay-v3 \u00B7 protocol 19 \u00B7 save 4","expected_revision":9}
{"event_id":"transport.exchange.completed","process":"Marvel.Godot","timestamp_utc":"2026-10-04T22:07:12.769496+00:00","process_id":3846,"duration_milliseconds":29,"disposition":"accepted","request_id":"377ce667553c543f789b4e19bd11b8f7","game_id":"3b401506fb65175f38f4b6edff3ad5f2","operation":"sync","revision":10,"product_version":"0.1.0-dev.0","commit":"local","runtime":"v0.1.0-dev.0 \u00B7 engine engine-replay-v3 \u00B7 protocol 19 \u00B7 save 4"}
HOSTED_MULTIPLAYER_SMOKE_OK decisions=10
