  Determining projects to restore...
  All projects are up-to-date for restore.
  Marvel.Core -> /Users/michael/Source/marvel-lcg/src/Marvel.Core/bin/Debug/net8.0/Marvel.Core.dll
  Marvel.Rules -> /Users/michael/Source/marvel-lcg/src/Marvel.Rules/bin/Debug/net8.0/Marvel.Rules.dll
  Marvel.View -> /Users/michael/Source/marvel-lcg/src/Marvel.View/bin/Debug/net8.0/Marvel.View.dll
  Marvel.Decisions -> /Users/michael/Source/marvel-lcg/src/Marvel.Decisions/bin/Debug/net8.0/Marvel.Decisions.dll
  Marvel.Cards -> /Users/michael/Source/marvel-lcg/src/Marvel.Cards/bin/Debug/net8.0/Marvel.Cards.dll
  Marvel.Session -> /Users/michael/Source/marvel-lcg/src/Marvel.Session/bin/Debug/net8.0/Marvel.Session.dll
  Marvel.Content -> /Users/michael/Source/marvel-lcg/src/Marvel.Content/bin/Debug/net8.0/Marvel.Content.dll
  Marvel.Core -> /Users/michael/Source/marvel-lcg/src/Marvel.Core/bin/Debug/net8.0/Marvel.Core.dll
  Marvel.Rules -> /Users/michael/Source/marvel-lcg/src/Marvel.Rules/bin/Debug/net8.0/Marvel.Rules.dll
  Marvel.Server -> /Users/michael/Source/marvel-lcg/src/Marvel.Server/bin/embedded/Debug/net8.0/Marvel.Server.dll
  Marvel.Client -> /Users/michael/Source/marvel-lcg/src/Marvel.Client/bin/Debug/net8.0/Marvel.Client.dll
  Marvel.Godot -> /Users/michael/Source/marvel-lcg/src/Marvel.Godot/.godot/mono/temp/bin/Debug/Marvel.Godot.dll

Build succeeded.
    0 Warning(s)
    0 Error(s)

Time Elapsed 00:00:01.71
  Determining projects to restore...
  All projects are up-to-date for restore.
  Marvel.Core -> /Users/michael/Source/marvel-lcg/src/Marvel.Core/bin/Debug/net8.0/Marvel.Core.dll
  Marvel.Rules -> /Users/michael/Source/marvel-lcg/src/Marvel.Rules/bin/Debug/net8.0/Marvel.Rules.dll
  Marvel.Cards -> /Users/michael/Source/marvel-lcg/src/Marvel.Cards/bin/Debug/net8.0/Marvel.Cards.dll
  Marvel.Decisions -> /Users/michael/Source/marvel-lcg/src/Marvel.Decisions/bin/Debug/net8.0/Marvel.Decisions.dll
  Marvel.Content -> /Users/michael/Source/marvel-lcg/src/Marvel.Content/bin/Debug/net8.0/Marvel.Content.dll
  Marvel.Session -> /Users/michael/Source/marvel-lcg/src/Marvel.Session/bin/Debug/net8.0/Marvel.Session.dll
  Marvel.View -> /Users/michael/Source/marvel-lcg/src/Marvel.View/bin/Debug/net8.0/Marvel.View.dll
  Marvel.Server -> /Users/michael/Source/marvel-lcg/src/Marvel.Server/bin/Debug/net8.0/Marvel.Server.dll

Build succeeded.
    0 Warning(s)
    0 Error(s)

Time Elapsed 00:00:00.83
Godot Engine v4.7.1.stable.mono.official.a13da4feb - https://godotengine.org
OpenGL API 4.1 Metal - 91.7 - Compatibility - Using Device: Apple - Apple M2 Pro

HOSTED_MULTIPLAYER_SMOKE_RUNNER_READY
HOSTED_MULTIPLAYER_SMOKE_DRIVER_READY
{"event_id":"transport.exchange.completed","process":"Marvel.Godot","timestamp_utc":"2026-10-04T21:45:14.09225+00:00","process_id":571,"duration_milliseconds":177,"disposition":"accepted","request_id":"1c2843020b62e9423b31bb30e2697d2b","game_id":"e3b0c44298fc1c149afbf4c8996fb924","operation":"setup","product_version":"0.1.0-dev.0","commit":"local","runtime":"v0.1.0-dev.0 \u00B7 engine engine-replay-v3 \u00B7 protocol 19 \u00B7 save 4"}
{"event_id":"transport.exchange.completed","process":"Marvel.Godot","timestamp_utc":"2026-10-04T21:45:14.186532+00:00","process_id":571,"duration_milliseconds":0,"disposition":"accepted","request_id":"4406cac939b38036c5e5ec7ae837e5b6","game_id":"e3b0c44298fc1c149afbf4c8996fb924","operation":"setup","product_version":"0.1.0-dev.0","commit":"local","runtime":"v0.1.0-dev.0 \u00B7 engine engine-replay-v3 \u00B7 protocol 19 \u00B7 save 4"}
{"event_id":"transport.exchange.completed","process":"Marvel.Godot","timestamp_utc":"2026-10-04T21:45:14.382677+00:00","process_id":571,"duration_milliseconds":193,"disposition":"accepted","request_id":"32b5292c5325266d7fa70fa3a1843477","game_id":"3b401506fb65175f38f4b6edff3ad5f2","operation":"open","revision":0,"product_version":"0.1.0-dev.0","commit":"local","runtime":"v0.1.0-dev.0 \u00B7 engine engine-replay-v3 \u00B7 protocol 19 \u00B7 save 4"}
ERROR: unused invitation at150: sidebar extends beyond the window: [P: (1694.5, 88.0), S: (235.0, 549.0)] / [P: (0.0, 0.0), S: (1920.0, 1080.0)]
   at: push_error (core/variant/variant_utility.cpp:1023)
   GDScript backtrace (most recent call first):
       [0] _fail (res://smoke/hosted_multiplayer_smoke_support.gd:162)
       [1] check (res://smoke/hosted_invitation_layout_checks.gd:21)
