  Determining projects to restore...
  All projects are up-to-date for restore.
  Marvel.Core -> /Users/michael/Source/marvel-lcg/src/Marvel.Core/bin/Debug/net8.0/Marvel.Core.dll
  Marvel.Rules -> /Users/michael/Source/marvel-lcg/src/Marvel.Rules/bin/Debug/net8.0/Marvel.Rules.dll
  Marvel.View -> /Users/michael/Source/marvel-lcg/src/Marvel.View/bin/Debug/net8.0/Marvel.View.dll
  Marvel.Decisions -> /Users/michael/Source/marvel-lcg/src/Marvel.Decisions/bin/Debug/net8.0/Marvel.Decisions.dll
  Marvel.Cards -> /Users/michael/Source/marvel-lcg/src/Marvel.Cards/bin/Debug/net8.0/Marvel.Cards.dll
  Marvel.Content -> /Users/michael/Source/marvel-lcg/src/Marvel.Content/bin/Debug/net8.0/Marvel.Content.dll
  Marvel.Session -> /Users/michael/Source/marvel-lcg/src/Marvel.Session/bin/Debug/net8.0/Marvel.Session.dll
  Marvel.Core -> /Users/michael/Source/marvel-lcg/src/Marvel.Core/bin/Debug/net8.0/Marvel.Core.dll
  Marvel.Rules -> /Users/michael/Source/marvel-lcg/src/Marvel.Rules/bin/Debug/net8.0/Marvel.Rules.dll
  Marvel.Server -> /Users/michael/Source/marvel-lcg/src/Marvel.Server/bin/embedded/Debug/net8.0/Marvel.Server.dll
  Marvel.Client -> /Users/michael/Source/marvel-lcg/src/Marvel.Client/bin/Debug/net8.0/Marvel.Client.dll
  Marvel.Godot -> /Users/michael/Source/marvel-lcg/src/Marvel.Godot/.godot/mono/temp/bin/Debug/Marvel.Godot.dll

Build succeeded.
    0 Warning(s)
    0 Error(s)

Time Elapsed 00:00:01.63
  Determining projects to restore...
  All projects are up-to-date for restore.
  Marvel.Core -> /Users/michael/Source/marvel-lcg/src/Marvel.Core/bin/Debug/net8.0/Marvel.Core.dll
  Marvel.Rules -> /Users/michael/Source/marvel-lcg/src/Marvel.Rules/bin/Debug/net8.0/Marvel.Rules.dll
  Marvel.Cards -> /Users/michael/Source/marvel-lcg/src/Marvel.Cards/bin/Debug/net8.0/Marvel.Cards.dll
  Marvel.Decisions -> /Users/michael/Source/marvel-lcg/src/Marvel.Decisions/bin/Debug/net8.0/Marvel.Decisions.dll
  Marvel.Session -> /Users/michael/Source/marvel-lcg/src/Marvel.Session/bin/Debug/net8.0/Marvel.Session.dll
  Marvel.Content -> /Users/michael/Source/marvel-lcg/src/Marvel.Content/bin/Debug/net8.0/Marvel.Content.dll
  Marvel.View -> /Users/michael/Source/marvel-lcg/src/Marvel.View/bin/Debug/net8.0/Marvel.View.dll
  Marvel.Server -> /Users/michael/Source/marvel-lcg/src/Marvel.Server/bin/Debug/net8.0/Marvel.Server.dll

Build succeeded.
    0 Warning(s)
    0 Error(s)

Time Elapsed 00:00:00.82
Godot Engine v4.7.1.stable.mono.official.a13da4feb - https://godotengine.org
OpenGL API 4.1 Metal - 91.7 - Compatibility - Using Device: Apple - Apple M2 Pro

HOSTED_MULTIPLAYER_SMOKE_RUNNER_READY
HOSTED_MULTIPLAYER_SMOKE_DRIVER_READY
{"event_id":"transport.exchange.completed","process":"Marvel.Godot","timestamp_utc":"2026-10-04T21:45:43.059202+00:00","process_id":710,"duration_milliseconds":186,"disposition":"accepted","request_id":"f95b8052473cca64dbb0973ec13df73f","game_id":"e3b0c44298fc1c149afbf4c8996fb924","operation":"setup","product_version":"0.1.0-dev.0","commit":"local","runtime":"v0.1.0-dev.0 \u00B7 engine engine-replay-v3 \u00B7 protocol 19 \u00B7 save 4"}
{"event_id":"transport.exchange.completed","process":"Marvel.Godot","timestamp_utc":"2026-10-04T21:45:43.157229+00:00","process_id":710,"duration_milliseconds":0,"disposition":"accepted","request_id":"91ec85885d5dce8c420579f1726997d9","game_id":"e3b0c44298fc1c149afbf4c8996fb924","operation":"setup","product_version":"0.1.0-dev.0","commit":"local","runtime":"v0.1.0-dev.0 \u00B7 engine engine-replay-v3 \u00B7 protocol 19 \u00B7 save 4"}
{"event_id":"transport.exchange.completed","process":"Marvel.Godot","timestamp_utc":"2026-10-04T21:45:43.342641+00:00","process_id":710,"duration_milliseconds":182,"disposition":"accepted","request_id":"f060b35488da1316cdcea8e787aadca4","game_id":"3b401506fb65175f38f4b6edff3ad5f2","operation":"open","revision":0,"product_version":"0.1.0-dev.0","commit":"local","runtime":"v0.1.0-dev.0 \u00B7 engine engine-replay-v3 \u00B7 protocol 19 \u00B7 save 4"}
INVITATION_MINIMUM /root/@SubViewport@65/Main/Margin/Shell/Content/Play/Prompt/Margin (203.0, 525.0)
INVITATION_MINIMUM /root/@SubViewport@65/Main/Margin/Shell/Content/Play/Prompt/Margin/Stack (203.0, 525.0)
INVITATION_MINIMUM /root/@SubViewport@65/Main/Margin/Shell/Content/Play/Prompt/Margin/Stack/Workbench (203.0, 362.0)
INVITATION_MINIMUM /root/@SubViewport@65/Main/Margin/Shell/Content/Play/Prompt/Margin/Stack/Workbench/History (203.0, 362.0)
INVITATION_MINIMUM /root/@SubViewport@65/Main/Margin/Shell/Content/Play/Prompt/Margin/Stack/Workbench/History/TableSidebar (203.0, 300.0)
INVITATION_MINIMUM /root/@SubViewport@65/Main/Margin/Shell/Content/Play/Prompt/Margin/Stack/Workbench/History/TableSidebar/CompleteChoiceSheet (203.0, 50.0)
ERROR: unused invitation at150: sidebar extends beyond the window: [P: (1694.5, 88.0), S: (235.0, 549.0)] / [P: (0.0, 0.0), S: (1920.0, 1080.0)]
   at: push_error (core/variant/variant_utility.cpp:1023)
   GDScript backtrace (most recent call first):
       [0] _fail (res://smoke/hosted_multiplayer_smoke_support.gd:162)
       [1] check (res://smoke/hosted_invitation_layout_checks.gd:21)
