  Marvel.Core -> /Users/michael/Source/marvel-lcg/src/Marvel.Core/bin/Release/net8.0/Marvel.Core.dll
  Marvel.Rules -> /Users/michael/Source/marvel-lcg/src/Marvel.Rules/bin/Release/net8.0/Marvel.Rules.dll
  Marvel.Content -> /Users/michael/Source/marvel-lcg/src/Marvel.Content/bin/Release/net8.0/Marvel.Content.dll
  Marvel.Cards -> /Users/michael/Source/marvel-lcg/src/Marvel.Cards/bin/Release/net8.0/Marvel.Cards.dll
  Marvel.Decisions -> /Users/michael/Source/marvel-lcg/src/Marvel.Decisions/bin/Release/net8.0/Marvel.Decisions.dll
  Marvel.Session -> /Users/michael/Source/marvel-lcg/src/Marvel.Session/bin/Release/net8.0/Marvel.Session.dll
  Marvel.View -> /Users/michael/Source/marvel-lcg/src/Marvel.View/bin/Release/net8.0/Marvel.View.dll
  Marvel.Core -> /Users/michael/Source/marvel-lcg/src/Marvel.Core/bin/Release/net8.0/Marvel.Core.dll
  Marvel.Rules -> /Users/michael/Source/marvel-lcg/src/Marvel.Rules/bin/Release/net8.0/Marvel.Rules.dll
  Marvel.Server -> /Users/michael/Source/marvel-lcg/src/Marvel.Server/bin/Release/net8.0/Marvel.Server.dll
  Marvel.Server -> /Users/michael/Source/marvel-lcg/src/Marvel.Server/bin/embedded/Release/net8.0/Marvel.Server.dll
  Marvel.Client -> /Users/michael/Source/marvel-lcg/src/Marvel.Client/bin/Release/net8.0/Marvel.Client.dll
  Marvel.Godot -> /Users/michael/Source/marvel-lcg/src/Marvel.Godot/.godot/mono/temp/bin/Release/Marvel.Godot.dll
  Marvel.Godot.Tests -> /Users/michael/Source/marvel-lcg/tests/Marvel.Godot.Tests/bin/Release/net8.0/Marvel.Godot.Tests.dll
Test run for /Users/michael/Source/marvel-lcg/tests/Marvel.Godot.Tests/bin/Release/net8.0/Marvel.Godot.Tests.dll (.NETCoreApp,Version=v8.0)
A total of 1 test files matched the specified pattern.
[xUnit.net 00:00:00.51]     Marvel.Godot.Tests.TaskCommitmentProjectionTests.AcceptanceNamesTheEngineOperationAndAffectedObject(commitment: "Discard Surveillance Team") [FAIL]
[xUnit.net 00:00:00.51]     Marvel.Godot.Tests.TaskCommitmentProjectionTests.AcceptanceNamesTheEngineOperationAndAffectedObject(commitment: "Attack Rhino") [FAIL]
  Failed Marvel.Godot.Tests.TaskCommitmentProjectionTests.AcceptanceNamesTheEngineOperationAndAffectedObject(commitment: "Discard Surveillance Team") [9 ms]
  Error Message:
   Assert.Equal() Failure: Strings differ
           ↓ (pos 0)
Expected: "Discard Surveillance Team"
Actual:   "Choose Rhino"
           ↑ (pos 0)
  Stack Trace:
     at Marvel.Godot.Tests.TaskCommitmentProjectionTests.AcceptanceNamesTheEngineOperationAndAffectedObject(String commitment) in /Users/michael/Source/marvel-lcg/tests/Marvel.Godot.Tests/TaskCommitmentProjectionTests.cs:line 64
   at System.RuntimeMethodHandle.InvokeMethod(Object target, Void** arguments, Signature sig, Boolean isConstructor)
   at System.Reflection.MethodBaseInvoker.InvokeDirectByRefWithFewArgs(Object obj, Span`1 copyOfArgs, BindingFlags invokeAttr)
  Failed Marvel.Godot.Tests.TaskCommitmentProjectionTests.AcceptanceNamesTheEngineOperationAndAffectedObject(commitment: "Attack Rhino") [< 1 ms]
  Error Message:
   Assert.Equal() Failure: Strings differ
           ↓ (pos 0)
Expected: "Attack Rhino"
Actual:   "Choose Rhino"
           ↑ (pos 0)
  Stack Trace:
     at Marvel.Godot.Tests.TaskCommitmentProjectionTests.AcceptanceNamesTheEngineOperationAndAffectedObject(String commitment) in /Users/michael/Source/marvel-lcg/tests/Marvel.Godot.Tests/TaskCommitmentProjectionTests.cs:line 64
   at InvokeStub_TaskCommitmentProjectionTests.AcceptanceNamesTheEngineOperationAndAffectedObject(Object, Span`1)
   at System.Reflection.MethodBaseInvoker.InvokeWithOneArg(Object obj, BindingFlags invokeAttr, Binder binder, Object[] parameters, CultureInfo culture)

Failed!  - Failed:     2, Passed:     0, Skipped:     0, Total:     2, Duration: 25 ms - Marvel.Godot.Tests.dll (net8.0)
