  Marvel.Core -> /Users/michael/Source/marvel-lcg/src/Marvel.Core/bin/Release/net8.0/Marvel.Core.dll
  Marvel.Rules -> /Users/michael/Source/marvel-lcg/src/Marvel.Rules/bin/Release/net8.0/Marvel.Rules.dll
  Marvel.Content -> /Users/michael/Source/marvel-lcg/src/Marvel.Content/bin/Release/net8.0/Marvel.Content.dll
  Marvel.Session -> /Users/michael/Source/marvel-lcg/src/Marvel.Session/bin/Release/net8.0/Marvel.Session.dll
  Marvel.Decisions -> /Users/michael/Source/marvel-lcg/src/Marvel.Decisions/bin/Release/net8.0/Marvel.Decisions.dll
  Marvel.View -> /Users/michael/Source/marvel-lcg/src/Marvel.View/bin/Release/net8.0/Marvel.View.dll
  Marvel.Cards -> /Users/michael/Source/marvel-lcg/src/Marvel.Cards/bin/Release/net8.0/Marvel.Cards.dll
  Marvel.Server -> /Users/michael/Source/marvel-lcg/src/Marvel.Server/bin/Release/net8.0/Marvel.Server.dll
  Marvel.Server.Tests -> /Users/michael/Source/marvel-lcg/tests/Marvel.Server.Tests/bin/Release/net8.0/Marvel.Server.Tests.dll
Test run for /Users/michael/Source/marvel-lcg/tests/Marvel.Server.Tests/bin/Release/net8.0/Marvel.Server.Tests.dll (.NETCoreApp,Version=v8.0)
A total of 1 test files matched the specified pattern.
[xUnit.net 00:00:00.53]     Marvel.Server.Tests.DeferredTargetTransportTests.BothTransportsAndViewPreserveTheEngineBoundaryWithoutInventingTargets(deferred: True) [FAIL]
[xUnit.net 00:00:00.54]     Marvel.Server.Tests.DeferredTargetTransportTests.BothTransportsAndViewPreserveTheEngineBoundaryWithoutInventingTargets(deferred: False) [FAIL]
  Failed Marvel.Server.Tests.DeferredTargetTransportTests.BothTransportsAndViewPreserveTheEngineBoundaryWithoutInventingTargets(deferred: True) [95 ms]
  Error Message:
   Assert.Equal() Failure: Strings differ
Expected: "Attack Rhino"
Actual:   null
  Stack Trace:
     at Marvel.Server.Tests.DeferredTargetTransportTests.BothTransportsAndViewPreserveTheEngineBoundaryWithoutInventingTargets(Boolean deferred) in /Users/michael/Source/marvel-lcg/tests/Marvel.Server.Tests/DeferredTargetTransportTests.cs:line 47
--- End of stack trace from previous location ---
  Failed Marvel.Server.Tests.DeferredTargetTransportTests.BothTransportsAndViewPreserveTheEngineBoundaryWithoutInventingTargets(deferred: False) [1 ms]
  Error Message:
   Assert.Equal() Failure: Strings differ
Expected: "Attack Rhino"
Actual:   null
  Stack Trace:
     at Marvel.Server.Tests.DeferredTargetTransportTests.BothTransportsAndViewPreserveTheEngineBoundaryWithoutInventingTargets(Boolean deferred) in /Users/michael/Source/marvel-lcg/tests/Marvel.Server.Tests/DeferredTargetTransportTests.cs:line 47
--- End of stack trace from previous location ---

Failed!  - Failed:     2, Passed:     0, Skipped:     0, Total:     2, Duration: 112 ms - Marvel.Server.Tests.dll (net8.0)
