  Marvel.Core -> /Users/michael/Source/marvel-lcg/src/Marvel.Core/bin/Release/net8.0/Marvel.Core.dll
  Marvel.Rules -> /Users/michael/Source/marvel-lcg/src/Marvel.Rules/bin/Release/net8.0/Marvel.Rules.dll
  Marvel.Content -> /Users/michael/Source/marvel-lcg/src/Marvel.Content/bin/Release/net8.0/Marvel.Content.dll
  Marvel.Cards -> /Users/michael/Source/marvel-lcg/src/Marvel.Cards/bin/Release/net8.0/Marvel.Cards.dll
  Marvel.Behavior.Run -> /Users/michael/Source/marvel-lcg/tools/Marvel.Behavior.Run/bin/Release/net8.0/Marvel.Behavior.Run.dll
  Marvel.Content.Tests -> /Users/michael/Source/marvel-lcg/tests/Marvel.Content.Tests/bin/Release/net8.0/Marvel.Content.Tests.dll
Test run for /Users/michael/Source/marvel-lcg/tests/Marvel.Content.Tests/bin/Release/net8.0/Marvel.Content.Tests.dll (.NETCoreApp,Version=v8.0)
A total of 1 test files matched the specified pattern.
[xUnit.net 00:00:01.08]     Marvel.Content.Tests.Play.CoreChoiceMeaningTests.HydraOptionsNameTheResolvingIdentityAndActualMainSchemeWithoutPromisingPlacement [FAIL]
  Failed Marvel.Content.Tests.Play.CoreChoiceMeaningTests.HydraOptionsNameTheResolvingIdentityAndActualMainSchemeWithoutPromisingPlacement [203 ms]
  Error Message:
   Assert.Equal() Failure: Strings differ
                ↓ (pos 5)
Expected: "Take 2 damage: Jennifer Walters"
Actual:   "Take 3 damage: Jennifer Walters"
                ↑ (pos 5)
  Stack Trace:
     at Marvel.Content.Tests.Play.CoreChoiceMeaningTests.HydraOptionsNameTheResolvingIdentityAndActualMainSchemeWithoutPromisingPlacement() in /Users/michael/Source/marvel-lcg/tests/Marvel.Content.Tests/Play/CoreChoiceMeaningTests.cs:line 27
   at System.RuntimeMethodHandle.InvokeMethod(Object target, Void** arguments, Signature sig, Boolean isConstructor)
   at System.Reflection.MethodBaseInvoker.InvokeWithNoArgs(Object obj, BindingFlags invokeAttr)

Failed!  - Failed:     1, Passed:     0, Skipped:     0, Total:     1, Duration: 215 ms - Marvel.Content.Tests.dll (net8.0)
