  Marvel.Core -> /Users/michael/Source/marvel-lcg/src/Marvel.Core/bin/Release/net8.0/Marvel.Core.dll
  Marvel.Rules -> /Users/michael/Source/marvel-lcg/src/Marvel.Rules/bin/Release/net8.0/Marvel.Rules.dll
  Marvel.Content -> /Users/michael/Source/marvel-lcg/src/Marvel.Content/bin/Release/net8.0/Marvel.Content.dll
  Marvel.Cards -> /Users/michael/Source/marvel-lcg/src/Marvel.Cards/bin/Release/net8.0/Marvel.Cards.dll
  Marvel.Behavior.Run -> /Users/michael/Source/marvel-lcg/tools/Marvel.Behavior.Run/bin/Release/net8.0/Marvel.Behavior.Run.dll
  Marvel.Content.Tests -> /Users/michael/Source/marvel-lcg/tests/Marvel.Content.Tests/bin/Release/net8.0/Marvel.Content.Tests.dll
Test run for /Users/michael/Source/marvel-lcg/tests/Marvel.Content.Tests/bin/Release/net8.0/Marvel.Content.Tests.dll (.NETCoreApp,Version=v8.0)
A total of 1 test files matched the specified pattern.
[xUnit.net 00:00:01.05]     Marvel.Content.Tests.Play.CoreAttackUncertaintyTests.OrdinaryMinionDefenseMentionsBoostsOnlyWhenOneActuallyWaits(supplied: False) [FAIL]
  Failed Marvel.Content.Tests.Play.CoreAttackUncertaintyTests.OrdinaryMinionDefenseMentionsBoostsOnlyWhenOneActuallyWaits(supplied: False) [192 ms]
  Error Message:
   Assert.All() Failure: 1 out of 1 items in the collection did not pass.
[0]: Item:  Affordance { Id = 1, Verb = Defense, AnchorId = 1, AnchorPlayer = 0, Label = Defense, Targets = , Costs = , Illegal = , Description = Exhaust Spider-Man. Reduce attack damage by DEF 3; this hero takes remaining damage. Boosts and later effects are unresolved., DisplayLabel = , CommitLabel = , CostDescription = , AnchorKind = Card, PlaysCard = False, DeferredTargetSelection = False, IsLegal = True, CostOptions = Marvel.Rules.Prompts.CostOption[] }
     Error: Assert.Equal() Failure: Values differ
            Expected: False
            Actual:   True
  Stack Trace:
     at Marvel.Content.Tests.Play.CoreAttackUncertaintyTests.OrdinaryMinionDefenseMentionsBoostsOnlyWhenOneActuallyWaits(Boolean supplied) in /Users/michael/Source/marvel-lcg/tests/Marvel.Content.Tests/Play/CoreAttackUncertaintyTests.cs:line 31
   at System.RuntimeMethodHandle.InvokeMethod(Object target, Void** arguments, Signature sig, Boolean isConstructor)
   at System.Reflection.MethodBaseInvoker.InvokeDirectByRefWithFewArgs(Object obj, Span`1 copyOfArgs, BindingFlags invokeAttr)

Failed!  - Failed:     1, Passed:     1, Skipped:     0, Total:     2, Duration: 219 ms - Marvel.Content.Tests.dll (net8.0)
