  Marvel.Core -> /Users/michael/Source/marvel-lcg/src/Marvel.Core/bin/Release/net8.0/Marvel.Core.dll
  Marvel.Rules -> /Users/michael/Source/marvel-lcg/src/Marvel.Rules/bin/Release/net8.0/Marvel.Rules.dll
  Marvel.Content -> /Users/michael/Source/marvel-lcg/src/Marvel.Content/bin/Release/net8.0/Marvel.Content.dll
  Marvel.Cards -> /Users/michael/Source/marvel-lcg/src/Marvel.Cards/bin/Release/net8.0/Marvel.Cards.dll
  Marvel.Behavior.Run -> /Users/michael/Source/marvel-lcg/tools/Marvel.Behavior.Run/bin/Release/net8.0/Marvel.Behavior.Run.dll
  Marvel.Content.Tests -> /Users/michael/Source/marvel-lcg/tests/Marvel.Content.Tests/bin/Release/net8.0/Marvel.Content.Tests.dll
Test run for /Users/michael/Source/marvel-lcg/tests/Marvel.Content.Tests/bin/Release/net8.0/Marvel.Content.Tests.dll (.NETCoreApp,Version=v8.0)
A total of 1 test files matched the specified pattern.
[xUnit.net 00:00:01.06]     Marvel.Content.Tests.Play.CoreChoiceMeaningTests.AChosenPlayerDrawExplainsEachRecipientAndDrawsOnlyForThatPlayer(mansion: True) [FAIL]
[xUnit.net 00:00:01.08]     Marvel.Content.Tests.Play.CoreChoiceMeaningTests.AChosenPlayerDrawExplainsEachRecipientAndDrawsOnlyForThatPlayer(mansion: False) [FAIL]
  Failed Marvel.Content.Tests.Play.CoreChoiceMeaningTests.AChosenPlayerDrawExplainsEachRecipientAndDrawsOnlyForThatPlayer(mansion: True) [212 ms]
  Error Message:
   Assert.Equal() Failure: Strings differ
           ↓ (pos 0)
Expected: "Spider-Man draws 1 card"
Actual:   "Captain Marvel draws 1 card"
           ↑ (pos 0)
  Stack Trace:
     at Marvel.Content.Tests.Play.CoreChoiceMeaningTests.AChosenPlayerDrawExplainsEachRecipientAndDrawsOnlyForThatPlayer(Boolean mansion) in /Users/michael/Source/marvel-lcg/tests/Marvel.Content.Tests/Play/CoreChoiceMeaningTests.cs:line 59
   at System.RuntimeMethodHandle.InvokeMethod(Object target, Void** arguments, Signature sig, Boolean isConstructor)
   at System.Reflection.MethodBaseInvoker.InvokeDirectByRefWithFewArgs(Object obj, Span`1 copyOfArgs, BindingFlags invokeAttr)
  Failed Marvel.Content.Tests.Play.CoreChoiceMeaningTests.AChosenPlayerDrawExplainsEachRecipientAndDrawsOnlyForThatPlayer(mansion: False) [14 ms]
  Error Message:
   Assert.Equal() Failure: Strings differ
           ↓ (pos 0)
Expected: "Spider-Man draws 1 card"
Actual:   "Captain Marvel draws 1 card"
           ↑ (pos 0)
  Stack Trace:
     at Marvel.Content.Tests.Play.CoreChoiceMeaningTests.AChosenPlayerDrawExplainsEachRecipientAndDrawsOnlyForThatPlayer(Boolean mansion) in /Users/michael/Source/marvel-lcg/tests/Marvel.Content.Tests/Play/CoreChoiceMeaningTests.cs:line 59
   at InvokeStub_CoreChoiceMeaningTests.AChosenPlayerDrawExplainsEachRecipientAndDrawsOnlyForThatPlayer(Object, Span`1)
   at System.Reflection.MethodBaseInvoker.InvokeWithOneArg(Object obj, BindingFlags invokeAttr, Binder binder, Object[] parameters, CultureInfo culture)

Failed!  - Failed:     2, Passed:     0, Skipped:     0, Total:     2, Duration: 240 ms - Marvel.Content.Tests.dll (net8.0)
