  Determining projects to restore...
  All projects are up-to-date for restore.
  Marvel.Core -> /Users/michael/Source/marvel-lcg/src/Marvel.Core/bin/Debug/net8.0/Marvel.Core.dll
  Marvel.Rules -> /Users/michael/Source/marvel-lcg/src/Marvel.Rules/bin/Debug/net8.0/Marvel.Rules.dll
  Marvel.View -> /Users/michael/Source/marvel-lcg/src/Marvel.View/bin/Debug/net8.0/Marvel.View.dll
  Marvel.Cards -> /Users/michael/Source/marvel-lcg/src/Marvel.Cards/bin/Debug/net8.0/Marvel.Cards.dll
  Marvel.Content -> /Users/michael/Source/marvel-lcg/src/Marvel.Content/bin/Debug/net8.0/Marvel.Content.dll
  Marvel.Decisions -> /Users/michael/Source/marvel-lcg/src/Marvel.Decisions/bin/Debug/net8.0/Marvel.Decisions.dll
  Marvel.Session -> /Users/michael/Source/marvel-lcg/src/Marvel.Session/bin/Debug/net8.0/Marvel.Session.dll
  Marvel.Core -> /Users/michael/Source/marvel-lcg/src/Marvel.Core/bin/Debug/net8.0/Marvel.Core.dll
  Marvel.Rules -> /Users/michael/Source/marvel-lcg/src/Marvel.Rules/bin/Debug/net8.0/Marvel.Rules.dll
  Marvel.Server -> /Users/michael/Source/marvel-lcg/src/Marvel.Server/bin/embedded/Debug/net8.0/Marvel.Server.dll
  Marvel.Client -> /Users/michael/Source/marvel-lcg/src/Marvel.Client/bin/Debug/net8.0/Marvel.Client.dll
  Marvel.Godot -> /Users/michael/Source/marvel-lcg/src/Marvel.Godot/.godot/mono/temp/bin/Debug/Marvel.Godot.dll

Build succeeded.
    0 Warning(s)
    0 Error(s)

Time Elapsed 00:00:00.94
  Determining projects to restore...
  All projects are up-to-date for restore.
  Marvel.Core -> /Users/michael/Source/marvel-lcg/src/Marvel.Core/bin/Debug/net8.0/Marvel.Core.dll
  Marvel.Rules -> /Users/michael/Source/marvel-lcg/src/Marvel.Rules/bin/Debug/net8.0/Marvel.Rules.dll
  Marvel.Cards -> /Users/michael/Source/marvel-lcg/src/Marvel.Cards/bin/Debug/net8.0/Marvel.Cards.dll
  Marvel.Content -> /Users/michael/Source/marvel-lcg/src/Marvel.Content/bin/Debug/net8.0/Marvel.Content.dll
  Marvel.Session -> /Users/michael/Source/marvel-lcg/src/Marvel.Session/bin/Debug/net8.0/Marvel.Session.dll
  Marvel.Decisions -> /Users/michael/Source/marvel-lcg/src/Marvel.Decisions/bin/Debug/net8.0/Marvel.Decisions.dll
  Marvel.View -> /Users/michael/Source/marvel-lcg/src/Marvel.View/bin/Debug/net8.0/Marvel.View.dll
  Marvel.Server -> /Users/michael/Source/marvel-lcg/src/Marvel.Server/bin/Debug/net8.0/Marvel.Server.dll

Build succeeded.
    0 Warning(s)
    0 Error(s)

Time Elapsed 00:00:00.74
Godot Engine v4.7.1.stable.mono.official.a13da4feb - https://godotengine.org
OpenGL API 4.1 Metal - 91.7 - Compatibility - Using Device: Apple - Apple M2 Pro

HOSTED_MULTIPLAYER_SMOKE_RUNNER_READY
HOSTED_MULTIPLAYER_SMOKE_DRIVER_READY
HOSTED_SETTLEMENT_OBSERVER_OK cases=4
{"event_id":"transport.exchange.completed","process":"Marvel.Godot","timestamp_utc":"2026-10-04T23:37:35.377652+00:00","process_id":18221,"duration_milliseconds":183,"disposition":"accepted","request_id":"d77aabdb781350e92613372428259d89","game_id":"e3b0c44298fc1c149afbf4c8996fb924","operation":"setup","product_version":"0.1.0-dev.0","commit":"local","runtime":"v0.1.0-dev.0 \u00B7 engine engine-replay-v3 \u00B7 protocol 19 \u00B7 save 4"}
{"event_id":"transport.exchange.completed","process":"Marvel.Godot","timestamp_utc":"2026-10-04T23:37:35.453871+00:00","process_id":18221,"duration_milliseconds":0,"disposition":"accepted","request_id":"1fb9f910b8a4a505b7f13cdc80a0b6ae","game_id":"e3b0c44298fc1c149afbf4c8996fb924","operation":"setup","product_version":"0.1.0-dev.0","commit":"local","runtime":"v0.1.0-dev.0 \u00B7 engine engine-replay-v3 \u00B7 protocol 19 \u00B7 save 4"}
{"event_id":"transport.exchange.completed","process":"Marvel.Godot","timestamp_utc":"2026-10-04T23:37:35.652548+00:00","process_id":18221,"duration_milliseconds":185,"disposition":"accepted","request_id":"5f66a4c8aa33a6afa8238a160afd7098","game_id":"3b401506fb65175f38f4b6edff3ad5f2","operation":"open","revision":0,"product_version":"0.1.0-dev.0","commit":"local","runtime":"v0.1.0-dev.0 \u00B7 engine engine-replay-v3 \u00B7 protocol 19 \u00B7 save 4"}
{"event_id":"transport.exchange.completed","process":"Marvel.Godot","timestamp_utc":"2026-10-04T23:37:35.880982+00:00","process_id":18221,"duration_milliseconds":1,"disposition":"accepted","request_id":"62cbdd0c3934043339d94eb96f20a6af","game_id":"e3b0c44298fc1c149afbf4c8996fb924","operation":"setup","product_version":"0.1.0-dev.0","commit":"local","runtime":"v0.1.0-dev.0 \u00B7 engine engine-replay-v3 \u00B7 protocol 19 \u00B7 save 4"}
{"event_id":"transport.exchange.completed","process":"Marvel.Godot","timestamp_utc":"2026-10-04T23:37:36.016758+00:00","process_id":18221,"duration_milliseconds":0,"disposition":"accepted","request_id":"f927ef515f539e13a5021bd02e74bc5a","game_id":"e3b0c44298fc1c149afbf4c8996fb924","operation":"setup","product_version":"0.1.0-dev.0","commit":"local","runtime":"v0.1.0-dev.0 \u00B7 engine engine-replay-v3 \u00B7 protocol 19 \u00B7 save 4"}
{"event_id":"transport.exchange.completed","process":"Marvel.Godot","timestamp_utc":"2026-10-04T23:37:36.068634+00:00","process_id":18221,"duration_milliseconds":48,"disposition":"accepted","request_id":"e9813b5bd9daa377c4a4bb88779b76cb","game_id":"3b401506fb65175f38f4b6edff3ad5f2","operation":"attach","revision":0,"product_version":"0.1.0-dev.0","commit":"local","runtime":"v0.1.0-dev.0 \u00B7 engine engine-replay-v3 \u00B7 protocol 19 \u00B7 save 4"}
{"event_id":"transport.exchange.completed","process":"Marvel.Godot","timestamp_utc":"2026-10-04T23:37:36.29629+00:00","process_id":18221,"duration_milliseconds":106,"disposition":"accepted","request_id":"970694c7f927f1950772f4cc0b064418","game_id":"3b401506fb65175f38f4b6edff3ad5f2","operation":"resolve","revision":1,"product_version":"0.1.0-dev.0","commit":"local","runtime":"v0.1.0-dev.0 \u00B7 engine engine-replay-v3 \u00B7 protocol 19 \u00B7 save 4","expected_revision":0}
{"event_id":"transport.exchange.completed","process":"Marvel.Godot","timestamp_utc":"2026-10-04T23:37:36.440358+00:00","process_id":18221,"duration_milliseconds":40,"disposition":"accepted","request_id":"cee200218af96b60001b81bc56e89414","game_id":"3b401506fb65175f38f4b6edff3ad5f2","operation":"sync","revision":1,"product_version":"0.1.0-dev.0","commit":"local","runtime":"v0.1.0-dev.0 \u00B7 engine engine-replay-v3 \u00B7 protocol 19 \u00B7 save 4"}
{"event_id":"transport.exchange.completed","process":"Marvel.Godot","timestamp_utc":"2026-10-04T23:37:36.664316+00:00","process_id":18221,"duration_milliseconds":109,"disposition":"accepted","request_id":"16ce88c3f80670ca6e4a1c0d18671114","game_id":"3b401506fb65175f38f4b6edff3ad5f2","operation":"resolve","revision":2,"product_version":"0.1.0-dev.0","commit":"local","runtime":"v0.1.0-dev.0 \u00B7 engine engine-replay-v3 \u00B7 protocol 19 \u00B7 save 4","expected_revision":1}
{"event_id":"transport.exchange.completed","process":"Marvel.Godot","timestamp_utc":"2026-10-04T23:37:36.820461+00:00","process_id":18221,"duration_milliseconds":39,"disposition":"accepted","request_id":"9431d8f088688a12acd7a31b4e33fc97","game_id":"3b401506fb65175f38f4b6edff3ad5f2","operation":"sync","revision":2,"product_version":"0.1.0-dev.0","commit":"local","runtime":"v0.1.0-dev.0 \u00B7 engine engine-replay-v3 \u00B7 protocol 19 \u00B7 save 4"}
{"event_id":"transport.exchange.completed","process":"Marvel.Godot","timestamp_utc":"2026-10-04T23:37:37.01788+00:00","process_id":18221,"duration_milliseconds":76,"disposition":"accepted","request_id":"08c5b2321c2975eeac251e3e06a9fe2a","game_id":"3b401506fb65175f38f4b6edff3ad5f2","operation":"resolve","revision":3,"product_version":"0.1.0-dev.0","commit":"local","runtime":"v0.1.0-dev.0 \u00B7 engine engine-replay-v3 \u00B7 protocol 19 \u00B7 save 4","expected_revision":2}
{"event_id":"transport.exchange.completed","process":"Marvel.Godot","timestamp_utc":"2026-10-04T23:37:37.147296+00:00","process_id":18221,"duration_milliseconds":36,"disposition":"accepted","request_id":"c6755315e0c886c539697b632fcba1be","game_id":"3b401506fb65175f38f4b6edff3ad5f2","operation":"sync","revision":3,"product_version":"0.1.0-dev.0","commit":"local","runtime":"v0.1.0-dev.0 \u00B7 engine engine-replay-v3 \u00B7 protocol 19 \u00B7 save 4"}
{"event_id":"transport.exchange.completed","process":"Marvel.Godot","timestamp_utc":"2026-10-04T23:37:37.326435+00:00","process_id":18221,"duration_milliseconds":56,"disposition":"accepted","request_id":"195b8ac47e7a14040f51b0aad5ed056e","game_id":"3b401506fb65175f38f4b6edff3ad5f2","operation":"resolve","revision":4,"product_version":"0.1.0-dev.0","commit":"local","runtime":"v0.1.0-dev.0 \u00B7 engine engine-replay-v3 \u00B7 protocol 19 \u00B7 save 4","expected_revision":3}
{"event_id":"transport.exchange.completed","process":"Marvel.Godot","timestamp_utc":"2026-10-04T23:37:37.430722+00:00","process_id":18221,"duration_milliseconds":23,"disposition":"accepted","request_id":"aa4bb31568a63c07990a167c7d2bfbeb","game_id":"3b401506fb65175f38f4b6edff3ad5f2","operation":"sync","revision":4,"product_version":"0.1.0-dev.0","commit":"local","runtime":"v0.1.0-dev.0 \u00B7 engine engine-replay-v3 \u00B7 protocol 19 \u00B7 save 4"}
{"event_id":"transport.exchange.completed","process":"Marvel.Godot","timestamp_utc":"2026-10-04T23:37:37.60282+00:00","process_id":18221,"duration_milliseconds":52,"disposition":"accepted","request_id":"dc57cf9bf6c11d59e4d66c4295fdd1c6","game_id":"3b401506fb65175f38f4b6edff3ad5f2","operation":"resolve","revision":5,"product_version":"0.1.0-dev.0","commit":"local","runtime":"v0.1.0-dev.0 \u00B7 engine engine-replay-v3 \u00B7 protocol 19 \u00B7 save 4","expected_revision":4}
{"event_id":"transport.exchange.completed","process":"Marvel.Godot","timestamp_utc":"2026-10-04T23:37:37.697834+00:00","process_id":18221,"duration_milliseconds":19,"disposition":"accepted","request_id":"ccabd1055e809aeecfbfbbdc2ff6b9bc","game_id":"3b401506fb65175f38f4b6edff3ad5f2","operation":"sync","revision":5,"product_version":"0.1.0-dev.0","commit":"local","runtime":"v0.1.0-dev.0 \u00B7 engine engine-replay-v3 \u00B7 protocol 19 \u00B7 save 4"}
{"event_id":"transport.exchange.completed","process":"Marvel.Godot","timestamp_utc":"2026-10-04T23:37:37.962297+00:00","process_id":18221,"duration_milliseconds":142,"disposition":"accepted","request_id":"b4d07290e111e6a840d88ed0eb9c4cf2","game_id":"3b401506fb65175f38f4b6edff3ad5f2","operation":"resolve","revision":6,"product_version":"0.1.0-dev.0","commit":"local","runtime":"v0.1.0-dev.0 \u00B7 engine engine-replay-v3 \u00B7 protocol 19 \u00B7 save 4","expected_revision":5}
{"event_id":"transport.exchange.completed","process":"Marvel.Godot","timestamp_utc":"2026-10-04T23:37:38.119773+00:00","process_id":18221,"duration_milliseconds":25,"disposition":"accepted","request_id":"3fd5719135e730a49eda63e7c501e404","game_id":"3b401506fb65175f38f4b6edff3ad5f2","operation":"sync","revision":6,"product_version":"0.1.0-dev.0","commit":"local","runtime":"v0.1.0-dev.0 \u00B7 engine engine-replay-v3 \u00B7 protocol 19 \u00B7 save 4"}
{"event_id":"transport.exchange.completed","process":"Marvel.Godot","timestamp_utc":"2026-10-04T23:37:49.611025+00:00","process_id":18221,"duration_milliseconds":69,"disposition":"accepted","request_id":"57e2fefac99ad258f305b6498c9f31fd","game_id":"3b401506fb65175f38f4b6edff3ad5f2","operation":"resolve","revision":7,"product_version":"0.1.0-dev.0","commit":"local","runtime":"v0.1.0-dev.0 \u00B7 engine engine-replay-v3 \u00B7 protocol 19 \u00B7 save 4","expected_revision":6}
{"event_id":"transport.exchange.completed","process":"Marvel.Godot","timestamp_utc":"2026-10-04T23:37:49.731559+00:00","process_id":18221,"duration_milliseconds":24,"disposition":"accepted","request_id":"897b528962421dda4703169e7ecba7c0","game_id":"3b401506fb65175f38f4b6edff3ad5f2","operation":"sync","revision":7,"product_version":"0.1.0-dev.0","commit":"local","runtime":"v0.1.0-dev.0 \u00B7 engine engine-replay-v3 \u00B7 protocol 19 \u00B7 save 4"}
{"event_id":"transport.exchange.completed","process":"Marvel.Godot","timestamp_utc":"2026-10-04T23:37:49.898983+00:00","process_id":18221,"duration_milliseconds":53,"disposition":"accepted","request_id":"d9ec860e78b976571b22a042d896023e","game_id":"3b401506fb65175f38f4b6edff3ad5f2","operation":"resolve","revision":8,"product_version":"0.1.0-dev.0","commit":"local","runtime":"v0.1.0-dev.0 \u00B7 engine engine-replay-v3 \u00B7 protocol 19 \u00B7 save 4","expected_revision":7}
{"event_id":"transport.exchange.completed","process":"Marvel.Godot","timestamp_utc":"2026-10-04T23:37:50.007052+00:00","process_id":18221,"duration_milliseconds":25,"disposition":"accepted","request_id":"385c8dacaf6b9976fe996e71dd069ae6","game_id":"3b401506fb65175f38f4b6edff3ad5f2","operation":"sync","revision":8,"product_version":"0.1.0-dev.0","commit":"local","runtime":"v0.1.0-dev.0 \u00B7 engine engine-replay-v3 \u00B7 protocol 19 \u00B7 save 4"}
{"event_id":"transport.exchange.completed","process":"Marvel.Godot","timestamp_utc":"2026-10-04T23:37:50.203908+00:00","process_id":18221,"duration_milliseconds":57,"disposition":"accepted","request_id":"155a048894708c539b9573778b4c3a0c","game_id":"3b401506fb65175f38f4b6edff3ad5f2","operation":"resolve","revision":9,"product_version":"0.1.0-dev.0","commit":"local","runtime":"v0.1.0-dev.0 \u00B7 engine engine-replay-v3 \u00B7 protocol 19 \u00B7 save 4","expected_revision":8}
{"event_id":"transport.exchange.completed","process":"Marvel.Godot","timestamp_utc":"2026-10-04T23:37:50.327338+00:00","process_id":18221,"duration_milliseconds":28,"disposition":"accepted","request_id":"efc99d092b50767a27b39363234abc8e","game_id":"3b401506fb65175f38f4b6edff3ad5f2","operation":"sync","revision":9,"product_version":"0.1.0-dev.0","commit":"local","runtime":"v0.1.0-dev.0 \u00B7 engine engine-replay-v3 \u00B7 protocol 19 \u00B7 save 4"}
{"event_id":"transport.exchange.completed","process":"Marvel.Godot","timestamp_utc":"2026-10-04T23:37:50.507784+00:00","process_id":18221,"duration_milliseconds":63,"disposition":"accepted","request_id":"11abb56511d901fe0d976a5139e2d443","game_id":"3b401506fb65175f38f4b6edff3ad5f2","operation":"resolve","revision":10,"product_version":"0.1.0-dev.0","commit":"local","runtime":"v0.1.0-dev.0 \u00B7 engine engine-replay-v3 \u00B7 protocol 19 \u00B7 save 4","expected_revision":9}
{"event_id":"transport.exchange.completed","process":"Marvel.Godot","timestamp_utc":"2026-10-04T23:37:50.637923+00:00","process_id":18221,"duration_milliseconds":30,"disposition":"accepted","request_id":"9542160d1654e7705142790a12bdc5ec","game_id":"3b401506fb65175f38f4b6edff3ad5f2","operation":"sync","revision":10,"product_version":"0.1.0-dev.0","commit":"local","runtime":"v0.1.0-dev.0 \u00B7 engine engine-replay-v3 \u00B7 protocol 19 \u00B7 save 4"}
HOSTED_MULTIPLAYER_SMOKE_OK decisions=10
