  Determining projects to restore...
  All projects are up-to-date for restore.
  Marvel.Core -> /Users/michael/Source/marvel-lcg/src/Marvel.Core/bin/Debug/net8.0/Marvel.Core.dll
  Marvel.Rules -> /Users/michael/Source/marvel-lcg/src/Marvel.Rules/bin/Debug/net8.0/Marvel.Rules.dll
  Marvel.View -> /Users/michael/Source/marvel-lcg/src/Marvel.View/bin/Debug/net8.0/Marvel.View.dll
  Marvel.Decisions -> /Users/michael/Source/marvel-lcg/src/Marvel.Decisions/bin/Debug/net8.0/Marvel.Decisions.dll
  Marvel.Cards -> /Users/michael/Source/marvel-lcg/src/Marvel.Cards/bin/Debug/net8.0/Marvel.Cards.dll
  Marvel.Content -> /Users/michael/Source/marvel-lcg/src/Marvel.Content/bin/Debug/net8.0/Marvel.Content.dll
  Marvel.Session -> /Users/michael/Source/marvel-lcg/src/Marvel.Session/bin/Debug/net8.0/Marvel.Session.dll
  Marvel.Core -> /Users/michael/Source/marvel-lcg/src/Marvel.Core/bin/Debug/net8.0/Marvel.Core.dll
  Marvel.Rules -> /Users/michael/Source/marvel-lcg/src/Marvel.Rules/bin/Debug/net8.0/Marvel.Rules.dll
  Marvel.Server -> /Users/michael/Source/marvel-lcg/src/Marvel.Server/bin/embedded/Debug/net8.0/Marvel.Server.dll
  Marvel.Client -> /Users/michael/Source/marvel-lcg/src/Marvel.Client/bin/Debug/net8.0/Marvel.Client.dll
  Marvel.Godot -> /Users/michael/Source/marvel-lcg/src/Marvel.Godot/.godot/mono/temp/bin/Debug/Marvel.Godot.dll

Build succeeded.
    0 Warning(s)
    0 Error(s)

Time Elapsed 00:00:01.73
  Determining projects to restore...
  All projects are up-to-date for restore.
  Marvel.Core -> /Users/michael/Source/marvel-lcg/src/Marvel.Core/bin/Debug/net8.0/Marvel.Core.dll
  Marvel.Rules -> /Users/michael/Source/marvel-lcg/src/Marvel.Rules/bin/Debug/net8.0/Marvel.Rules.dll
  Marvel.Cards -> /Users/michael/Source/marvel-lcg/src/Marvel.Cards/bin/Debug/net8.0/Marvel.Cards.dll
  Marvel.Content -> /Users/michael/Source/marvel-lcg/src/Marvel.Content/bin/Debug/net8.0/Marvel.Content.dll
  Marvel.Decisions -> /Users/michael/Source/marvel-lcg/src/Marvel.Decisions/bin/Debug/net8.0/Marvel.Decisions.dll
  Marvel.Session -> /Users/michael/Source/marvel-lcg/src/Marvel.Session/bin/Debug/net8.0/Marvel.Session.dll
  Marvel.View -> /Users/michael/Source/marvel-lcg/src/Marvel.View/bin/Debug/net8.0/Marvel.View.dll
  Marvel.Server -> /Users/michael/Source/marvel-lcg/src/Marvel.Server/bin/Debug/net8.0/Marvel.Server.dll

Build succeeded.
    0 Warning(s)
    0 Error(s)

Time Elapsed 00:00:00.86
Godot Engine v4.7.1.stable.mono.official.a13da4feb - https://godotengine.org
OpenGL API 4.1 Metal - 91.7 - Compatibility - Using Device: Apple - Apple M2 Pro

HOSTED_MULTIPLAYER_SMOKE_RUNNER_READY
HOSTED_MULTIPLAYER_SMOKE_DRIVER_READY
HOSTED_SETTLEMENT_OBSERVER_OK cases=4
{"event_id":"transport.exchange.completed","process":"Marvel.Godot","timestamp_utc":"2026-10-04T22:56:32.412765+00:00","process_id":11308,"duration_milliseconds":184,"disposition":"accepted","request_id":"b0203bb0aaa19483989fb472360922c8","game_id":"e3b0c44298fc1c149afbf4c8996fb924","operation":"setup","product_version":"0.1.0-dev.0","commit":"local","runtime":"v0.1.0-dev.0 \u00B7 engine engine-replay-v3 \u00B7 protocol 19 \u00B7 save 4"}
{"event_id":"transport.exchange.completed","process":"Marvel.Godot","timestamp_utc":"2026-10-04T22:56:32.504072+00:00","process_id":11308,"duration_milliseconds":1,"disposition":"accepted","request_id":"1137f9a62a519ddf358b932ea4446f66","game_id":"e3b0c44298fc1c149afbf4c8996fb924","operation":"setup","product_version":"0.1.0-dev.0","commit":"local","runtime":"v0.1.0-dev.0 \u00B7 engine engine-replay-v3 \u00B7 protocol 19 \u00B7 save 4"}
{"event_id":"transport.exchange.completed","process":"Marvel.Godot","timestamp_utc":"2026-10-04T22:56:32.699639+00:00","process_id":11308,"duration_milliseconds":181,"disposition":"accepted","request_id":"868b5c95a7c3eecff8cda8e0fcb654bb","game_id":"3b401506fb65175f38f4b6edff3ad5f2","operation":"open","revision":0,"product_version":"0.1.0-dev.0","commit":"local","runtime":"v0.1.0-dev.0 \u00B7 engine engine-replay-v3 \u00B7 protocol 19 \u00B7 save 4"}
{"event_id":"transport.exchange.completed","process":"Marvel.Godot","timestamp_utc":"2026-10-04T22:56:32.927709+00:00","process_id":11308,"duration_milliseconds":1,"disposition":"accepted","request_id":"d5efe4e5cd0ea1e128ddfdc90476a56d","game_id":"e3b0c44298fc1c149afbf4c8996fb924","operation":"setup","product_version":"0.1.0-dev.0","commit":"local","runtime":"v0.1.0-dev.0 \u00B7 engine engine-replay-v3 \u00B7 protocol 19 \u00B7 save 4"}
{"event_id":"transport.exchange.completed","process":"Marvel.Godot","timestamp_utc":"2026-10-04T22:56:33.051976+00:00","process_id":11308,"duration_milliseconds":0,"disposition":"accepted","request_id":"cddc8299f5d0f1f3dcab0fd6bef32808","game_id":"e3b0c44298fc1c149afbf4c8996fb924","operation":"setup","product_version":"0.1.0-dev.0","commit":"local","runtime":"v0.1.0-dev.0 \u00B7 engine engine-replay-v3 \u00B7 protocol 19 \u00B7 save 4"}
{"event_id":"transport.exchange.completed","process":"Marvel.Godot","timestamp_utc":"2026-10-04T22:56:33.116172+00:00","process_id":11308,"duration_milliseconds":50,"disposition":"accepted","request_id":"c3a923b676ede74d6a709d137c95e28f","game_id":"3b401506fb65175f38f4b6edff3ad5f2","operation":"attach","revision":0,"product_version":"0.1.0-dev.0","commit":"local","runtime":"v0.1.0-dev.0 \u00B7 engine engine-replay-v3 \u00B7 protocol 19 \u00B7 save 4"}
{"event_id":"transport.exchange.completed","process":"Marvel.Godot","timestamp_utc":"2026-10-04T22:56:33.315744+00:00","process_id":11308,"duration_milliseconds":98,"disposition":"accepted","request_id":"8cd51d5b4ed30a941efece11612821de","game_id":"3b401506fb65175f38f4b6edff3ad5f2","operation":"resolve","revision":1,"product_version":"0.1.0-dev.0","commit":"local","runtime":"v0.1.0-dev.0 \u00B7 engine engine-replay-v3 \u00B7 protocol 19 \u00B7 save 4","expected_revision":0}
{"event_id":"transport.exchange.completed","process":"Marvel.Godot","timestamp_utc":"2026-10-04T22:56:33.461+00:00","process_id":11308,"duration_milliseconds":35,"disposition":"accepted","request_id":"b14b7a2f5f0dfdc08410a696c7de94a3","game_id":"3b401506fb65175f38f4b6edff3ad5f2","operation":"sync","revision":1,"product_version":"0.1.0-dev.0","commit":"local","runtime":"v0.1.0-dev.0 \u00B7 engine engine-replay-v3 \u00B7 protocol 19 \u00B7 save 4"}
{"event_id":"transport.exchange.completed","process":"Marvel.Godot","timestamp_utc":"2026-10-04T22:56:33.672628+00:00","process_id":11308,"duration_milliseconds":88,"disposition":"accepted","request_id":"447e888dcecff25480a5a9ffad43865e","game_id":"3b401506fb65175f38f4b6edff3ad5f2","operation":"resolve","revision":2,"product_version":"0.1.0-dev.0","commit":"local","runtime":"v0.1.0-dev.0 \u00B7 engine engine-replay-v3 \u00B7 protocol 19 \u00B7 save 4","expected_revision":1}
{"event_id":"transport.exchange.completed","process":"Marvel.Godot","timestamp_utc":"2026-10-04T22:56:33.814273+00:00","process_id":11308,"duration_milliseconds":29,"disposition":"accepted","request_id":"349c3bd50d6d5c5cd5dfc2ea2e350d22","game_id":"3b401506fb65175f38f4b6edff3ad5f2","operation":"sync","revision":2,"product_version":"0.1.0-dev.0","commit":"local","runtime":"v0.1.0-dev.0 \u00B7 engine engine-replay-v3 \u00B7 protocol 19 \u00B7 save 4"}
{"event_id":"transport.exchange.completed","process":"Marvel.Godot","timestamp_utc":"2026-10-04T22:56:33.996314+00:00","process_id":11308,"duration_milliseconds":57,"disposition":"accepted","request_id":"70d92ff469e64e8b98150d548efb1a5c","game_id":"3b401506fb65175f38f4b6edff3ad5f2","operation":"resolve","revision":3,"product_version":"0.1.0-dev.0","commit":"local","runtime":"v0.1.0-dev.0 \u00B7 engine engine-replay-v3 \u00B7 protocol 19 \u00B7 save 4","expected_revision":2}
{"event_id":"transport.exchange.completed","process":"Marvel.Godot","timestamp_utc":"2026-10-04T22:56:34.112422+00:00","process_id":11308,"duration_milliseconds":26,"disposition":"accepted","request_id":"457e2fc5c9bf3ad30d0f1c19fe5bc289","game_id":"3b401506fb65175f38f4b6edff3ad5f2","operation":"sync","revision":3,"product_version":"0.1.0-dev.0","commit":"local","runtime":"v0.1.0-dev.0 \u00B7 engine engine-replay-v3 \u00B7 protocol 19 \u00B7 save 4"}
{"event_id":"transport.exchange.completed","process":"Marvel.Godot","timestamp_utc":"2026-10-04T22:56:34.273047+00:00","process_id":11308,"duration_milliseconds":51,"disposition":"accepted","request_id":"519cfe9f5efc5c557a8c2e876f076c98","game_id":"3b401506fb65175f38f4b6edff3ad5f2","operation":"resolve","revision":4,"product_version":"0.1.0-dev.0","commit":"local","runtime":"v0.1.0-dev.0 \u00B7 engine engine-replay-v3 \u00B7 protocol 19 \u00B7 save 4","expected_revision":3}
{"event_id":"transport.exchange.completed","process":"Marvel.Godot","timestamp_utc":"2026-10-04T22:56:34.378449+00:00","process_id":11308,"duration_milliseconds":21,"disposition":"accepted","request_id":"184b20427532fed5fbc538d3838711b8","game_id":"3b401506fb65175f38f4b6edff3ad5f2","operation":"sync","revision":4,"product_version":"0.1.0-dev.0","commit":"local","runtime":"v0.1.0-dev.0 \u00B7 engine engine-replay-v3 \u00B7 protocol 19 \u00B7 save 4"}
{"event_id":"transport.exchange.completed","process":"Marvel.Godot","timestamp_utc":"2026-10-04T22:56:34.573635+00:00","process_id":11308,"duration_milliseconds":49,"disposition":"accepted","request_id":"f377d45e21fa345c0158ae507670319f","game_id":"3b401506fb65175f38f4b6edff3ad5f2","operation":"resolve","revision":5,"product_version":"0.1.0-dev.0","commit":"local","runtime":"v0.1.0-dev.0 \u00B7 engine engine-replay-v3 \u00B7 protocol 19 \u00B7 save 4","expected_revision":4}
{"event_id":"transport.exchange.completed","process":"Marvel.Godot","timestamp_utc":"2026-10-04T22:56:34.679646+00:00","process_id":11308,"duration_milliseconds":19,"disposition":"accepted","request_id":"17dd3be1f579ab18865704d138a01bfa","game_id":"3b401506fb65175f38f4b6edff3ad5f2","operation":"sync","revision":5,"product_version":"0.1.0-dev.0","commit":"local","runtime":"v0.1.0-dev.0 \u00B7 engine engine-replay-v3 \u00B7 protocol 19 \u00B7 save 4"}
{"event_id":"transport.exchange.completed","process":"Marvel.Godot","timestamp_utc":"2026-10-04T22:56:34.967134+00:00","process_id":11308,"duration_milliseconds":149,"disposition":"accepted","request_id":"4ae6415ec822e8b1a106c1285f7916a6","game_id":"3b401506fb65175f38f4b6edff3ad5f2","operation":"resolve","revision":6,"product_version":"0.1.0-dev.0","commit":"local","runtime":"v0.1.0-dev.0 \u00B7 engine engine-replay-v3 \u00B7 protocol 19 \u00B7 save 4","expected_revision":5}
{"event_id":"transport.exchange.completed","process":"Marvel.Godot","timestamp_utc":"2026-10-04T22:56:35.127022+00:00","process_id":11308,"duration_milliseconds":27,"disposition":"accepted","request_id":"1b06df02e3e8d87027dd3aca98361ab9","game_id":"3b401506fb65175f38f4b6edff3ad5f2","operation":"sync","revision":6,"product_version":"0.1.0-dev.0","commit":"local","runtime":"v0.1.0-dev.0 \u00B7 engine engine-replay-v3 \u00B7 protocol 19 \u00B7 save 4"}
{"event_id":"transport.exchange.completed","process":"Marvel.Godot","timestamp_utc":"2026-10-04T22:56:46.634677+00:00","process_id":11308,"duration_milliseconds":84,"disposition":"accepted","request_id":"9fe6fa9721cd331079714e11016ec903","game_id":"3b401506fb65175f38f4b6edff3ad5f2","operation":"resolve","revision":7,"product_version":"0.1.0-dev.0","commit":"local","runtime":"v0.1.0-dev.0 \u00B7 engine engine-replay-v3 \u00B7 protocol 19 \u00B7 save 4","expected_revision":6}
{"event_id":"transport.exchange.completed","process":"Marvel.Godot","timestamp_utc":"2026-10-04T22:56:46.777202+00:00","process_id":11308,"duration_milliseconds":29,"disposition":"accepted","request_id":"b1cd46882aeb337ffded511b8ad75a07","game_id":"3b401506fb65175f38f4b6edff3ad5f2","operation":"sync","revision":7,"product_version":"0.1.0-dev.0","commit":"local","runtime":"v0.1.0-dev.0 \u00B7 engine engine-replay-v3 \u00B7 protocol 19 \u00B7 save 4"}
{"event_id":"transport.exchange.completed","process":"Marvel.Godot","timestamp_utc":"2026-10-04T22:56:46.953772+00:00","process_id":11308,"duration_milliseconds":58,"disposition":"accepted","request_id":"883430e76cef17e9cfa8ac1dcfee4593","game_id":"3b401506fb65175f38f4b6edff3ad5f2","operation":"resolve","revision":8,"product_version":"0.1.0-dev.0","commit":"local","runtime":"v0.1.0-dev.0 \u00B7 engine engine-replay-v3 \u00B7 protocol 19 \u00B7 save 4","expected_revision":7}
{"event_id":"transport.exchange.completed","process":"Marvel.Godot","timestamp_utc":"2026-10-04T22:56:47.073073+00:00","process_id":11308,"duration_milliseconds":28,"disposition":"accepted","request_id":"148dc544654fa1484d3ae2c1f3d77bd6","game_id":"3b401506fb65175f38f4b6edff3ad5f2","operation":"sync","revision":8,"product_version":"0.1.0-dev.0","commit":"local","runtime":"v0.1.0-dev.0 \u00B7 engine engine-replay-v3 \u00B7 protocol 19 \u00B7 save 4"}
{"event_id":"transport.exchange.completed","process":"Marvel.Godot","timestamp_utc":"2026-10-04T22:56:47.262666+00:00","process_id":11308,"duration_milliseconds":61,"disposition":"accepted","request_id":"95c8dc1715a991be2fd4e1d167c3f8e8","game_id":"3b401506fb65175f38f4b6edff3ad5f2","operation":"resolve","revision":9,"product_version":"0.1.0-dev.0","commit":"local","runtime":"v0.1.0-dev.0 \u00B7 engine engine-replay-v3 \u00B7 protocol 19 \u00B7 save 4","expected_revision":8}
{"event_id":"transport.exchange.completed","process":"Marvel.Godot","timestamp_utc":"2026-10-04T22:56:47.388358+00:00","process_id":11308,"duration_milliseconds":31,"disposition":"accepted","request_id":"14421c29fa936391ac8e2d72bceec831","game_id":"3b401506fb65175f38f4b6edff3ad5f2","operation":"sync","revision":9,"product_version":"0.1.0-dev.0","commit":"local","runtime":"v0.1.0-dev.0 \u00B7 engine engine-replay-v3 \u00B7 protocol 19 \u00B7 save 4"}
{"event_id":"transport.exchange.completed","process":"Marvel.Godot","timestamp_utc":"2026-10-04T22:56:47.584042+00:00","process_id":11308,"duration_milliseconds":66,"disposition":"accepted","request_id":"4614d8bbc1a853f0e8b62843ff0d423e","game_id":"3b401506fb65175f38f4b6edff3ad5f2","operation":"resolve","revision":10,"product_version":"0.1.0-dev.0","commit":"local","runtime":"v0.1.0-dev.0 \u00B7 engine engine-replay-v3 \u00B7 protocol 19 \u00B7 save 4","expected_revision":9}
{"event_id":"transport.exchange.completed","process":"Marvel.Godot","timestamp_utc":"2026-10-04T22:56:47.724449+00:00","process_id":11308,"duration_milliseconds":31,"disposition":"accepted","request_id":"d7c1f9970ea751fdb7eee631d6166335","game_id":"3b401506fb65175f38f4b6edff3ad5f2","operation":"sync","revision":10,"product_version":"0.1.0-dev.0","commit":"local","runtime":"v0.1.0-dev.0 \u00B7 engine engine-replay-v3 \u00B7 protocol 19 \u00B7 save 4"}
HOSTED_MULTIPLAYER_SMOKE_OK decisions=10
