  Determining projects to restore...
  All projects are up-to-date for restore.
  Marvel.Core -> /Users/michael/Source/marvel-lcg/src/Marvel.Core/bin/Debug/net8.0/Marvel.Core.dll
  Marvel.Rules -> /Users/michael/Source/marvel-lcg/src/Marvel.Rules/bin/Debug/net8.0/Marvel.Rules.dll
  Marvel.Decisions -> /Users/michael/Source/marvel-lcg/src/Marvel.Decisions/bin/Debug/net8.0/Marvel.Decisions.dll
  Marvel.View -> /Users/michael/Source/marvel-lcg/src/Marvel.View/bin/Debug/net8.0/Marvel.View.dll
  Marvel.Cards -> /Users/michael/Source/marvel-lcg/src/Marvel.Cards/bin/Debug/net8.0/Marvel.Cards.dll
  Marvel.Content -> /Users/michael/Source/marvel-lcg/src/Marvel.Content/bin/Debug/net8.0/Marvel.Content.dll
  Marvel.Session -> /Users/michael/Source/marvel-lcg/src/Marvel.Session/bin/Debug/net8.0/Marvel.Session.dll
  Marvel.Core -> /Users/michael/Source/marvel-lcg/src/Marvel.Core/bin/Debug/net8.0/Marvel.Core.dll
  Marvel.Rules -> /Users/michael/Source/marvel-lcg/src/Marvel.Rules/bin/Debug/net8.0/Marvel.Rules.dll
  Marvel.Server -> /Users/michael/Source/marvel-lcg/src/Marvel.Server/bin/embedded/Debug/net8.0/Marvel.Server.dll
  Marvel.Client -> /Users/michael/Source/marvel-lcg/src/Marvel.Client/bin/Debug/net8.0/Marvel.Client.dll
  Marvel.Godot -> /Users/michael/Source/marvel-lcg/src/Marvel.Godot/.godot/mono/temp/bin/Debug/Marvel.Godot.dll

Build succeeded.
    0 Warning(s)
    0 Error(s)

Time Elapsed 00:00:00.87
  Determining projects to restore...
  All projects are up-to-date for restore.
  Marvel.Core -> /Users/michael/Source/marvel-lcg/src/Marvel.Core/bin/Debug/net8.0/Marvel.Core.dll
  Marvel.Rules -> /Users/michael/Source/marvel-lcg/src/Marvel.Rules/bin/Debug/net8.0/Marvel.Rules.dll
  Marvel.Cards -> /Users/michael/Source/marvel-lcg/src/Marvel.Cards/bin/Debug/net8.0/Marvel.Cards.dll
  Marvel.Session -> /Users/michael/Source/marvel-lcg/src/Marvel.Session/bin/Debug/net8.0/Marvel.Session.dll
  Marvel.Content -> /Users/michael/Source/marvel-lcg/src/Marvel.Content/bin/Debug/net8.0/Marvel.Content.dll
  Marvel.Decisions -> /Users/michael/Source/marvel-lcg/src/Marvel.Decisions/bin/Debug/net8.0/Marvel.Decisions.dll
  Marvel.View -> /Users/michael/Source/marvel-lcg/src/Marvel.View/bin/Debug/net8.0/Marvel.View.dll
  Marvel.Server -> /Users/michael/Source/marvel-lcg/src/Marvel.Server/bin/Debug/net8.0/Marvel.Server.dll

Build succeeded.
    0 Warning(s)
    0 Error(s)

Time Elapsed 00:00:00.72
Godot Engine v4.7.1.stable.mono.official.a13da4feb - https://godotengine.org
OpenGL API 4.1 Metal - 91.7 - Compatibility - Using Device: Apple - Apple M2 Pro

HOSTED_MULTIPLAYER_SMOKE_RUNNER_READY
HOSTED_MULTIPLAYER_SMOKE_DRIVER_READY
{"event_id":"transport.exchange.completed","process":"Marvel.Godot","timestamp_utc":"2026-10-04T11:47:50.69875+00:00","process_id":11462,"duration_milliseconds":177,"disposition":"accepted","request_id":"55d5b551a1c650883575e123a19208c7","game_id":"e3b0c44298fc1c149afbf4c8996fb924","operation":"setup","product_version":"0.1.0-dev.0","commit":"local","runtime":"v0.1.0-dev.0 \u00B7 engine engine-replay-v2 \u00B7 protocol 19 \u00B7 save 4"}
{"event_id":"transport.exchange.completed","process":"Marvel.Godot","timestamp_utc":"2026-10-04T11:47:50.795855+00:00","process_id":11462,"duration_milliseconds":1,"disposition":"accepted","request_id":"ff70e32404b25f085d759f48cd29bbb5","game_id":"e3b0c44298fc1c149afbf4c8996fb924","operation":"setup","product_version":"0.1.0-dev.0","commit":"local","runtime":"v0.1.0-dev.0 \u00B7 engine engine-replay-v2 \u00B7 protocol 19 \u00B7 save 4"}
{"event_id":"transport.exchange.completed","process":"Marvel.Godot","timestamp_utc":"2026-10-04T11:47:51.023027+00:00","process_id":11462,"duration_milliseconds":224,"disposition":"accepted","request_id":"dfe53c4c90a1b3e8e3dada0eb190236f","game_id":"3b401506fb65175f38f4b6edff3ad5f2","operation":"open","revision":0,"product_version":"0.1.0-dev.0","commit":"local","runtime":"v0.1.0-dev.0 \u00B7 engine engine-replay-v2 \u00B7 protocol 19 \u00B7 save 4"}
{"event_id":"transport.exchange.completed","process":"Marvel.Godot","timestamp_utc":"2026-10-04T11:47:51.224402+00:00","process_id":11462,"duration_milliseconds":0,"disposition":"accepted","request_id":"c26d7659b4327faac064c320b2fe09b9","game_id":"e3b0c44298fc1c149afbf4c8996fb924","operation":"setup","product_version":"0.1.0-dev.0","commit":"local","runtime":"v0.1.0-dev.0 \u00B7 engine engine-replay-v2 \u00B7 protocol 19 \u00B7 save 4"}
{"event_id":"transport.exchange.completed","process":"Marvel.Godot","timestamp_utc":"2026-10-04T11:47:51.360569+00:00","process_id":11462,"duration_milliseconds":1,"disposition":"accepted","request_id":"dacab4b44224f126ee03d8ee15680348","game_id":"e3b0c44298fc1c149afbf4c8996fb924","operation":"setup","product_version":"0.1.0-dev.0","commit":"local","runtime":"v0.1.0-dev.0 \u00B7 engine engine-replay-v2 \u00B7 protocol 19 \u00B7 save 4"}
{"event_id":"transport.exchange.completed","process":"Marvel.Godot","timestamp_utc":"2026-10-04T11:47:51.408221+00:00","process_id":11462,"duration_milliseconds":45,"disposition":"accepted","request_id":"b59b386c0fc30e698c004ae0730ff9c3","game_id":"3b401506fb65175f38f4b6edff3ad5f2","operation":"attach","revision":0,"product_version":"0.1.0-dev.0","commit":"local","runtime":"v0.1.0-dev.0 \u00B7 engine engine-replay-v2 \u00B7 protocol 19 \u00B7 save 4"}
{"event_id":"transport.exchange.completed","process":"Marvel.Godot","timestamp_utc":"2026-10-04T11:47:51.628654+00:00","process_id":11462,"duration_milliseconds":99,"disposition":"accepted","request_id":"f8fc3e27d0b49fe46db4721efc83a5ef","game_id":"3b401506fb65175f38f4b6edff3ad5f2","operation":"resolve","revision":1,"product_version":"0.1.0-dev.0","commit":"local","runtime":"v0.1.0-dev.0 \u00B7 engine engine-replay-v2 \u00B7 protocol 19 \u00B7 save 4","expected_revision":0}
{"event_id":"transport.exchange.completed","process":"Marvel.Godot","timestamp_utc":"2026-10-04T11:47:51.777445+00:00","process_id":11462,"duration_milliseconds":38,"disposition":"accepted","request_id":"6abb0e8383bad4a62cfbfa8c09aec22c","game_id":"3b401506fb65175f38f4b6edff3ad5f2","operation":"sync","revision":1,"product_version":"0.1.0-dev.0","commit":"local","runtime":"v0.1.0-dev.0 \u00B7 engine engine-replay-v2 \u00B7 protocol 19 \u00B7 save 4"}
{"event_id":"transport.exchange.completed","process":"Marvel.Godot","timestamp_utc":"2026-10-04T11:47:51.99426+00:00","process_id":11462,"duration_milliseconds":98,"disposition":"accepted","request_id":"5f31ac4d9a9cd09ecc6474b0f5f53226","game_id":"3b401506fb65175f38f4b6edff3ad5f2","operation":"resolve","revision":2,"product_version":"0.1.0-dev.0","commit":"local","runtime":"v0.1.0-dev.0 \u00B7 engine engine-replay-v2 \u00B7 protocol 19 \u00B7 save 4","expected_revision":1}
{"event_id":"transport.exchange.completed","process":"Marvel.Godot","timestamp_utc":"2026-10-04T11:47:52.127136+00:00","process_id":11462,"duration_milliseconds":26,"disposition":"accepted","request_id":"6b366376a11f0499a28bdbbeea5ffc31","game_id":"3b401506fb65175f38f4b6edff3ad5f2","operation":"sync","revision":2,"product_version":"0.1.0-dev.0","commit":"local","runtime":"v0.1.0-dev.0 \u00B7 engine engine-replay-v2 \u00B7 protocol 19 \u00B7 save 4"}
{"event_id":"transport.exchange.completed","process":"Marvel.Godot","timestamp_utc":"2026-10-04T11:47:52.315742+00:00","process_id":11462,"duration_milliseconds":58,"disposition":"accepted","request_id":"9bf71daca982c0ea593be48a42f683a1","game_id":"3b401506fb65175f38f4b6edff3ad5f2","operation":"resolve","revision":3,"product_version":"0.1.0-dev.0","commit":"local","runtime":"v0.1.0-dev.0 \u00B7 engine engine-replay-v2 \u00B7 protocol 19 \u00B7 save 4","expected_revision":2}
{"event_id":"transport.exchange.completed","process":"Marvel.Godot","timestamp_utc":"2026-10-04T11:47:52.445034+00:00","process_id":11462,"duration_milliseconds":24,"disposition":"accepted","request_id":"ca69fa11884721886ec4a1a1407d8e32","game_id":"3b401506fb65175f38f4b6edff3ad5f2","operation":"sync","revision":3,"product_version":"0.1.0-dev.0","commit":"local","runtime":"v0.1.0-dev.0 \u00B7 engine engine-replay-v2 \u00B7 protocol 19 \u00B7 save 4"}
{"event_id":"transport.exchange.completed","process":"Marvel.Godot","timestamp_utc":"2026-10-04T11:47:52.644278+00:00","process_id":11462,"duration_milliseconds":73,"disposition":"accepted","request_id":"8aaed58afe524b8795cc264b2b6b805c","game_id":"3b401506fb65175f38f4b6edff3ad5f2","operation":"resolve","revision":4,"product_version":"0.1.0-dev.0","commit":"local","runtime":"v0.1.0-dev.0 \u00B7 engine engine-replay-v2 \u00B7 protocol 19 \u00B7 save 4","expected_revision":3}
{"event_id":"transport.exchange.completed","process":"Marvel.Godot","timestamp_utc":"2026-10-04T11:47:52.763182+00:00","process_id":11462,"duration_milliseconds":18,"disposition":"accepted","request_id":"55aad0e2ff848521401d3df66ee3d5cf","game_id":"3b401506fb65175f38f4b6edff3ad5f2","operation":"sync","revision":4,"product_version":"0.1.0-dev.0","commit":"local","runtime":"v0.1.0-dev.0 \u00B7 engine engine-replay-v2 \u00B7 protocol 19 \u00B7 save 4"}
{"event_id":"transport.exchange.completed","process":"Marvel.Godot","timestamp_utc":"2026-10-04T11:47:52.949225+00:00","process_id":11462,"duration_milliseconds":41,"disposition":"accepted","request_id":"3d8f3795eb74283102de3431d93c6a0a","game_id":"3b401506fb65175f38f4b6edff3ad5f2","operation":"resolve","revision":5,"product_version":"0.1.0-dev.0","commit":"local","runtime":"v0.1.0-dev.0 \u00B7 engine engine-replay-v2 \u00B7 protocol 19 \u00B7 save 4","expected_revision":4}
{"event_id":"transport.exchange.completed","process":"Marvel.Godot","timestamp_utc":"2026-10-04T11:47:53.070857+00:00","process_id":11462,"duration_milliseconds":18,"disposition":"accepted","request_id":"07067ba671483ea3ed2edfff9c865c25","game_id":"3b401506fb65175f38f4b6edff3ad5f2","operation":"sync","revision":5,"product_version":"0.1.0-dev.0","commit":"local","runtime":"v0.1.0-dev.0 \u00B7 engine engine-replay-v2 \u00B7 protocol 19 \u00B7 save 4"}
{"event_id":"transport.exchange.completed","process":"Marvel.Godot","timestamp_utc":"2026-10-04T11:47:53.366027+00:00","process_id":11462,"duration_milliseconds":150,"disposition":"accepted","request_id":"25d801b2caa136f70e36053d9aa545f9","game_id":"3b401506fb65175f38f4b6edff3ad5f2","operation":"resolve","revision":6,"product_version":"0.1.0-dev.0","commit":"local","runtime":"v0.1.0-dev.0 \u00B7 engine engine-replay-v2 \u00B7 protocol 19 \u00B7 save 4","expected_revision":5}
{"event_id":"transport.exchange.completed","process":"Marvel.Godot","timestamp_utc":"2026-10-04T11:47:53.517449+00:00","process_id":11462,"duration_milliseconds":23,"disposition":"accepted","request_id":"8866543593c064d9613355f520125dd2","game_id":"3b401506fb65175f38f4b6edff3ad5f2","operation":"sync","revision":6,"product_version":"0.1.0-dev.0","commit":"local","runtime":"v0.1.0-dev.0 \u00B7 engine engine-replay-v2 \u00B7 protocol 19 \u00B7 save 4"}
{"event_id":"transport.exchange.completed","process":"Marvel.Godot","timestamp_utc":"2026-10-04T11:48:05.034389+00:00","process_id":11462,"duration_milliseconds":78,"disposition":"accepted","request_id":"509f8ee7aaaa61e085d7e77bced926c9","game_id":"3b401506fb65175f38f4b6edff3ad5f2","operation":"resolve","revision":7,"product_version":"0.1.0-dev.0","commit":"local","runtime":"v0.1.0-dev.0 \u00B7 engine engine-replay-v2 \u00B7 protocol 19 \u00B7 save 4","expected_revision":6}
{"event_id":"transport.exchange.completed","process":"Marvel.Godot","timestamp_utc":"2026-10-04T11:48:05.194824+00:00","process_id":11462,"duration_milliseconds":24,"disposition":"accepted","request_id":"2e861969783b411c3314778479578f97","game_id":"3b401506fb65175f38f4b6edff3ad5f2","operation":"sync","revision":7,"product_version":"0.1.0-dev.0","commit":"local","runtime":"v0.1.0-dev.0 \u00B7 engine engine-replay-v2 \u00B7 protocol 19 \u00B7 save 4"}
{"event_id":"transport.exchange.completed","process":"Marvel.Godot","timestamp_utc":"2026-10-04T11:48:05.375869+00:00","process_id":11462,"duration_milliseconds":54,"disposition":"accepted","request_id":"c6116c3c4457bd2170ee32aeba48f526","game_id":"3b401506fb65175f38f4b6edff3ad5f2","operation":"resolve","revision":8,"product_version":"0.1.0-dev.0","commit":"local","runtime":"v0.1.0-dev.0 \u00B7 engine engine-replay-v2 \u00B7 protocol 19 \u00B7 save 4","expected_revision":7}
{"event_id":"transport.exchange.completed","process":"Marvel.Godot","timestamp_utc":"2026-10-04T11:48:05.505536+00:00","process_id":11462,"duration_milliseconds":26,"disposition":"accepted","request_id":"4cf2af25f76daf9acc3501fcab36c673","game_id":"3b401506fb65175f38f4b6edff3ad5f2","operation":"sync","revision":8,"product_version":"0.1.0-dev.0","commit":"local","runtime":"v0.1.0-dev.0 \u00B7 engine engine-replay-v2 \u00B7 protocol 19 \u00B7 save 4"}
{"event_id":"transport.exchange.completed","process":"Marvel.Godot","timestamp_utc":"2026-10-04T11:48:05.734578+00:00","process_id":11462,"duration_milliseconds":57,"disposition":"accepted","request_id":"46a10793c74bc45e37a93c09f9bb85ed","game_id":"3b401506fb65175f38f4b6edff3ad5f2","operation":"resolve","revision":9,"product_version":"0.1.0-dev.0","commit":"local","runtime":"v0.1.0-dev.0 \u00B7 engine engine-replay-v2 \u00B7 protocol 19 \u00B7 save 4","expected_revision":8}
{"event_id":"transport.exchange.completed","process":"Marvel.Godot","timestamp_utc":"2026-10-04T11:48:05.879126+00:00","process_id":11462,"duration_milliseconds":27,"disposition":"accepted","request_id":"144275a667c95c43aebe050c033eaa99","game_id":"3b401506fb65175f38f4b6edff3ad5f2","operation":"sync","revision":9,"product_version":"0.1.0-dev.0","commit":"local","runtime":"v0.1.0-dev.0 \u00B7 engine engine-replay-v2 \u00B7 protocol 19 \u00B7 save 4"}
{"event_id":"transport.exchange.completed","process":"Marvel.Godot","timestamp_utc":"2026-10-04T11:48:06.077591+00:00","process_id":11462,"duration_milliseconds":61,"disposition":"accepted","request_id":"d1c8186ba8744471de8bf90bb8493897","game_id":"3b401506fb65175f38f4b6edff3ad5f2","operation":"resolve","revision":10,"product_version":"0.1.0-dev.0","commit":"local","runtime":"v0.1.0-dev.0 \u00B7 engine engine-replay-v2 \u00B7 protocol 19 \u00B7 save 4","expected_revision":9}
{"event_id":"transport.exchange.completed","process":"Marvel.Godot","timestamp_utc":"2026-10-04T11:48:06.226724+00:00","process_id":11462,"duration_milliseconds":30,"disposition":"accepted","request_id":"09a8063b1bec532527e1cfd466905015","game_id":"3b401506fb65175f38f4b6edff3ad5f2","operation":"sync","revision":10,"product_version":"0.1.0-dev.0","commit":"local","runtime":"v0.1.0-dev.0 \u00B7 engine engine-replay-v2 \u00B7 protocol 19 \u00B7 save 4"}
HOSTED_MULTIPLAYER_SMOKE_OK decisions=10
