  Determining projects to restore...
  All projects are up-to-date for restore.
  Marvel.Core -> /Users/michael/Source/marvel-lcg/src/Marvel.Core/bin/Release/net8.0/Marvel.Core.dll
  Marvel.Rules -> /Users/michael/Source/marvel-lcg/src/Marvel.Rules/bin/Release/net8.0/Marvel.Rules.dll
  Marvel.Content -> /Users/michael/Source/marvel-lcg/src/Marvel.Content/bin/Release/net8.0/Marvel.Content.dll
  Marvel.Cards -> /Users/michael/Source/marvel-lcg/src/Marvel.Cards/bin/Release/net8.0/Marvel.Cards.dll
  Marvel.Behavior.Run -> /Users/michael/Source/marvel-lcg/tools/Marvel.Behavior.Run/bin/Release/net8.0/Marvel.Behavior.Run.dll
  Marvel.Content.Tests -> /Users/michael/Source/marvel-lcg/tests/Marvel.Content.Tests/bin/Release/net8.0/Marvel.Content.Tests.dll
Test run for /Users/michael/Source/marvel-lcg/tests/Marvel.Content.Tests/bin/Release/net8.0/Marvel.Content.Tests.dll (.NETCoreApp,Version=v8.0)
A total of 1 test files matched the specified pattern.
[xUnit.net 00:00:01.10]     Marvel.Content.Tests.Play.CoreInterruptContextTests.NamedObligationOccurrenceBelongsToTheNamedPlayerAtItsFirstWindow [FAIL]
  Failed Marvel.Content.Tests.Play.CoreInterruptContextTests.NamedObligationOccurrenceBelongsToTheNamedPlayerAtItsFirstWindow [2 ms]
  Error Message:
   Assert.Equal() Failure: Values differ
Expected: 0
Actual:   1
  Stack Trace:
     at Marvel.Content.Tests.Play.CoreInterruptContextTests.NamedObligationOccurrenceBelongsToTheNamedPlayerAtItsFirstWindow() in /Users/michael/Source/marvel-lcg/tests/Marvel.Content.Tests/Play/CoreInterruptContextTests.cs:line 147
   at System.RuntimeMethodHandle.InvokeMethod(Object target, Void** arguments, Signature sig, Boolean isConstructor)
   at System.Reflection.MethodBaseInvoker.InvokeWithNoArgs(Object obj, BindingFlags invokeAttr)

Failed!  - Failed:     1, Passed:     7, Skipped:     0, Total:     8, Duration: 244 ms - Marvel.Content.Tests.dll (net8.0)
