  Determining projects to restore...
  All projects are up-to-date for restore.
  Marvel.Core -> /Users/michael/Source/marvel-lcg/src/Marvel.Core/bin/Release/net8.0/Marvel.Core.dll
  Marvel.Rules -> /Users/michael/Source/marvel-lcg/src/Marvel.Rules/bin/Release/net8.0/Marvel.Rules.dll
  Marvel.Content -> /Users/michael/Source/marvel-lcg/src/Marvel.Content/bin/Release/net8.0/Marvel.Content.dll
  Marvel.Cards -> /Users/michael/Source/marvel-lcg/src/Marvel.Cards/bin/Release/net8.0/Marvel.Cards.dll
  Marvel.Behavior.Run -> /Users/michael/Source/marvel-lcg/tools/Marvel.Behavior.Run/bin/Release/net8.0/Marvel.Behavior.Run.dll
  Marvel.Content.Tests -> /Users/michael/Source/marvel-lcg/tests/Marvel.Content.Tests/bin/Release/net8.0/Marvel.Content.Tests.dll
Test run for /Users/michael/Source/marvel-lcg/tests/Marvel.Content.Tests/bin/Release/net8.0/Marvel.Content.Tests.dll (.NETCoreApp,Version=v8.0)
A total of 1 test files matched the specified pattern.
[xUnit.net 00:00:01.02]     Marvel.Content.Tests.Play.CoreInterruptContextTests.GreatResponsibilityExplainsVillainPhaseThreatBeforePlacement [FAIL]
[xUnit.net 00:00:01.08]     Marvel.Content.Tests.Play.CoreInterruptContextTests.ThreatContextKeepsAssignedRemainingCurrentAndCauseDistinct(cause: VillainPhase, meaning: "Step 1 of the villain phase") [FAIL]
  Failed Marvel.Content.Tests.Play.CoreInterruptContextTests.GreatResponsibilityExplainsVillainPhaseThreatBeforePlacement [166 ms]
  Error Message:
   Assert.Contains() Failure: Sub-string not found
String:    "An enemy's scheme activation would place 1 threat "···
Not found: "Step 1 of the villain phase would place 1 threat o"···
  Stack Trace:
     at Marvel.Content.Tests.Play.CoreInterruptContextTests.GreatResponsibilityExplainsVillainPhaseThreatBeforePlacement() in /Users/michael/Source/marvel-lcg/tests/Marvel.Content.Tests/Play/CoreInterruptContextTests.cs:line 93
   at System.RuntimeMethodHandle.InvokeMethod(Object target, Void** arguments, Signature sig, Boolean isConstructor)
   at System.Reflection.MethodBaseInvoker.InvokeWithNoArgs(Object obj, BindingFlags invokeAttr)
  Failed Marvel.Content.Tests.Play.CoreInterruptContextTests.ThreatContextKeepsAssignedRemainingCurrentAndCauseDistinct(cause: VillainPhase, meaning: "Step 1 of the villain phase") [1 ms]
  Error Message:
   Assert.Contains() Failure: Sub-string not found
String:    "An enemy's scheme activation would place 2 threat "···
Not found: "Step 1 of the villain phase would place 2 threat"
  Stack Trace:
     at Marvel.Content.Tests.Play.CoreInterruptContextTests.ThreatContextKeepsAssignedRemainingCurrentAndCauseDistinct(ThreatCause cause, String meaning) in /Users/michael/Source/marvel-lcg/tests/Marvel.Content.Tests/Play/CoreInterruptContextTests.cs:line 124
   at InvokeStub_CoreInterruptContextTests.ThreatContextKeepsAssignedRemainingCurrentAndCauseDistinct(Object, Span`1)
   at System.Reflection.MethodBaseInvoker.InvokeWithFewArgs(Object obj, BindingFlags invokeAttr, Binder binder, Object[] parameters, CultureInfo culture)

Failed!  - Failed:     2, Passed:     6, Skipped:     0, Total:     8, Duration: 243 ms - Marvel.Content.Tests.dll (net8.0)
