  Marvel.Core -> /Users/michael/Source/marvel-lcg/src/Marvel.Core/bin/Release/net8.0/Marvel.Core.dll
  Marvel.Rules -> /Users/michael/Source/marvel-lcg/src/Marvel.Rules/bin/Release/net8.0/Marvel.Rules.dll
  Marvel.Content -> /Users/michael/Source/marvel-lcg/src/Marvel.Content/bin/Release/net8.0/Marvel.Content.dll
  Marvel.View -> /Users/michael/Source/marvel-lcg/src/Marvel.View/bin/Release/net8.0/Marvel.View.dll
  Marvel.View.Tests -> /Users/michael/Source/marvel-lcg/tests/Marvel.View.Tests/bin/Release/net8.0/Marvel.View.Tests.dll
Test run for /Users/michael/Source/marvel-lcg/tests/Marvel.View.Tests/bin/Release/net8.0/Marvel.View.Tests.dll (.NETCoreApp,Version=v8.0)
A total of 1 test files matched the specified pattern.
[xUnit.net 00:00:00.57]     Marvel.View.Tests.EventResultMeaningTests.HandGainHistoryNeverRestoresConcealedOccurrenceIdentity(verb: "Add_To_Hand", expectedVerb: "added") [FAIL]
[xUnit.net 00:00:00.57]     Marvel.View.Tests.EventResultMeaningTests.HandGainHistoryNeverRestoresConcealedOccurrenceIdentity(verb: "Return", expectedVerb: "returned") [FAIL]
  Failed Marvel.View.Tests.EventResultMeaningTests.HandGainHistoryNeverRestoresConcealedOccurrenceIdentity(verb: "Add_To_Hand", expectedVerb: "added") [1 ms]
  Error Message:
   Assert.Equal() Failure: Strings differ
                            ↓ (pos 17)
Expected: "Spider-Man added a player card to their hand from "···
Actual:   "Spider-Man added Private Swinging Web Kick to thei"···
                            ↑ (pos 17)
  Stack Trace:
     at Marvel.View.Tests.EventResultMeaningTests.HandGainHistoryNeverRestoresConcealedOccurrenceIdentity(String verb, String expectedVerb) in /Users/michael/Source/marvel-lcg/tests/Marvel.View.Tests/EventResultMeaningTests.cs:line 115
   at System.RuntimeMethodHandle.InvokeMethod(Object target, Void** arguments, Signature sig, Boolean isConstructor)
   at System.Reflection.MethodBaseInvoker.InvokeDirectByRefWithFewArgs(Object obj, Span`1 copyOfArgs, BindingFlags invokeAttr)
  Failed Marvel.View.Tests.EventResultMeaningTests.HandGainHistoryNeverRestoresConcealedOccurrenceIdentity(verb: "Return", expectedVerb: "returned") [< 1 ms]
  Error Message:
   Assert.Equal() Failure: Strings differ
                               ↓ (pos 20)
Expected: "Spider-Man returned a player card to their hand fr"···
Actual:   "Spider-Man returned Private Swinging Web Kick to t"···
                               ↑ (pos 20)
  Stack Trace:
     at Marvel.View.Tests.EventResultMeaningTests.HandGainHistoryNeverRestoresConcealedOccurrenceIdentity(String verb, String expectedVerb) in /Users/michael/Source/marvel-lcg/tests/Marvel.View.Tests/EventResultMeaningTests.cs:line 115
   at InvokeStub_EventResultMeaningTests.HandGainHistoryNeverRestoresConcealedOccurrenceIdentity(Object, Span`1)
   at System.Reflection.MethodBaseInvoker.InvokeWithFewArgs(Object obj, BindingFlags invokeAttr, Binder binder, Object[] parameters, CultureInfo culture)

Failed!  - Failed:     2, Passed:    12, Skipped:     0, Total:    14, Duration: 47 ms - Marvel.View.Tests.dll (net8.0)
