  Marvel.Core -> /Users/michael/Source/marvel-lcg/src/Marvel.Core/bin/Release/net8.0/Marvel.Core.dll
  Marvel.Rules -> /Users/michael/Source/marvel-lcg/src/Marvel.Rules/bin/Release/net8.0/Marvel.Rules.dll
  Marvel.Content -> /Users/michael/Source/marvel-lcg/src/Marvel.Content/bin/Release/net8.0/Marvel.Content.dll
  Marvel.View -> /Users/michael/Source/marvel-lcg/src/Marvel.View/bin/Release/net8.0/Marvel.View.dll
  Marvel.View.Tests -> /Users/michael/Source/marvel-lcg/tests/Marvel.View.Tests/bin/Release/net8.0/Marvel.View.Tests.dll
Test run for /Users/michael/Source/marvel-lcg/tests/Marvel.View.Tests/bin/Release/net8.0/Marvel.View.Tests.dll (.NETCoreApp,Version=v8.0)
A total of 1 test files matched the specified pattern.
[xUnit.net 00:00:00.60]     Marvel.View.Tests.EventResultMeaningTests.BoostFlipDoesNotPresentOrdinaryWhenRevealedTextAsAnEffect [FAIL]
  Failed Marvel.View.Tests.EventResultMeaningTests.BoostFlipDoesNotPresentOrdinaryWhenRevealedTextAsAnEffect [3 ms]
  Error Message:
   Assert.Equal() Failure: Strings differ
           ↓ (pos 0)
Expected: "Turned Hard to Keep Down face up for a boost."
Actual:   "Revealed Hard to Keep Down: When Revealed: Rhino h"···
           ↑ (pos 0)
  Stack Trace:
     at Marvel.View.Tests.EventResultMeaningTests.BoostFlipDoesNotPresentOrdinaryWhenRevealedTextAsAnEffect() in /Users/michael/Source/marvel-lcg/tests/Marvel.View.Tests/EventResultMeaningTests.cs:line 24
   at System.RuntimeMethodHandle.InvokeMethod(Object target, Void** arguments, Signature sig, Boolean isConstructor)
   at System.Reflection.MethodBaseInvoker.InvokeWithNoArgs(Object obj, BindingFlags invokeAttr)

Failed!  - Failed:     1, Passed:    13, Skipped:     0, Total:    14, Duration: 63 ms - Marvel.View.Tests.dll (net8.0)
