  Marvel.Core -> /Users/michael/Source/marvel-lcg/src/Marvel.Core/bin/Release/net8.0/Marvel.Core.dll
  Marvel.Rules -> /Users/michael/Source/marvel-lcg/src/Marvel.Rules/bin/Release/net8.0/Marvel.Rules.dll
  Marvel.Content -> /Users/michael/Source/marvel-lcg/src/Marvel.Content/bin/Release/net8.0/Marvel.Content.dll
  Marvel.View -> /Users/michael/Source/marvel-lcg/src/Marvel.View/bin/Release/net8.0/Marvel.View.dll
  Marvel.View.Tests -> /Users/michael/Source/marvel-lcg/tests/Marvel.View.Tests/bin/Release/net8.0/Marvel.View.Tests.dll
Test run for /Users/michael/Source/marvel-lcg/tests/Marvel.View.Tests/bin/Release/net8.0/Marvel.View.Tests.dll (.NETCoreApp,Version=v8.0)
A total of 1 test files matched the specified pattern.
[xUnit.net 00:00:00.45]     Marvel.View.Tests.EventResultMeaningTests.CounterResultsUseHumanNamesAndAuthoritativeQuantities(field: "k_acceleration", before: 1, after: 2, expected: "Rhino acceleration tokens: 1 → 2 (1 added).") [FAIL]
  Failed Marvel.View.Tests.EventResultMeaningTests.CounterResultsUseHumanNamesAndAuthoritativeQuantities(field: "k_acceleration", before: 1, after: 2, expected: "Rhino acceleration tokens: 1 → 2 (1 added).") [1 ms]
  Error Message:
   Assert.Equal() Failure: Strings differ
                 ↓ (pos 6)
Expected: "Rhino acceleration tokens: 1 → 2 (1 added)."
Actual:   "Rhino changed acceleration from 1 to 2."
                 ↑ (pos 6)
  Stack Trace:
     at Marvel.View.Tests.EventResultMeaningTests.CounterResultsUseHumanNamesAndAuthoritativeQuantities(String field, Nullable`1 before, Nullable`1 after, String expected) in /Users/michael/Source/marvel-lcg/tests/Marvel.View.Tests/EventResultMeaningTests.cs:line 131
   at InvokeStub_EventResultMeaningTests.CounterResultsUseHumanNamesAndAuthoritativeQuantities(Object, Span`1)
   at System.Reflection.MethodBaseInvoker.InvokeWithFewArgs(Object obj, BindingFlags invokeAttr, Binder binder, Object[] parameters, CultureInfo culture)

Failed!  - Failed:     1, Passed:    13, Skipped:     0, Total:    14, Duration: 49 ms - Marvel.View.Tests.dll (net8.0)
