  Marvel.Core -> /Users/michael/Source/marvel-lcg/src/Marvel.Core/bin/Release/net8.0/Marvel.Core.dll
  Marvel.Rules -> /Users/michael/Source/marvel-lcg/src/Marvel.Rules/bin/Release/net8.0/Marvel.Rules.dll
  Marvel.Content -> /Users/michael/Source/marvel-lcg/src/Marvel.Content/bin/Release/net8.0/Marvel.Content.dll
  Marvel.Cards -> /Users/michael/Source/marvel-lcg/src/Marvel.Cards/bin/Release/net8.0/Marvel.Cards.dll
  Marvel.Behavior.Run -> /Users/michael/Source/marvel-lcg/tools/Marvel.Behavior.Run/bin/Release/net8.0/Marvel.Behavior.Run.dll
  Marvel.Content.Tests -> /Users/michael/Source/marvel-lcg/tests/Marvel.Content.Tests/bin/Release/net8.0/Marvel.Content.Tests.dll
Test run for /Users/michael/Source/marvel-lcg/tests/Marvel.Content.Tests/bin/Release/net8.0/Marvel.Content.Tests.dll (.NETCoreApp,Version=v8.0)
A total of 1 test files matched the specified pattern.
[xUnit.net 00:00:01.13]     Marvel.Content.Tests.Play.CoreAttackCompletionTests.SyntheticDepartureBeforeDamageRetainsTheCapturedDroneActor [FAIL]
[xUnit.net 00:00:01.14]     Marvel.Content.Tests.Play.CoreAttackCompletionTests.RetaliateDefeatedDroneCompletionNamesTheAttackerAtItsOccurrence [FAIL]
[xUnit.net 00:00:01.16]     Marvel.Content.Tests.Play.CoreAttackCompletionTests.MinionAttackCompletionNamesItsEstablishedDefenderEvenWhenNoHealthChanges(defend: False) [FAIL]
[xUnit.net 00:00:01.17]     Marvel.Content.Tests.Play.CoreAttackCompletionTests.MinionAttackCompletionNamesItsEstablishedDefenderEvenWhenNoHealthChanges(defend: True) [FAIL]
  Failed Marvel.Content.Tests.Play.CoreAttackCompletionTests.SyntheticDepartureBeforeDamageRetainsTheCapturedDroneActor [21 ms]
  Error Message:
   Assert.Equal() Failure: Values differ
Expected: 0
Actual:   null
  Stack Trace:
     at Marvel.Content.Tests.Play.CoreAttackCompletionTests.SyntheticDepartureBeforeDamageRetainsTheCapturedDroneActor() in /Users/michael/Source/marvel-lcg/tests/Marvel.Content.Tests/Play/CoreAttackCompletionTests.cs:line 162
   at System.RuntimeMethodHandle.InvokeMethod(Object target, Void** arguments, Signature sig, Boolean isConstructor)
   at System.Reflection.MethodBaseInvoker.InvokeWithNoArgs(Object obj, BindingFlags invokeAttr)
  Failed Marvel.Content.Tests.Play.CoreAttackCompletionTests.RetaliateDefeatedDroneCompletionNamesTheAttackerAtItsOccurrence [19 ms]
  Error Message:
   Assert.Equal() Failure: Values differ
Expected: 1
Actual:   null
  Stack Trace:
     at Marvel.Content.Tests.Play.CoreAttackCompletionTests.RetaliateDefeatedDroneCompletionNamesTheAttackerAtItsOccurrence() in /Users/michael/Source/marvel-lcg/tests/Marvel.Content.Tests/Play/CoreAttackCompletionTests.cs:line 106
   at System.RuntimeMethodHandle.InvokeMethod(Object target, Void** arguments, Signature sig, Boolean isConstructor)
   at System.Reflection.MethodBaseInvoker.InvokeWithNoArgs(Object obj, BindingFlags invokeAttr)
  Failed Marvel.Content.Tests.Play.CoreAttackCompletionTests.MinionAttackCompletionNamesItsEstablishedDefenderEvenWhenNoHealthChanges(defend: False) [11 ms]
  Error Message:
   Assert.Equal() Failure: Values differ
Expected: 2
Actual:   null
  Stack Trace:
     at Marvel.Content.Tests.Play.CoreAttackCompletionTests.MinionAttackCompletionNamesItsEstablishedDefenderEvenWhenNoHealthChanges(Boolean defend) in /Users/michael/Source/marvel-lcg/tests/Marvel.Content.Tests/Play/CoreAttackCompletionTests.cs:line 45
   at System.RuntimeMethodHandle.InvokeMethod(Object target, Void** arguments, Signature sig, Boolean isConstructor)
   at System.Reflection.MethodBaseInvoker.InvokeDirectByRefWithFewArgs(Object obj, Span`1 copyOfArgs, BindingFlags invokeAttr)
  Failed Marvel.Content.Tests.Play.CoreAttackCompletionTests.MinionAttackCompletionNamesItsEstablishedDefenderEvenWhenNoHealthChanges(defend: True) [10 ms]
  Error Message:
   Assert.Equal() Failure: Values differ
Expected: 0
Actual:   null
  Stack Trace:
     at Marvel.Content.Tests.Play.CoreAttackCompletionTests.MinionAttackCompletionNamesItsEstablishedDefenderEvenWhenNoHealthChanges(Boolean defend) in /Users/michael/Source/marvel-lcg/tests/Marvel.Content.Tests/Play/CoreAttackCompletionTests.cs:line 45
   at InvokeStub_CoreAttackCompletionTests.MinionAttackCompletionNamesItsEstablishedDefenderEvenWhenNoHealthChanges(Object, Span`1)
   at System.Reflection.MethodBaseInvoker.InvokeWithOneArg(Object obj, BindingFlags invokeAttr, Binder binder, Object[] parameters, CultureInfo culture)

Failed!  - Failed:     4, Passed:     1, Skipped:     0, Total:     5, Duration: 299 ms - Marvel.Content.Tests.dll (net8.0)
