  Determining projects to restore...
  All projects are up-to-date for restore.
  Marvel.Core -> /Users/michael/Source/marvel-lcg/src/Marvel.Core/bin/Debug/net8.0/Marvel.Core.dll
  Marvel.Rules -> /Users/michael/Source/marvel-lcg/src/Marvel.Rules/bin/Debug/net8.0/Marvel.Rules.dll
  Marvel.Cards -> /Users/michael/Source/marvel-lcg/src/Marvel.Cards/bin/Debug/net8.0/Marvel.Cards.dll
  Marvel.Decisions -> /Users/michael/Source/marvel-lcg/src/Marvel.Decisions/bin/Debug/net8.0/Marvel.Decisions.dll
  Marvel.Session -> /Users/michael/Source/marvel-lcg/src/Marvel.Session/bin/Debug/net8.0/Marvel.Session.dll
  Marvel.Content -> /Users/michael/Source/marvel-lcg/src/Marvel.Content/bin/Debug/net8.0/Marvel.Content.dll
  Marvel.View -> /Users/michael/Source/marvel-lcg/src/Marvel.View/bin/Debug/net8.0/Marvel.View.dll
  Marvel.Core -> /Users/michael/Source/marvel-lcg/src/Marvel.Core/bin/Debug/net8.0/Marvel.Core.dll
  Marvel.Rules -> /Users/michael/Source/marvel-lcg/src/Marvel.Rules/bin/Debug/net8.0/Marvel.Rules.dll
  Marvel.Server -> /Users/michael/Source/marvel-lcg/src/Marvel.Server/bin/embedded/Debug/net8.0/Marvel.Server.dll
  Marvel.Client -> /Users/michael/Source/marvel-lcg/src/Marvel.Client/bin/Debug/net8.0/Marvel.Client.dll
  Marvel.Godot -> /Users/michael/Source/marvel-lcg/src/Marvel.Godot/.godot/mono/temp/bin/Debug/Marvel.Godot.dll

Build succeeded.
    0 Warning(s)
    0 Error(s)

Time Elapsed 00:00:01.16
Godot Engine v4.7.1.stable.mono.official.a13da4feb - https://godotengine.org

{"event_id":"server.request.completed","process":"Marvel.Godot","timestamp_utc":"2026-10-04T17:38:13.826554+00:00","process_id":61579,"duration_milliseconds":2,"disposition":"accepted","request_id":"a28483b885bcb0ecec2fbce2554d647a","game_id":"e3b0c44298fc1c149afbf4c8996fb924","operation":"setup","save_committed":false,"replay_verified":false,"replay_diverged":false,"session_retired":false,"product_version":"0.1.0-dev.0","commit":"local","runtime":"v0.1.0-dev.0 \u00B7 engine engine-replay-v3 \u00B7 protocol 19 \u00B7 save 4"}
{"event_id":"server.request.completed","process":"Marvel.Godot","timestamp_utc":"2026-10-04T17:38:14.254898+00:00","process_id":61579,"duration_milliseconds":0,"disposition":"accepted","request_id":"d50a7fcb68a8d6036dbd9883fef537f9","game_id":"e3b0c44298fc1c149afbf4c8996fb924","operation":"setup","save_committed":false,"replay_verified":false,"replay_diverged":false,"session_retired":false,"product_version":"0.1.0-dev.0","commit":"local","runtime":"v0.1.0-dev.0 \u00B7 engine engine-replay-v3 \u00B7 protocol 19 \u00B7 save 4"}
{"event_id":"server.request.completed","process":"Marvel.Godot","timestamp_utc":"2026-10-04T17:38:14.59542+00:00","process_id":61579,"duration_milliseconds":0,"disposition":"accepted","request_id":"1dd1c35e2dc0eead9db0434970efb2c3","game_id":"e3b0c44298fc1c149afbf4c8996fb924","operation":"setup","save_committed":false,"replay_verified":false,"replay_diverged":false,"session_retired":false,"product_version":"0.1.0-dev.0","commit":"local","runtime":"v0.1.0-dev.0 \u00B7 engine engine-replay-v3 \u00B7 protocol 19 \u00B7 save 4"}
{"event_id":"session.persistence.completed","process":"Marvel.Godot","timestamp_utc":"2026-10-04T17:38:14.719552+00:00","process_id":61579,"duration_milliseconds":18,"disposition":"accepted","request_id":"5f21e900a97bf6d6af5403c5dab062e6","game_id":"a3bd9e96df0cad85eabd015a206a1916","operation":"persistence","save_committed":true,"product_version":"0.1.0-dev.0","commit":"local","runtime":"v0.1.0-dev.0 \u00B7 engine engine-replay-v3 \u00B7 protocol 19 \u00B7 save 4"}
{"event_id":"server.request.completed","process":"Marvel.Godot","timestamp_utc":"2026-10-04T17:38:14.719729+00:00","process_id":61579,"duration_milliseconds":122,"disposition":"accepted","request_id":"5f21e900a97bf6d6af5403c5dab062e6","game_id":"a3bd9e96df0cad85eabd015a206a1916","operation":"open","revision":0,"save_committed":true,"replay_verified":false,"replay_diverged":false,"session_retired":false,"product_version":"0.1.0-dev.0","commit":"local","runtime":"v0.1.0-dev.0 \u00B7 engine engine-replay-v3 \u00B7 protocol 19 \u00B7 save 4"}
{"event_id":"server.request.completed","process":"Marvel.Godot","timestamp_utc":"2026-10-04T17:38:15.454707+00:00","process_id":61579,"duration_milliseconds":13,"disposition":"accepted","request_id":"74ed7cfc7560cd970840a729568f95da","game_id":"a3bd9e96df0cad85eabd015a206a1916","operation":"sync","revision":0,"authorized_seat":0,"save_committed":false,"replay_verified":false,"replay_diverged":false,"session_retired":false,"product_version":"0.1.0-dev.0","commit":"local","runtime":"v0.1.0-dev.0 \u00B7 engine engine-replay-v3 \u00B7 protocol 19 \u00B7 save 4"}
ERROR: opening mulligan: ProceduralCard20 hand face overlaps installed ProceduralCard1
Visible UI:
Engaged with player 1
Discard
Empty
▰
31
Deck
The Break-In!
THREAT  ◆ 0/7
Escalation  1

Rhino
Stage  1
SCH  1
ATK  2
HP  14/14

Discard
Empty
▰
34
Deck
Peter Parker
REC  3
HP  10/10

Avengers Mansion
Support · Basic
COST  4
M
◇ Available target
□ DISCARD
Web-Shooter
Upgrade · Hero
COST  1
P
◇ Available target
□ DISCARD
Aunt May
Support · Hero
COST  1
E
◇ Available target
□ DISCARD
Spider-Tracer
Upgrade · Hero
COST  1
E
◇ Available target
□ DISCARD
Web-Shooter
Upgrade · Hero
COST  1
P
◇ Available target
□ DISCARD
Swinging Web Kick
Event · Hero
COST  3
M
◇ Available target
□ DISCARD
Other piles
Player 1 opening hand · 6 cards
Opening hand · Decision for Spider-Man

0 cards staged for replacement (up to 6).  ·  Replacements are drawn after you confirm.
More details ↓
Keep hand
Clear replacements
Complete choices
You control Spider-Man. Active player: Spider-Man. Inspecting: Spider-Man.
Table refreshed.
Uncommitted choices were cleared. Compose again from the current offers. Accepted actions remain in play.
History
Last synced · r0
↻
Scale 150%
Motion
COST
4
Avengers Mansion
Support
AVENGER  ·  LOCATION
M


   at: push_error (core/variant/variant_utility.cpp:1023)
   GDScript backtrace (most recent call first):
       [0] _fail (res://smoke/local_game_smoke_core.gd:93)
       [1] _redesign_gate_cards_are_locally_bounded (res://smoke/local_game_smoke_redesign_gate.gd:87)
       [2] _redesign_gate_opening_table_is_safe (res://smoke/local_game_smoke_redesign_gate.gd:38)
       [3] _redesign_gate_table_interactions_are_safe (res://smoke/local_game_smoke_redesign_gate.gd:15)
       [4] _table_interactions_are_safe (res://smoke/local_game_smoke.gd:108)
       [5] _mulligan_dock_is_safe (res://smoke/local_game_smoke.gd:145)
       [6] _synchronization_preserves_history (res://smoke/local_game_smoke_decision_checks.gd:35)
       [7] _pointer_activate (res://smoke/local_game_smoke_support.gd:163)
