  Marvel.Core -> /Users/michael/Source/marvel-lcg/src/Marvel.Core/bin/Release/net8.0/Marvel.Core.dll
  Marvel.Rules -> /Users/michael/Source/marvel-lcg/src/Marvel.Rules/bin/Release/net8.0/Marvel.Rules.dll
  Marvel.Content -> /Users/michael/Source/marvel-lcg/src/Marvel.Content/bin/Release/net8.0/Marvel.Content.dll
  Marvel.View -> /Users/michael/Source/marvel-lcg/src/Marvel.View/bin/Release/net8.0/Marvel.View.dll
  Marvel.View.Tests -> /Users/michael/Source/marvel-lcg/tests/Marvel.View.Tests/bin/Release/net8.0/Marvel.View.Tests.dll
Test run for /Users/michael/Source/marvel-lcg/tests/Marvel.View.Tests/bin/Release/net8.0/Marvel.View.Tests.dll (.NETCoreApp,Version=v8.0)
A total of 1 test files matched the specified pattern.
[xUnit.net 00:00:00.56]     Marvel.View.Tests.PublicPendingSituationTests.PublicContextOmitsPrivateAndFacedownCausesEvenWhenTheViewerCanReadThem(viewer: 1, handFaceUp: False) [FAIL]
[xUnit.net 00:00:00.56]     Marvel.View.Tests.PublicPendingSituationTests.PublicContextOmitsPrivateAndFacedownCausesEvenWhenTheViewerCanReadThem(viewer: -1, handFaceUp: False) [FAIL]
[xUnit.net 00:00:00.56]     Marvel.View.Tests.PublicPendingSituationTests.PublicContextOmitsPrivateAndFacedownCausesEvenWhenTheViewerCanReadThem(viewer: -1, handFaceUp: True) [FAIL]
[xUnit.net 00:00:00.56]     Marvel.View.Tests.PublicPendingSituationTests.PublicContextOmitsPrivateAndFacedownCausesEvenWhenTheViewerCanReadThem(viewer: 1, handFaceUp: True) [FAIL]
  Failed Marvel.View.Tests.PublicPendingSituationTests.PublicContextOmitsPrivateAndFacedownCausesEvenWhenTheViewerCanReadThem(viewer: 1, handFaceUp: False) [7 ms]
  Error Message:
   Assert.Equal() Failure: Values differ
Expected: 0
Actual:   null
  Stack Trace:
     at Marvel.View.Tests.PublicPendingSituationTests.PublicContextOmitsPrivateAndFacedownCausesEvenWhenTheViewerCanReadThem(Int32 viewer, Boolean handFaceUp) in /Users/michael/Source/marvel-lcg/tests/Marvel.View.Tests/PublicPendingSituationTests.cs:line 38
   at System.RuntimeMethodHandle.InvokeMethod(Object target, Void** arguments, Signature sig, Boolean isConstructor)
   at System.Reflection.MethodBaseInvoker.InvokeDirectByRefWithFewArgs(Object obj, Span`1 copyOfArgs, BindingFlags invokeAttr)
  Failed Marvel.View.Tests.PublicPendingSituationTests.PublicContextOmitsPrivateAndFacedownCausesEvenWhenTheViewerCanReadThem(viewer: -1, handFaceUp: False) [< 1 ms]
  Error Message:
   Assert.Equal() Failure: Values differ
Expected: 0
Actual:   null
  Stack Trace:
     at Marvel.View.Tests.PublicPendingSituationTests.PublicContextOmitsPrivateAndFacedownCausesEvenWhenTheViewerCanReadThem(Int32 viewer, Boolean handFaceUp) in /Users/michael/Source/marvel-lcg/tests/Marvel.View.Tests/PublicPendingSituationTests.cs:line 38
   at InvokeStub_PublicPendingSituationTests.PublicContextOmitsPrivateAndFacedownCausesEvenWhenTheViewerCanReadThem(Object, Span`1)
   at System.Reflection.MethodBaseInvoker.InvokeWithFewArgs(Object obj, BindingFlags invokeAttr, Binder binder, Object[] parameters, CultureInfo culture)
  Failed Marvel.View.Tests.PublicPendingSituationTests.PublicContextOmitsPrivateAndFacedownCausesEvenWhenTheViewerCanReadThem(viewer: -1, handFaceUp: True) [< 1 ms]
  Error Message:
   Assert.Equal() Failure: Values differ
Expected: 0
Actual:   null
  Stack Trace:
     at Marvel.View.Tests.PublicPendingSituationTests.PublicContextOmitsPrivateAndFacedownCausesEvenWhenTheViewerCanReadThem(Int32 viewer, Boolean handFaceUp) in /Users/michael/Source/marvel-lcg/tests/Marvel.View.Tests/PublicPendingSituationTests.cs:line 38
   at InvokeStub_PublicPendingSituationTests.PublicContextOmitsPrivateAndFacedownCausesEvenWhenTheViewerCanReadThem(Object, Span`1)
   at System.Reflection.MethodBaseInvoker.InvokeWithFewArgs(Object obj, BindingFlags invokeAttr, Binder binder, Object[] parameters, CultureInfo culture)
  Failed Marvel.View.Tests.PublicPendingSituationTests.PublicContextOmitsPrivateAndFacedownCausesEvenWhenTheViewerCanReadThem(viewer: 1, handFaceUp: True) [< 1 ms]
  Error Message:
   Assert.Equal() Failure: Values differ
Expected: 0
Actual:   null
  Stack Trace:
     at Marvel.View.Tests.PublicPendingSituationTests.PublicContextOmitsPrivateAndFacedownCausesEvenWhenTheViewerCanReadThem(Int32 viewer, Boolean handFaceUp) in /Users/michael/Source/marvel-lcg/tests/Marvel.View.Tests/PublicPendingSituationTests.cs:line 38
   at InvokeStub_PublicPendingSituationTests.PublicContextOmitsPrivateAndFacedownCausesEvenWhenTheViewerCanReadThem(Object, Span`1)
   at System.Reflection.MethodBaseInvoker.InvokeWithFewArgs(Object obj, BindingFlags invokeAttr, Binder binder, Object[] parameters, CultureInfo culture)
[xUnit.net 00:00:00.58]     Marvel.View.Tests.PublicPendingSituationTests.PrimaryOwnerSurvivesASeparateAuthorizedOffTurnMenuWithoutLeakingDefenderMembership [FAIL]
  Failed Marvel.View.Tests.PublicPendingSituationTests.PrimaryOwnerSurvivesASeparateAuthorizedOffTurnMenuWithoutLeakingDefenderMembership [1 ms]
  Error Message:
   Assert.Equal() Failure: Values differ
Expected: 0
Actual:   1
  Stack Trace:
     at Marvel.View.Tests.PublicPendingSituationTests.PrimaryOwnerSurvivesASeparateAuthorizedOffTurnMenuWithoutLeakingDefenderMembership() in /Users/michael/Source/marvel-lcg/tests/Marvel.View.Tests/PublicPendingSituationTests.cs:line 89
   at System.RuntimeMethodHandle.InvokeMethod(Object target, Void** arguments, Signature sig, Boolean isConstructor)
   at System.Reflection.MethodBaseInvoker.InvokeWithNoArgs(Object obj, BindingFlags invokeAttr)

Failed!  - Failed:     5, Passed:     5, Skipped:     0, Total:    10, Duration: 161 ms - Marvel.View.Tests.dll (net8.0)
