  Marvel.Core -> /Users/michael/Source/marvel-lcg/src/Marvel.Core/bin/Release/net8.0/Marvel.Core.dll
  Marvel.Rules -> /Users/michael/Source/marvel-lcg/src/Marvel.Rules/bin/Release/net8.0/Marvel.Rules.dll
  Marvel.Cards -> /Users/michael/Source/marvel-lcg/src/Marvel.Cards/bin/Release/net8.0/Marvel.Cards.dll
  Marvel.Session -> /Users/michael/Source/marvel-lcg/src/Marvel.Session/bin/Release/net8.0/Marvel.Session.dll
  Marvel.Content -> /Users/michael/Source/marvel-lcg/src/Marvel.Content/bin/Release/net8.0/Marvel.Content.dll
  Marvel.Decisions -> /Users/michael/Source/marvel-lcg/src/Marvel.Decisions/bin/Release/net8.0/Marvel.Decisions.dll
  Marvel.View -> /Users/michael/Source/marvel-lcg/src/Marvel.View/bin/Release/net8.0/Marvel.View.dll
  Marvel.Server -> /Users/michael/Source/marvel-lcg/src/Marvel.Server/bin/Release/net8.0/Marvel.Server.dll
  Marvel.Server.Tests -> /Users/michael/Source/marvel-lcg/tests/Marvel.Server.Tests/bin/Release/net8.0/Marvel.Server.Tests.dll
Test run for /Users/michael/Source/marvel-lcg/tests/Marvel.Server.Tests/bin/Release/net8.0/Marvel.Server.Tests.dll (.NETCoreApp,Version=v8.0)
A total of 1 test files matched the specified pattern.
[xUnit.net 00:00:00.95]     Marvel.Server.Tests.PublicPendingSituationTransportTests.LegalTwoSeatCoreTableDistinguishesPrimaryOwnerFromOffTurnActionsAndReplacesBothOnSync(socket: False) [FAIL]
[xUnit.net 00:00:01.28]     Marvel.Server.Tests.PublicPendingSituationTransportTests.LegalTwoSeatCoreTableDistinguishesPrimaryOwnerFromOffTurnActionsAndReplacesBothOnSync(socket: True) [FAIL]
  Failed Marvel.Server.Tests.PublicPendingSituationTransportTests.LegalTwoSeatCoreTableDistinguishesPrimaryOwnerFromOffTurnActionsAndReplacesBothOnSync(socket: False) [435 ms]
  Error Message:
   Assert.Contains() Failure: Sub-string not found
String:    "Player phase · Round 1. Take actions or end your t"···
Not found: "Spider-Man's turn"
  Stack Trace:
     at Marvel.Server.Tests.PublicPendingSituationTransportTests.LegalTwoSeatCoreTableDistinguishesPrimaryOwnerFromOffTurnActionsAndReplacesBothOnSync(Boolean socket) in /Users/michael/Source/marvel-lcg/tests/Marvel.Server.Tests/PublicPendingSituationTransportTests.cs:line 47
--- End of stack trace from previous location ---
  Failed Marvel.Server.Tests.PublicPendingSituationTransportTests.LegalTwoSeatCoreTableDistinguishesPrimaryOwnerFromOffTurnActionsAndReplacesBothOnSync(socket: True) [332 ms]
  Error Message:
   Assert.Contains() Failure: Sub-string not found
String:    "Player phase · Round 1. Take actions or end your t"···
Not found: "Spider-Man's turn"
  Stack Trace:
     at Marvel.Server.Tests.PublicPendingSituationTransportTests.LegalTwoSeatCoreTableDistinguishesPrimaryOwnerFromOffTurnActionsAndReplacesBothOnSync(Boolean socket) in /Users/michael/Source/marvel-lcg/tests/Marvel.Server.Tests/PublicPendingSituationTransportTests.cs:line 47
--- End of stack trace from previous location ---

Failed!  - Failed:     2, Passed:     0, Skipped:     0, Total:     2, Duration: 783 ms - Marvel.Server.Tests.dll (net8.0)
