  Determining projects to restore...
  All projects are up-to-date for restore.
  Marvel.Core -> /Users/michael/Source/marvel-lcg/src/Marvel.Core/bin/Release/net8.0/Marvel.Core.dll
  Marvel.Rules -> /Users/michael/Source/marvel-lcg/src/Marvel.Rules/bin/Release/net8.0/Marvel.Rules.dll
  Marvel.Decisions -> /Users/michael/Source/marvel-lcg/src/Marvel.Decisions/bin/Release/net8.0/Marvel.Decisions.dll
  Marvel.Cards -> /Users/michael/Source/marvel-lcg/src/Marvel.Cards/bin/Release/net8.0/Marvel.Cards.dll
  Marvel.Content -> /Users/michael/Source/marvel-lcg/src/Marvel.Content/bin/Release/net8.0/Marvel.Content.dll
  Marvel.Session -> /Users/michael/Source/marvel-lcg/src/Marvel.Session/bin/Release/net8.0/Marvel.Session.dll
  Marvel.View -> /Users/michael/Source/marvel-lcg/src/Marvel.View/bin/Release/net8.0/Marvel.View.dll
  Marvel.Core -> /Users/michael/Source/marvel-lcg/src/Marvel.Core/bin/Release/net8.0/Marvel.Core.dll
  Marvel.Rules -> /Users/michael/Source/marvel-lcg/src/Marvel.Rules/bin/Release/net8.0/Marvel.Rules.dll
  Marvel.Server -> /Users/michael/Source/marvel-lcg/src/Marvel.Server/bin/embedded/Release/net8.0/Marvel.Server.dll
  Marvel.Client -> /Users/michael/Source/marvel-lcg/src/Marvel.Client/bin/Release/net8.0/Marvel.Client.dll
  Marvel.Godot -> /Users/michael/Source/marvel-lcg/src/Marvel.Godot/.godot/mono/temp/bin/Release/Marvel.Godot.dll
  Marvel.Server -> /Users/michael/Source/marvel-lcg/src/Marvel.Server/bin/Release/net8.0/Marvel.Server.dll
  Marvel.Godot.Tests -> /Users/michael/Source/marvel-lcg/tests/Marvel.Godot.Tests/bin/Release/net8.0/Marvel.Godot.Tests.dll
Test run for /Users/michael/Source/marvel-lcg/tests/Marvel.Godot.Tests/bin/Release/net8.0/Marvel.Godot.Tests.dll (.NETCoreApp,Version=v8.0)
A total of 1 test files matched the specified pattern.
[xUnit.net 00:00:00.54]     Marvel.Godot.Tests.SourceTargetInteractionTests.NoMatchOrUnavailableSourcePreservesTheExistingDraft [FAIL]
  Failed Marvel.Godot.Tests.SourceTargetInteractionTests.NoMatchOrUnavailableSourcePreservesTheExistingDraft [2 ms]
  Error Message:
   Assert.Empty() Failure: Collection was not empty
Collection: [AffordancePresentation { Id = 1, Label = Use source, Description = , Verb = Synthetic action, Anchor = Use source, AnchorId = 10, AnchorPlayer = 0, Illegal = , Targets = , Costs = System.String[], Consequence = , DisplayLabel = , AnchorKind = Card, Source = , TargetRequest = TargetRequest { Legal = System.Int32[], Min = 1, Max = 1, Groups = , MustIncludeTraits = , Rule = , IsSearch = False, AllowRepeated = False, MaximumOccurrences = , Details = , IsGrouped = False }, DeferredTargetSelection = False, CostOptions = Marvel.Rules.Prompts.CostOption[], Relationships = Marvel.View.TableRelationshipDescriptor[], CardAnchorId = 10 }]
  Stack Trace:
     at Marvel.Godot.Tests.SourceTargetInteractionTests.NoMatchOrUnavailableSourcePreservesTheExistingDraft() in /Users/michael/Source/marvel-lcg/tests/Marvel.Godot.Tests/SourceTargetInteractionTests.cs:line 35
   at System.RuntimeMethodHandle.InvokeMethod(Object target, Void** arguments, Signature sig, Boolean isConstructor)
   at System.Reflection.MethodBaseInvoker.InvokeWithNoArgs(Object obj, BindingFlags invokeAttr)

Failed!  - Failed:     1, Passed:     4, Skipped:     0, Total:     5, Duration: 38 ms - Marvel.Godot.Tests.dll (net8.0)
