  Determining projects to restore...
  All projects are up-to-date for restore.
  Marvel.Rulings.Harvest -> /private/tmp/marvel-lifecycle-mutants/tools/Marvel.Rulings.Harvest/bin/Release/net8.0/Marvel.Rulings.Harvest.dll
  Marvel.Core -> /private/tmp/marvel-lifecycle-mutants/src/Marvel.Core/bin/Release/net8.0/Marvel.Core.dll
  Marvel.Rules.Harvest -> /private/tmp/marvel-lifecycle-mutants/tools/Marvel.Rules.Harvest/bin/Release/net8.0/Marvel.Rules.Harvest.dll
  Marvel.MarvelCdb.Harvest -> /private/tmp/marvel-lifecycle-mutants/tools/Marvel.MarvelCdb.Harvest/bin/Release/net8.0/Marvel.MarvelCdb.Harvest.dll
  Marvel.Rules.Packs.Harvest -> /private/tmp/marvel-lifecycle-mutants/tools/Marvel.Rules.Packs.Harvest/bin/Release/net8.0/Marvel.Rules.Packs.Harvest.dll
  Marvel.Rules -> /private/tmp/marvel-lifecycle-mutants/src/Marvel.Rules/bin/Release/net8.0/Marvel.Rules.dll
  Marvel.Rules.Tests -> /private/tmp/marvel-lifecycle-mutants/tests/Marvel.Rules.Tests/bin/Release/net8.0/Marvel.Rules.Tests.dll
Test run for /private/tmp/marvel-lifecycle-mutants/tests/Marvel.Rules.Tests/bin/Release/net8.0/Marvel.Rules.Tests.dll (.NETCoreApp,Version=v8.0)
A total of 1 test files matched the specified pattern.
[xUnit.net 00:00:00.00] xUnit.net VSTest Adapter v3.1.5+1b188a7b0a (64-bit .NET 8.0.30)
[xUnit.net 00:00:00.15]   Discovering: Marvel.Rules.Tests
[xUnit.net 00:00:00.44]   Discovered:  Marvel.Rules.Tests
[xUnit.net 00:00:00.57]   Starting:    Marvel.Rules.Tests
[xUnit.net 00:00:00.64]     Marvel.Rules.Tests.Play.EffectiveCardLifecycleTests.DepartureEndsTheCopyBeforeReentry(destination: RemovedArea) [FAIL]
[xUnit.net 00:00:00.64]       Assert.NotSame() Failure: Values are the same instance
[xUnit.net 00:00:00.64]       Stack Trace:
[xUnit.net 00:00:00.64]         /private/tmp/marvel-lifecycle-mutants/tests/Marvel.Rules.Tests/Play/EffectiveCardLifecycleTests.cs(75,0): at Marvel.Rules.Tests.Play.EffectiveCardLifecycleTests.DepartureEndsTheCopyBeforeReentry(DeckType destination)
[xUnit.net 00:00:00.64]            at System.RuntimeMethodHandle.InvokeMethod(Object target, Void** arguments, Signature sig, Boolean isConstructor)
[xUnit.net 00:00:00.64]            at System.Reflection.MethodBaseInvoker.InvokeDirectByRefWithFewArgs(Object obj, Span`1 copyOfArgs, BindingFlags invokeAttr)
[xUnit.net 00:00:00.65]     Marvel.Rules.Tests.Play.EffectiveCardLifecycleTests.DepartureEndsTheCopyBeforeReentry(destination: HandsArea) [FAIL]
[xUnit.net 00:00:00.65]       Assert.NotSame() Failure: Values are the same instance
[xUnit.net 00:00:00.65]       Stack Trace:
[xUnit.net 00:00:00.65]         /private/tmp/marvel-lifecycle-mutants/tests/Marvel.Rules.Tests/Play/EffectiveCardLifecycleTests.cs(75,0): at Marvel.Rules.Tests.Play.EffectiveCardLifecycleTests.DepartureEndsTheCopyBeforeReentry(DeckType destination)
[xUnit.net 00:00:00.65]            at InvokeStub_EffectiveCardLifecycleTests.DepartureEndsTheCopyBeforeReentry(Object, Span`1)
[xUnit.net 00:00:00.65]            at System.Reflection.MethodBaseInvoker.InvokeWithOneArg(Object obj, BindingFlags invokeAttr, Binder binder, Object[] parameters, CultureInfo culture)
[xUnit.net 00:00:00.65]     Marvel.Rules.Tests.Play.EffectiveCardLifecycleTests.DepartureEndsTheCopyBeforeReentry(destination: DiscardPile) [FAIL]
[xUnit.net 00:00:00.65]       Assert.NotSame() Failure: Values are the same instance
[xUnit.net 00:00:00.65]       Stack Trace:
[xUnit.net 00:00:00.65]         /private/tmp/marvel-lifecycle-mutants/tests/Marvel.Rules.Tests/Play/EffectiveCardLifecycleTests.cs(75,0): at Marvel.Rules.Tests.Play.EffectiveCardLifecycleTests.DepartureEndsTheCopyBeforeReentry(DeckType destination)
[xUnit.net 00:00:00.65]            at InvokeStub_EffectiveCardLifecycleTests.DepartureEndsTheCopyBeforeReentry(Object, Span`1)
[xUnit.net 00:00:00.65]            at System.Reflection.MethodBaseInvoker.InvokeWithOneArg(Object obj, BindingFlags invokeAttr, Binder binder, Object[] parameters, CultureInfo culture)
[xUnit.net 00:00:00.65]     Marvel.Rules.Tests.Play.EffectiveCardLifecycleTests.DepartureEndsTheCopyBeforeReentry(destination: VictoryDisplay) [FAIL]
[xUnit.net 00:00:00.65]       Assert.NotSame() Failure: Values are the same instance
[xUnit.net 00:00:00.65]       Stack Trace:
[xUnit.net 00:00:00.65]         /private/tmp/marvel-lifecycle-mutants/tests/Marvel.Rules.Tests/Play/EffectiveCardLifecycleTests.cs(75,0): at Marvel.Rules.Tests.Play.EffectiveCardLifecycleTests.DepartureEndsTheCopyBeforeReentry(DeckType destination)
[xUnit.net 00:00:00.65]            at InvokeStub_EffectiveCardLifecycleTests.DepartureEndsTheCopyBeforeReentry(Object, Span`1)
[xUnit.net 00:00:00.65]            at System.Reflection.MethodBaseInvoker.InvokeWithOneArg(Object obj, BindingFlags invokeAttr, Binder binder, Object[] parameters, CultureInfo culture)
[xUnit.net 00:00:00.65]   Finished:    Marvel.Rules.Tests (ID = '228cb9eaaec617d2fb19c40edfdc934474f02715756fdeae73ca7c3bd954f882')
  Failed Marvel.Rules.Tests.Play.EffectiveCardLifecycleTests.DepartureEndsTheCopyBeforeReentry(destination: RemovedArea) [19 ms]
  Error Message:
   Assert.NotSame() Failure: Values are the same instance
  Stack Trace:
     at Marvel.Rules.Tests.Play.EffectiveCardLifecycleTests.DepartureEndsTheCopyBeforeReentry(DeckType destination) in /private/tmp/marvel-lifecycle-mutants/tests/Marvel.Rules.Tests/Play/EffectiveCardLifecycleTests.cs:line 75
   at System.RuntimeMethodHandle.InvokeMethod(Object target, Void** arguments, Signature sig, Boolean isConstructor)
   at System.Reflection.MethodBaseInvoker.InvokeDirectByRefWithFewArgs(Object obj, Span`1 copyOfArgs, BindingFlags invokeAttr)
  Failed Marvel.Rules.Tests.Play.EffectiveCardLifecycleTests.DepartureEndsTheCopyBeforeReentry(destination: HandsArea) [< 1 ms]
  Error Message:
   Assert.NotSame() Failure: Values are the same instance
  Stack Trace:
     at Marvel.Rules.Tests.Play.EffectiveCardLifecycleTests.DepartureEndsTheCopyBeforeReentry(DeckType destination) in /private/tmp/marvel-lifecycle-mutants/tests/Marvel.Rules.Tests/Play/EffectiveCardLifecycleTests.cs:line 75
   at InvokeStub_EffectiveCardLifecycleTests.DepartureEndsTheCopyBeforeReentry(Object, Span`1)
   at System.Reflection.MethodBaseInvoker.InvokeWithOneArg(Object obj, BindingFlags invokeAttr, Binder binder, Object[] parameters, CultureInfo culture)
  Failed Marvel.Rules.Tests.Play.EffectiveCardLifecycleTests.DepartureEndsTheCopyBeforeReentry(destination: DiscardPile) [< 1 ms]
  Error Message:
   Assert.NotSame() Failure: Values are the same instance
  Stack Trace:
     at Marvel.Rules.Tests.Play.EffectiveCardLifecycleTests.DepartureEndsTheCopyBeforeReentry(DeckType destination) in /private/tmp/marvel-lifecycle-mutants/tests/Marvel.Rules.Tests/Play/EffectiveCardLifecycleTests.cs:line 75
   at InvokeStub_EffectiveCardLifecycleTests.DepartureEndsTheCopyBeforeReentry(Object, Span`1)
   at System.Reflection.MethodBaseInvoker.InvokeWithOneArg(Object obj, BindingFlags invokeAttr, Binder binder, Object[] parameters, CultureInfo culture)
  Failed Marvel.Rules.Tests.Play.EffectiveCardLifecycleTests.DepartureEndsTheCopyBeforeReentry(destination: VictoryDisplay) [< 1 ms]
  Error Message:
   Assert.NotSame() Failure: Values are the same instance
  Stack Trace:
     at Marvel.Rules.Tests.Play.EffectiveCardLifecycleTests.DepartureEndsTheCopyBeforeReentry(DeckType destination) in /private/tmp/marvel-lifecycle-mutants/tests/Marvel.Rules.Tests/Play/EffectiveCardLifecycleTests.cs:line 75
   at InvokeStub_EffectiveCardLifecycleTests.DepartureEndsTheCopyBeforeReentry(Object, Span`1)
   at System.Reflection.MethodBaseInvoker.InvokeWithOneArg(Object obj, BindingFlags invokeAttr, Binder binder, Object[] parameters, CultureInfo culture)

Test Run Failed.
Total tests: 4
     Failed: 4
 Total time: 0.9721 Seconds
