  Determining projects to restore...
  All projects are up-to-date for restore.
  Marvel.Core -> /private/tmp/marvel-lifecycle-mutants/src/Marvel.Core/bin/Release/net8.0/Marvel.Core.dll
  Marvel.Rules -> /private/tmp/marvel-lifecycle-mutants/src/Marvel.Rules/bin/Release/net8.0/Marvel.Rules.dll
  Marvel.Content -> /private/tmp/marvel-lifecycle-mutants/src/Marvel.Content/bin/Release/net8.0/Marvel.Content.dll
  Marvel.Cards -> /private/tmp/marvel-lifecycle-mutants/src/Marvel.Cards/bin/Release/net8.0/Marvel.Cards.dll
  Marvel.Behavior.Run -> /private/tmp/marvel-lifecycle-mutants/tools/Marvel.Behavior.Run/bin/Release/net8.0/Marvel.Behavior.Run.dll
  Marvel.Content.Tests -> /private/tmp/marvel-lifecycle-mutants/tests/Marvel.Content.Tests/bin/Release/net8.0/Marvel.Content.Tests.dll
Test run for /private/tmp/marvel-lifecycle-mutants/tests/Marvel.Content.Tests/bin/Release/net8.0/Marvel.Content.Tests.dll (.NETCoreApp,Version=v8.0)
A total of 1 test files matched the specified pattern.
[xUnit.net 00:00:00.00] xUnit.net VSTest Adapter v3.1.5+1b188a7b0a (64-bit .NET 8.0.30)
[xUnit.net 00:00:00.12]   Discovering: Marvel.Content.Tests
[xUnit.net 00:00:00.68]   Discovered:  Marvel.Content.Tests
[xUnit.net 00:00:00.80]   Starting:    Marvel.Content.Tests
[xUnit.net 00:00:01.02]     Marvel.Content.Tests.Play.FacedownMinionAdmissionTests.SingularQueriesAfterHandMovementAreRejectedBeforeMutation(prior: "returnOwnedToHand", next: "returnOwnedToHand") [FAIL]
[xUnit.net 00:00:01.03]       Assert.Throws() Failure: No exception was thrown
[xUnit.net 00:00:01.03]       Expected: typeof(Marvel.Rules.Play.RulesNotImplementedException)
[xUnit.net 00:00:01.03]       Stack Trace:
[xUnit.net 00:00:01.03]         /private/tmp/marvel-lifecycle-mutants/tests/Marvel.Content.Tests/Play/FacedownMinionAdmissionTests.cs(82,0): at Marvel.Content.Tests.Play.FacedownMinionAdmissionTests.SingularQueriesAfterHandMovementAreRejectedBeforeMutation(String prior, String next)
[xUnit.net 00:00:01.03]            at System.RuntimeMethodHandle.InvokeMethod(Object target, Void** arguments, Signature sig, Boolean isConstructor)
[xUnit.net 00:00:01.03]            at System.Reflection.MethodBaseInvoker.InvokeDirectByRefWithFewArgs(Object obj, Span`1 copyOfArgs, BindingFlags invokeAttr)
[xUnit.net 00:00:01.12]     Marvel.Content.Tests.Play.FacedownMinionAdmissionTests.SingularQueriesAfterHandMovementAreRejectedBeforeMutation(prior: "addToHand", next: "returnOwnedToHand") [FAIL]
[xUnit.net 00:00:01.12]       Assert.Throws() Failure: No exception was thrown
[xUnit.net 00:00:01.12]       Expected: typeof(Marvel.Rules.Play.RulesNotImplementedException)
[xUnit.net 00:00:01.12]       Stack Trace:
[xUnit.net 00:00:01.12]         /private/tmp/marvel-lifecycle-mutants/tests/Marvel.Content.Tests/Play/FacedownMinionAdmissionTests.cs(82,0): at Marvel.Content.Tests.Play.FacedownMinionAdmissionTests.SingularQueriesAfterHandMovementAreRejectedBeforeMutation(String prior, String next)
[xUnit.net 00:00:01.12]            at InvokeStub_FacedownMinionAdmissionTests.SingularQueriesAfterHandMovementAreRejectedBeforeMutation(Object, Span`1)
[xUnit.net 00:00:01.12]            at System.Reflection.MethodBaseInvoker.InvokeWithFewArgs(Object obj, BindingFlags invokeAttr, Binder binder, Object[] parameters, CultureInfo culture)
[xUnit.net 00:00:01.21]     Marvel.Content.Tests.Play.FacedownMinionAdmissionTests.SingularQueriesAfterHandMovementAreRejectedBeforeMutation(prior: "returnOwnedToDiscard", next: "returnOwnedToHand") [FAIL]
[xUnit.net 00:00:01.21]       Assert.Throws() Failure: No exception was thrown
[xUnit.net 00:00:01.21]       Expected: typeof(Marvel.Rules.Play.RulesNotImplementedException)
[xUnit.net 00:00:01.21]       Stack Trace:
[xUnit.net 00:00:01.21]         /private/tmp/marvel-lifecycle-mutants/tests/Marvel.Content.Tests/Play/FacedownMinionAdmissionTests.cs(82,0): at Marvel.Content.Tests.Play.FacedownMinionAdmissionTests.SingularQueriesAfterHandMovementAreRejectedBeforeMutation(String prior, String next)
[xUnit.net 00:00:01.21]            at InvokeStub_FacedownMinionAdmissionTests.SingularQueriesAfterHandMovementAreRejectedBeforeMutation(Object, Span`1)
[xUnit.net 00:00:01.21]            at System.Reflection.MethodBaseInvoker.InvokeWithFewArgs(Object obj, BindingFlags invokeAttr, Binder binder, Object[] parameters, CultureInfo culture)
[xUnit.net 00:00:01.31]     Marvel.Content.Tests.Play.FacedownMinionAdmissionTests.SingularQueriesAfterHandMovementAreRejectedBeforeMutation(prior: "returnOwnedToDiscard", next: "addToHand") [FAIL]
[xUnit.net 00:00:01.31]       Assert.Throws() Failure: No exception was thrown
[xUnit.net 00:00:01.31]       Expected: typeof(Marvel.Rules.Play.RulesNotImplementedException)
[xUnit.net 00:00:01.31]       Stack Trace:
[xUnit.net 00:00:01.31]         /private/tmp/marvel-lifecycle-mutants/tests/Marvel.Content.Tests/Play/FacedownMinionAdmissionTests.cs(82,0): at Marvel.Content.Tests.Play.FacedownMinionAdmissionTests.SingularQueriesAfterHandMovementAreRejectedBeforeMutation(String prior, String next)
[xUnit.net 00:00:01.31]            at InvokeStub_FacedownMinionAdmissionTests.SingularQueriesAfterHandMovementAreRejectedBeforeMutation(Object, Span`1)
[xUnit.net 00:00:01.31]            at System.Reflection.MethodBaseInvoker.InvokeWithFewArgs(Object obj, BindingFlags invokeAttr, Binder binder, Object[] parameters, CultureInfo culture)
[xUnit.net 00:00:01.40]     Marvel.Content.Tests.Play.FacedownMinionAdmissionTests.SingularQueriesAfterHandMovementAreRejectedBeforeMutation(prior: "addToHand", next: "addToHand") [FAIL]
[xUnit.net 00:00:01.40]       Assert.Throws() Failure: No exception was thrown
[xUnit.net 00:00:01.40]       Expected: typeof(Marvel.Rules.Play.RulesNotImplementedException)
[xUnit.net 00:00:01.40]       Stack Trace:
[xUnit.net 00:00:01.40]         /private/tmp/marvel-lifecycle-mutants/tests/Marvel.Content.Tests/Play/FacedownMinionAdmissionTests.cs(82,0): at Marvel.Content.Tests.Play.FacedownMinionAdmissionTests.SingularQueriesAfterHandMovementAreRejectedBeforeMutation(String prior, String next)
[xUnit.net 00:00:01.40]            at InvokeStub_FacedownMinionAdmissionTests.SingularQueriesAfterHandMovementAreRejectedBeforeMutation(Object, Span`1)
[xUnit.net 00:00:01.40]            at System.Reflection.MethodBaseInvoker.InvokeWithFewArgs(Object obj, BindingFlags invokeAttr, Binder binder, Object[] parameters, CultureInfo culture)
  Failed Marvel.Content.Tests.Play.FacedownMinionAdmissionTests.SingularQueriesAfterHandMovementAreRejectedBeforeMutation(prior: "returnOwnedToHand", next: "returnOwnedToHand") [175 ms]
  Error Message:
   Assert.Throws() Failure: No exception was thrown
Expected: typeof(Marvel.Rules.Play.RulesNotImplementedException)
  Stack Trace:
     at Marvel.Content.Tests.Play.FacedownMinionAdmissionTests.SingularQueriesAfterHandMovementAreRejectedBeforeMutation(String prior, String next) in /private/tmp/marvel-lifecycle-mutants/tests/Marvel.Content.Tests/Play/FacedownMinionAdmissionTests.cs:line 82
   at System.RuntimeMethodHandle.InvokeMethod(Object target, Void** arguments, Signature sig, Boolean isConstructor)
   at System.Reflection.MethodBaseInvoker.InvokeDirectByRefWithFewArgs(Object obj, Span`1 copyOfArgs, BindingFlags invokeAttr)
  Failed Marvel.Content.Tests.Play.FacedownMinionAdmissionTests.SingularQueriesAfterHandMovementAreRejectedBeforeMutation(prior: "addToHand", next: "returnOwnedToHand") [92 ms]
  Error Message:
   Assert.Throws() Failure: No exception was thrown
Expected: typeof(Marvel.Rules.Play.RulesNotImplementedException)
  Stack Trace:
     at Marvel.Content.Tests.Play.FacedownMinionAdmissionTests.SingularQueriesAfterHandMovementAreRejectedBeforeMutation(String prior, String next) in /private/tmp/marvel-lifecycle-mutants/tests/Marvel.Content.Tests/Play/FacedownMinionAdmissionTests.cs:line 82
   at InvokeStub_FacedownMinionAdmissionTests.SingularQueriesAfterHandMovementAreRejectedBeforeMutation(Object, Span`1)
   at System.Reflection.MethodBaseInvoker.InvokeWithFewArgs(Object obj, BindingFlags invokeAttr, Binder binder, Object[] parameters, CultureInfo culture)
  Failed Marvel.Content.Tests.Play.FacedownMinionAdmissionTests.SingularQueriesAfterHandMovementAreRejectedBeforeMutation(prior: "returnOwnedToDiscard", next: "returnOwnedToHand") [93 ms]
  Error Message:
   Assert.Throws() Failure: No exception was thrown
Expected: typeof(Marvel.Rules.Play.RulesNotImplementedException)
  Stack Trace:
     at Marvel.Content.Tests.Play.FacedownMinionAdmissionTests.SingularQueriesAfterHandMovementAreRejectedBeforeMutation(String prior, String next) in /private/tmp/marvel-lifecycle-mutants/tests/Marvel.Content.Tests/Play/FacedownMinionAdmissionTests.cs:line 82
   at InvokeStub_FacedownMinionAdmissionTests.SingularQueriesAfterHandMovementAreRejectedBeforeMutation(Object, Span`1)
   at System.Reflection.MethodBaseInvoker.InvokeWithFewArgs(Object obj, BindingFlags invokeAttr, Binder binder, Object[] parameters, CultureInfo culture)
  Failed Marvel.Content.Tests.Play.FacedownMinionAdmissionTests.SingularQueriesAfterHandMovementAreRejectedBeforeMutation(prior: "returnOwnedToDiscard", next: "addToHand") [92 ms]
  Error Message:
   Assert.Throws() Failure: No exception was thrown
Expected: typeof(Marvel.Rules.Play.RulesNotImplementedException)
  Stack Trace:
     at Marvel.Content.Tests.Play.FacedownMinionAdmissionTests.SingularQueriesAfterHandMovementAreRejectedBeforeMutation(String prior, String next) in /private/tmp/marvel-lifecycle-mutants/tests/Marvel.Content.Tests/Play/FacedownMinionAdmissionTests.cs:line 82
   at InvokeStub_FacedownMinionAdmissionTests.SingularQueriesAfterHandMovementAreRejectedBeforeMutation(Object, Span`1)
   at System.Reflection.MethodBaseInvoker.InvokeWithFewArgs(Object obj, BindingFlags invokeAttr, Binder binder, Object[] parameters, CultureInfo culture)
  Failed Marvel.Content.Tests.Play.FacedownMinionAdmissionTests.SingularQueriesAfterHandMovementAreRejectedBeforeMutation(prior: "addToHand", next: "addToHand") [88 ms]
  Error Message:
   Assert.Throws() Failure: No exception was thrown
Expected: typeof(Marvel.Rules.Play.RulesNotImplementedException)
  Stack Trace:
     at Marvel.Content.Tests.Play.FacedownMinionAdmissionTests.SingularQueriesAfterHandMovementAreRejectedBeforeMutation(String prior, String next) in /private/tmp/marvel-lifecycle-mutants/tests/Marvel.Content.Tests/Play/FacedownMinionAdmissionTests.cs:line 82
   at InvokeStub_FacedownMinionAdmissionTests.SingularQueriesAfterHandMovementAreRejectedBeforeMutation(Object, Span`1)
   at System.Reflection.MethodBaseInvoker.InvokeWithFewArgs(Object obj, BindingFlags invokeAttr, Binder binder, Object[] parameters, CultureInfo culture)
[xUnit.net 00:00:01.50]     Marvel.Content.Tests.Play.FacedownMinionAdmissionTests.SingularQueriesAfterHandMovementAreRejectedBeforeMutation(prior: "returnOwnedToHand", next: "addToHand") [FAIL]
[xUnit.net 00:00:01.50]       Assert.Throws() Failure: No exception was thrown
[xUnit.net 00:00:01.50]       Expected: typeof(Marvel.Rules.Play.RulesNotImplementedException)
[xUnit.net 00:00:01.50]       Stack Trace:
[xUnit.net 00:00:01.50]         /private/tmp/marvel-lifecycle-mutants/tests/Marvel.Content.Tests/Play/FacedownMinionAdmissionTests.cs(82,0): at Marvel.Content.Tests.Play.FacedownMinionAdmissionTests.SingularQueriesAfterHandMovementAreRejectedBeforeMutation(String prior, String next)
[xUnit.net 00:00:01.50]            at InvokeStub_FacedownMinionAdmissionTests.SingularQueriesAfterHandMovementAreRejectedBeforeMutation(Object, Span`1)
[xUnit.net 00:00:01.50]            at System.Reflection.MethodBaseInvoker.InvokeWithFewArgs(Object obj, BindingFlags invokeAttr, Binder binder, Object[] parameters, CultureInfo culture)
[xUnit.net 00:00:01.51]   Finished:    Marvel.Content.Tests (ID = '007d633fd80b2ca833d94ef41053909e0c82bdff4c6a314831e5ee28032452b8')
  Failed Marvel.Content.Tests.Play.FacedownMinionAdmissionTests.SingularQueriesAfterHandMovementAreRejectedBeforeMutation(prior: "returnOwnedToHand", next: "addToHand") [101 ms]
  Error Message:
   Assert.Throws() Failure: No exception was thrown
Expected: typeof(Marvel.Rules.Play.RulesNotImplementedException)
  Stack Trace:
     at Marvel.Content.Tests.Play.FacedownMinionAdmissionTests.SingularQueriesAfterHandMovementAreRejectedBeforeMutation(String prior, String next) in /private/tmp/marvel-lifecycle-mutants/tests/Marvel.Content.Tests/Play/FacedownMinionAdmissionTests.cs:line 82
   at InvokeStub_FacedownMinionAdmissionTests.SingularQueriesAfterHandMovementAreRejectedBeforeMutation(Object, Span`1)
   at System.Reflection.MethodBaseInvoker.InvokeWithFewArgs(Object obj, BindingFlags invokeAttr, Binder binder, Object[] parameters, CultureInfo culture)

Test Run Failed.
Total tests: 6
     Failed: 6
 Total time: 1.7560 Seconds
