  Determining projects to restore...
  All projects are up-to-date for restore.
  Marvel.Core -> /private/tmp/marvel-lifecycle-mutants/src/Marvel.Core/bin/Release/net8.0/Marvel.Core.dll
  Marvel.Rules -> /private/tmp/marvel-lifecycle-mutants/src/Marvel.Rules/bin/Release/net8.0/Marvel.Rules.dll
  Marvel.Content -> /private/tmp/marvel-lifecycle-mutants/src/Marvel.Content/bin/Release/net8.0/Marvel.Content.dll
  Marvel.Cards -> /private/tmp/marvel-lifecycle-mutants/src/Marvel.Cards/bin/Release/net8.0/Marvel.Cards.dll
  Marvel.Behavior.Run -> /private/tmp/marvel-lifecycle-mutants/tools/Marvel.Behavior.Run/bin/Release/net8.0/Marvel.Behavior.Run.dll
  Marvel.Content.Tests -> /private/tmp/marvel-lifecycle-mutants/tests/Marvel.Content.Tests/bin/Release/net8.0/Marvel.Content.Tests.dll
Test run for /private/tmp/marvel-lifecycle-mutants/tests/Marvel.Content.Tests/bin/Release/net8.0/Marvel.Content.Tests.dll (.NETCoreApp,Version=v8.0)
A total of 1 test files matched the specified pattern.
[xUnit.net 00:00:00.00] xUnit.net VSTest Adapter v3.1.5+1b188a7b0a (64-bit .NET 8.0.30)
[xUnit.net 00:00:00.12]   Discovering: Marvel.Content.Tests
[xUnit.net 00:00:00.68]   Discovered:  Marvel.Content.Tests
[xUnit.net 00:00:00.80]   Starting:    Marvel.Content.Tests
[xUnit.net 00:00:00.95]     Marvel.Content.Tests.Play.ComposableCardSelectionTests.PublicPlayerAreasIncludeHostedUpgradesControlledByThatPlayer [FAIL]
[xUnit.net 00:00:00.95]       Assert.Equal() Failure: Collections differ
[xUnit.net 00:00:00.95]                              ↓ (pos 0)
[xUnit.net 00:00:00.95]       Expected: <generated> [Card { Area = Area { CardOwner = 1, Cards = [···], Host = 3, Id = 14, PlayArea = p0, ··· }, Damage = 0, FaceId = "01074", FaceIndex = 0, FaceUp = True, ··· }]
[xUnit.net 00:00:00.95]       Actual:   <generated> []
[xUnit.net 00:00:00.95]       Stack Trace:
[xUnit.net 00:00:00.95]         /private/tmp/marvel-lifecycle-mutants/tests/Marvel.Content.Tests/Play/ComposableCardSelectionTests.cs(54,0): at Marvel.Content.Tests.Play.ComposableCardSelectionTests.PublicPlayerAreasIncludeHostedUpgradesControlledByThatPlayer()
[xUnit.net 00:00:00.95]            at System.RuntimeMethodHandle.InvokeMethod(Object target, Void** arguments, Signature sig, Boolean isConstructor)
[xUnit.net 00:00:00.95]            at System.Reflection.MethodBaseInvoker.InvokeWithNoArgs(Object obj, BindingFlags invokeAttr)
[xUnit.net 00:00:00.96]   Finished:    Marvel.Content.Tests (ID = '007d633fd80b2ca833d94ef41053909e0c82bdff4c6a314831e5ee28032452b8')
  Failed Marvel.Content.Tests.Play.ComposableCardSelectionTests.PublicPlayerAreasIncludeHostedUpgradesControlledByThatPlayer [109 ms]
  Error Message:
   Assert.Equal() Failure: Collections differ
                       ↓ (pos 0)
Expected: <generated> [Card { Area = Area { CardOwner = 1, Cards = [···], Host = 3, Id = 14, PlayArea = p0, ··· }, Damage = 0, FaceId = "01074", FaceIndex = 0, FaceUp = True, ··· }]
Actual:   <generated> []
  Stack Trace:
     at Marvel.Content.Tests.Play.ComposableCardSelectionTests.PublicPlayerAreasIncludeHostedUpgradesControlledByThatPlayer() in /private/tmp/marvel-lifecycle-mutants/tests/Marvel.Content.Tests/Play/ComposableCardSelectionTests.cs:line 54
   at System.RuntimeMethodHandle.InvokeMethod(Object target, Void** arguments, Signature sig, Boolean isConstructor)
   at System.Reflection.MethodBaseInvoker.InvokeWithNoArgs(Object obj, BindingFlags invokeAttr)

Test Run Failed.
Total tests: 1
     Failed: 1
 Total time: 1.2389 Seconds
