  Determining projects to restore...
  All projects are up-to-date for restore.
  Marvel.Core -> /private/tmp/marvel-lifecycle-mutants/src/Marvel.Core/bin/Release/net8.0/Marvel.Core.dll
  Marvel.Rules -> /private/tmp/marvel-lifecycle-mutants/src/Marvel.Rules/bin/Release/net8.0/Marvel.Rules.dll
  Marvel.Content -> /private/tmp/marvel-lifecycle-mutants/src/Marvel.Content/bin/Release/net8.0/Marvel.Content.dll
  Marvel.Cards -> /private/tmp/marvel-lifecycle-mutants/src/Marvel.Cards/bin/Release/net8.0/Marvel.Cards.dll
  Marvel.Behavior.Run -> /private/tmp/marvel-lifecycle-mutants/tools/Marvel.Behavior.Run/bin/Release/net8.0/Marvel.Behavior.Run.dll
  Marvel.Content.Tests -> /private/tmp/marvel-lifecycle-mutants/tests/Marvel.Content.Tests/bin/Release/net8.0/Marvel.Content.Tests.dll
Test run for /private/tmp/marvel-lifecycle-mutants/tests/Marvel.Content.Tests/bin/Release/net8.0/Marvel.Content.Tests.dll (.NETCoreApp,Version=v8.0)
A total of 1 test files matched the specified pattern.
[xUnit.net 00:00:00.00] xUnit.net VSTest Adapter v3.1.5+1b188a7b0a (64-bit .NET 8.0.30)
[xUnit.net 00:00:00.16]   Discovering: Marvel.Content.Tests
[xUnit.net 00:00:01.57]   Discovered:  Marvel.Content.Tests
[xUnit.net 00:00:01.77]   Starting:    Marvel.Content.Tests
[xUnit.net 00:00:02.55]     Marvel.Content.Tests.Play.ActionAbilityContinuationsANoOpPlayerFramePreservesEarlierDamageForLaterPreflightTests.EngagementRelativeQueriesUseTheTraceLocalPlayer(selector: "{\"inObjectIdOrder\":{\"inPlayerArea\":{\"area\":\"···) [FAIL]
[xUnit.net 00:00:02.55]       Assert.Throws() Failure: No exception was thrown
[xUnit.net 00:00:02.55]       Expected: typeof(Marvel.Rules.Play.RulesNotImplementedException)
[xUnit.net 00:00:02.55]       Stack Trace:
[xUnit.net 00:00:02.55]         /private/tmp/marvel-lifecycle-mutants/tests/Marvel.Content.Tests/Play/ActionAbility.Continuations.1.ANoOpPlayerFramePreservesEarlierDamageForLaterPreflight.Tests.cs(178,0): at Marvel.Content.Tests.Play.ActionAbilityContinuationsANoOpPlayerFramePreservesEarlierDamageForLaterPreflightTests.EngagementRelativeQueriesUseTheTraceLocalPlayer(String selector)
[xUnit.net 00:00:02.55]            at InvokeStub_ActionAbilityContinuationsANoOpPlayerFramePreservesEarlierDamageForLaterPreflightTests.EngagementRelativeQueriesUseTheTraceLocalPlayer(Object, Span`1)
[xUnit.net 00:00:02.55]            at System.Reflection.MethodBaseInvoker.InvokeWithOneArg(Object obj, BindingFlags invokeAttr, Binder binder, Object[] parameters, CultureInfo culture)
[xUnit.net 00:00:02.65]     Marvel.Content.Tests.Play.ActionAbilityContinuationsANoOpPlayerFramePreservesEarlierDamageForLaterPreflightTests.EngagementRelativeQueriesUseTheTraceLocalPlayer(selector: "{\"inPlayerArea\":{\"area\":\"engagedEnemies\",\"p"···) [FAIL]
[xUnit.net 00:00:02.65]       Assert.Throws() Failure: No exception was thrown
[xUnit.net 00:00:02.65]       Expected: typeof(Marvel.Rules.Play.RulesNotImplementedException)
[xUnit.net 00:00:02.65]       Stack Trace:
[xUnit.net 00:00:02.65]         /private/tmp/marvel-lifecycle-mutants/tests/Marvel.Content.Tests/Play/ActionAbility.Continuations.1.ANoOpPlayerFramePreservesEarlierDamageForLaterPreflight.Tests.cs(178,0): at Marvel.Content.Tests.Play.ActionAbilityContinuationsANoOpPlayerFramePreservesEarlierDamageForLaterPreflightTests.EngagementRelativeQueriesUseTheTraceLocalPlayer(String selector)
[xUnit.net 00:00:02.65]            at InvokeStub_ActionAbilityContinuationsANoOpPlayerFramePreservesEarlierDamageForLaterPreflightTests.EngagementRelativeQueriesUseTheTraceLocalPlayer(Object, Span`1)
[xUnit.net 00:00:02.65]            at System.Reflection.MethodBaseInvoker.InvokeWithOneArg(Object obj, BindingFlags invokeAttr, Binder binder, Object[] parameters, CultureInfo culture)
[xUnit.net 00:00:02.76]   Finished:    Marvel.Content.Tests (ID = '007d633fd80b2ca833d94ef41053909e0c82bdff4c6a314831e5ee28032452b8')
  Passed Marvel.Content.Tests.Play.ActionAbilityContinuationsANoOpPlayerFramePreservesEarlierDamageForLaterPreflightTests.EngagementRelativeQueriesUseTheTraceLocalPlayer(selector: "{\"inObjectIdOrder\":{\"query\":\"minionsEngagedWi"···) [556 ms]
  Failed Marvel.Content.Tests.Play.ActionAbilityContinuationsANoOpPlayerFramePreservesEarlierDamageForLaterPreflightTests.EngagementRelativeQueriesUseTheTraceLocalPlayer(selector: "{\"inObjectIdOrder\":{\"inPlayerArea\":{\"area\":\"···) [120 ms]
  Error Message:
   Assert.Throws() Failure: No exception was thrown
Expected: typeof(Marvel.Rules.Play.RulesNotImplementedException)
  Stack Trace:
     at Marvel.Content.Tests.Play.ActionAbilityContinuationsANoOpPlayerFramePreservesEarlierDamageForLaterPreflightTests.EngagementRelativeQueriesUseTheTraceLocalPlayer(String selector) in /private/tmp/marvel-lifecycle-mutants/tests/Marvel.Content.Tests/Play/ActionAbility.Continuations.1.ANoOpPlayerFramePreservesEarlierDamageForLaterPreflight.Tests.cs:line 178
   at InvokeStub_ActionAbilityContinuationsANoOpPlayerFramePreservesEarlierDamageForLaterPreflightTests.EngagementRelativeQueriesUseTheTraceLocalPlayer(Object, Span`1)
   at System.Reflection.MethodBaseInvoker.InvokeWithOneArg(Object obj, BindingFlags invokeAttr, Binder binder, Object[] parameters, CultureInfo culture)
  Failed Marvel.Content.Tests.Play.ActionAbilityContinuationsANoOpPlayerFramePreservesEarlierDamageForLaterPreflightTests.EngagementRelativeQueriesUseTheTraceLocalPlayer(selector: "{\"inPlayerArea\":{\"area\":\"engagedEnemies\",\"p"···) [94 ms]
  Error Message:
   Assert.Throws() Failure: No exception was thrown
Expected: typeof(Marvel.Rules.Play.RulesNotImplementedException)
  Stack Trace:
     at Marvel.Content.Tests.Play.ActionAbilityContinuationsANoOpPlayerFramePreservesEarlierDamageForLaterPreflightTests.EngagementRelativeQueriesUseTheTraceLocalPlayer(String selector) in /private/tmp/marvel-lifecycle-mutants/tests/Marvel.Content.Tests/Play/ActionAbility.Continuations.1.ANoOpPlayerFramePreservesEarlierDamageForLaterPreflight.Tests.cs:line 178
   at InvokeStub_ActionAbilityContinuationsANoOpPlayerFramePreservesEarlierDamageForLaterPreflightTests.EngagementRelativeQueriesUseTheTraceLocalPlayer(Object, Span`1)
   at System.Reflection.MethodBaseInvoker.InvokeWithOneArg(Object obj, BindingFlags invokeAttr, Binder binder, Object[] parameters, CultureInfo culture)
  Passed Marvel.Content.Tests.Play.ActionAbilityContinuationsANoOpPlayerFramePreservesEarlierDamageForLaterPreflightTests.EngagementRelativeQueriesUseTheTraceLocalPlayer(selector: "{\"query\":\"minionsEngagedWithYou\"}") [102 ms]

Test Run Failed.
Total tests: 4
     Passed: 2
     Failed: 2
 Total time: 3.1971 Seconds
