  Determining projects to restore...
  All projects are up-to-date for restore.
  Marvel.Core -> /private/tmp/marvel-lifecycle-mutants/src/Marvel.Core/bin/Release/net8.0/Marvel.Core.dll
  Marvel.Rules -> /private/tmp/marvel-lifecycle-mutants/src/Marvel.Rules/bin/Release/net8.0/Marvel.Rules.dll
  Marvel.Content -> /private/tmp/marvel-lifecycle-mutants/src/Marvel.Content/bin/Release/net8.0/Marvel.Content.dll
  Marvel.Cards -> /private/tmp/marvel-lifecycle-mutants/src/Marvel.Cards/bin/Release/net8.0/Marvel.Cards.dll
  Marvel.Behavior.Run -> /private/tmp/marvel-lifecycle-mutants/tools/Marvel.Behavior.Run/bin/Release/net8.0/Marvel.Behavior.Run.dll
  Marvel.Content.Tests -> /private/tmp/marvel-lifecycle-mutants/tests/Marvel.Content.Tests/bin/Release/net8.0/Marvel.Content.Tests.dll
Test run for /private/tmp/marvel-lifecycle-mutants/tests/Marvel.Content.Tests/bin/Release/net8.0/Marvel.Content.Tests.dll (.NETCoreApp,Version=v8.0)
A total of 1 test files matched the specified pattern.
[xUnit.net 00:00:00.00] xUnit.net VSTest Adapter v3.1.5+1b188a7b0a (64-bit .NET 8.0.30)
[xUnit.net 00:00:00.13]   Discovering: Marvel.Content.Tests
[xUnit.net 00:00:00.72]   Discovered:  Marvel.Content.Tests
[xUnit.net 00:00:00.85]   Starting:    Marvel.Content.Tests
[xUnit.net 00:00:00.94]     Marvel.Content.Tests.Cards.TemporaryProfileLoweringTests.AssignmentReferencesAreResolvedBeforeAnyGameCanRun(effect: "{\"returnOwnedToDiscard\":{\"defeatedWithProfile\""···) [FAIL]
[xUnit.net 00:00:00.94]       Assert.Throws() Failure: No exception was thrown
[xUnit.net 00:00:00.94]       Expected: typeof(Marvel.Cards.Dsl.AbilityException)
[xUnit.net 00:00:00.94]       Stack Trace:
[xUnit.net 00:00:00.94]         /private/tmp/marvel-lifecycle-mutants/tests/Marvel.Content.Tests/Cards/TemporaryProfileLoweringTests.cs(22,0): at Marvel.Content.Tests.Cards.TemporaryProfileLoweringTests.AssignmentReferencesAreResolvedBeforeAnyGameCanRun(String effect)
[xUnit.net 00:00:00.94]            at System.RuntimeMethodHandle.InvokeMethod(Object target, Void** arguments, Signature sig, Boolean isConstructor)
[xUnit.net 00:00:00.94]            at System.Reflection.MethodBaseInvoker.InvokeDirectByRefWithFewArgs(Object obj, Span`1 copyOfArgs, BindingFlags invokeAttr)
[xUnit.net 00:00:00.95]     Marvel.Content.Tests.Cards.TemporaryProfileLoweringTests.AssignmentReferencesAreResolvedBeforeAnyGameCanRun(effect: "{\"chooseCard\":{\"from\":{\"last\":{\"defeatedWit"···) [FAIL]
[xUnit.net 00:00:00.95]       Assert.Throws() Failure: No exception was thrown
[xUnit.net 00:00:00.95]       Expected: typeof(Marvel.Cards.Dsl.AbilityException)
[xUnit.net 00:00:00.95]       Stack Trace:
[xUnit.net 00:00:00.95]         /private/tmp/marvel-lifecycle-mutants/tests/Marvel.Content.Tests/Cards/TemporaryProfileLoweringTests.cs(22,0): at Marvel.Content.Tests.Cards.TemporaryProfileLoweringTests.AssignmentReferencesAreResolvedBeforeAnyGameCanRun(String effect)
[xUnit.net 00:00:00.95]            at InvokeStub_TemporaryProfileLoweringTests.AssignmentReferencesAreResolvedBeforeAnyGameCanRun(Object, Span`1)
[xUnit.net 00:00:00.95]            at System.Reflection.MethodBaseInvoker.InvokeWithOneArg(Object obj, BindingFlags invokeAttr, Binder binder, Object[] parameters, CultureInfo culture)
[xUnit.net 00:00:00.95]   Finished:    Marvel.Content.Tests (ID = '007d633fd80b2ca833d94ef41053909e0c82bdff4c6a314831e5ee28032452b8')
  Failed Marvel.Content.Tests.Cards.TemporaryProfileLoweringTests.AssignmentReferencesAreResolvedBeforeAnyGameCanRun(effect: "{\"returnOwnedToDiscard\":{\"defeatedWithProfile\""···) [37 ms]
  Error Message:
   Assert.Throws() Failure: No exception was thrown
Expected: typeof(Marvel.Cards.Dsl.AbilityException)
  Stack Trace:
     at Marvel.Content.Tests.Cards.TemporaryProfileLoweringTests.AssignmentReferencesAreResolvedBeforeAnyGameCanRun(String effect) in /private/tmp/marvel-lifecycle-mutants/tests/Marvel.Content.Tests/Cards/TemporaryProfileLoweringTests.cs:line 22
   at System.RuntimeMethodHandle.InvokeMethod(Object target, Void** arguments, Signature sig, Boolean isConstructor)
   at System.Reflection.MethodBaseInvoker.InvokeDirectByRefWithFewArgs(Object obj, Span`1 copyOfArgs, BindingFlags invokeAttr)
  Passed Marvel.Content.Tests.Cards.TemporaryProfileLoweringTests.AssignmentReferencesAreResolvedBeforeAnyGameCanRun(effect: "{\"engageTopAsMinion\":{\"player\":\"you\",\"count"···) [< 1 ms]
  Failed Marvel.Content.Tests.Cards.TemporaryProfileLoweringTests.AssignmentReferencesAreResolvedBeforeAnyGameCanRun(effect: "{\"chooseCard\":{\"from\":{\"last\":{\"defeatedWit"···) [< 1 ms]
  Error Message:
   Assert.Throws() Failure: No exception was thrown
Expected: typeof(Marvel.Cards.Dsl.AbilityException)
  Stack Trace:
     at Marvel.Content.Tests.Cards.TemporaryProfileLoweringTests.AssignmentReferencesAreResolvedBeforeAnyGameCanRun(String effect) in /private/tmp/marvel-lifecycle-mutants/tests/Marvel.Content.Tests/Cards/TemporaryProfileLoweringTests.cs:line 22
   at InvokeStub_TemporaryProfileLoweringTests.AssignmentReferencesAreResolvedBeforeAnyGameCanRun(Object, Span`1)
   at System.Reflection.MethodBaseInvoker.InvokeWithOneArg(Object obj, BindingFlags invokeAttr, Binder binder, Object[] parameters, CultureInfo culture)

Test Run Failed.
Total tests: 3
     Passed: 1
     Failed: 2
 Total time: 1.2301 Seconds
