  Determining projects to restore...
  All projects are up-to-date for restore.
  Marvel.Core -> /private/tmp/marvel-lifecycle-mutants/src/Marvel.Core/bin/Release/net8.0/Marvel.Core.dll
  Marvel.Rules -> /private/tmp/marvel-lifecycle-mutants/src/Marvel.Rules/bin/Release/net8.0/Marvel.Rules.dll
  Marvel.Content -> /private/tmp/marvel-lifecycle-mutants/src/Marvel.Content/bin/Release/net8.0/Marvel.Content.dll
  Marvel.Cards -> /private/tmp/marvel-lifecycle-mutants/src/Marvel.Cards/bin/Release/net8.0/Marvel.Cards.dll
  Marvel.Behavior.Run -> /private/tmp/marvel-lifecycle-mutants/tools/Marvel.Behavior.Run/bin/Release/net8.0/Marvel.Behavior.Run.dll
  Marvel.Content.Tests -> /private/tmp/marvel-lifecycle-mutants/tests/Marvel.Content.Tests/bin/Release/net8.0/Marvel.Content.Tests.dll
Test run for /private/tmp/marvel-lifecycle-mutants/tests/Marvel.Content.Tests/bin/Release/net8.0/Marvel.Content.Tests.dll (.NETCoreApp,Version=v8.0)
A total of 1 test files matched the specified pattern.
[xUnit.net 00:00:00.00] xUnit.net VSTest Adapter v3.1.5+1b188a7b0a (64-bit .NET 8.0.30)
[xUnit.net 00:00:00.13]   Discovering: Marvel.Content.Tests
[xUnit.net 00:00:00.70]   Discovered:  Marvel.Content.Tests
[xUnit.net 00:00:00.83]   Starting:    Marvel.Content.Tests
[xUnit.net 00:00:01.11]     Marvel.Content.Tests.Play.ActiveSourceCopyTests.ResumingALiveSourceKeepsItsChangesUntilItsCopyEnds(suspendAfterDeparture: True) [FAIL]
[xUnit.net 00:00:01.11]       Assert.Equal() Failure: Values differ
[xUnit.net 00:00:01.11]       Expected: 5
[xUnit.net 00:00:01.11]       Actual:   3
[xUnit.net 00:00:01.11]       Stack Trace:
[xUnit.net 00:00:01.11]         /private/tmp/marvel-lifecycle-mutants/tests/Marvel.Content.Tests/Play/ActiveSourceCopyTests.cs(47,0): at Marvel.Content.Tests.Play.ActiveSourceCopyTests.ResumingALiveSourceKeepsItsChangesUntilItsCopyEnds(Boolean suspendAfterDeparture)
[xUnit.net 00:00:01.11]            at System.RuntimeMethodHandle.InvokeMethod(Object target, Void** arguments, Signature sig, Boolean isConstructor)
[xUnit.net 00:00:01.11]            at System.Reflection.MethodBaseInvoker.InvokeDirectByRefWithFewArgs(Object obj, Span`1 copyOfArgs, BindingFlags invokeAttr)
[xUnit.net 00:00:01.12]     Marvel.Content.Tests.Play.ActiveSourceCopyTests.ResumingALiveSourceKeepsItsChangesUntilItsCopyEnds(suspendAfterDeparture: False) [FAIL]
[xUnit.net 00:00:01.12]       Assert.Equal() Failure: Values differ
[xUnit.net 00:00:01.12]       Expected: 5
[xUnit.net 00:00:01.12]       Actual:   3
[xUnit.net 00:00:01.12]       Stack Trace:
[xUnit.net 00:00:01.12]         /private/tmp/marvel-lifecycle-mutants/tests/Marvel.Content.Tests/Play/ActiveSourceCopyTests.cs(47,0): at Marvel.Content.Tests.Play.ActiveSourceCopyTests.ResumingALiveSourceKeepsItsChangesUntilItsCopyEnds(Boolean suspendAfterDeparture)
[xUnit.net 00:00:01.12]            at InvokeStub_ActiveSourceCopyTests.ResumingALiveSourceKeepsItsChangesUntilItsCopyEnds(Object, Span`1)
[xUnit.net 00:00:01.12]            at System.Reflection.MethodBaseInvoker.InvokeWithOneArg(Object obj, BindingFlags invokeAttr, Binder binder, Object[] parameters, CultureInfo culture)
[xUnit.net 00:00:01.13]   Finished:    Marvel.Content.Tests (ID = '007d633fd80b2ca833d94ef41053909e0c82bdff4c6a314831e5ee28032452b8')
  Failed Marvel.Content.Tests.Play.ActiveSourceCopyTests.ResumingALiveSourceKeepsItsChangesUntilItsCopyEnds(suspendAfterDeparture: True) [235 ms]
  Error Message:
   Assert.Equal() Failure: Values differ
Expected: 5
Actual:   3
  Stack Trace:
     at Marvel.Content.Tests.Play.ActiveSourceCopyTests.ResumingALiveSourceKeepsItsChangesUntilItsCopyEnds(Boolean suspendAfterDeparture) in /private/tmp/marvel-lifecycle-mutants/tests/Marvel.Content.Tests/Play/ActiveSourceCopyTests.cs:line 47
   at System.RuntimeMethodHandle.InvokeMethod(Object target, Void** arguments, Signature sig, Boolean isConstructor)
   at System.Reflection.MethodBaseInvoker.InvokeDirectByRefWithFewArgs(Object obj, Span`1 copyOfArgs, BindingFlags invokeAttr)
  Failed Marvel.Content.Tests.Play.ActiveSourceCopyTests.ResumingALiveSourceKeepsItsChangesUntilItsCopyEnds(suspendAfterDeparture: False) [10 ms]
  Error Message:
   Assert.Equal() Failure: Values differ
Expected: 5
Actual:   3
  Stack Trace:
     at Marvel.Content.Tests.Play.ActiveSourceCopyTests.ResumingALiveSourceKeepsItsChangesUntilItsCopyEnds(Boolean suspendAfterDeparture) in /private/tmp/marvel-lifecycle-mutants/tests/Marvel.Content.Tests/Play/ActiveSourceCopyTests.cs:line 47
   at InvokeStub_ActiveSourceCopyTests.ResumingALiveSourceKeepsItsChangesUntilItsCopyEnds(Object, Span`1)
   at System.Reflection.MethodBaseInvoker.InvokeWithOneArg(Object obj, BindingFlags invokeAttr, Binder binder, Object[] parameters, CultureInfo culture)

Test Run Failed.
Total tests: 2
     Failed: 2
 Total time: 1.4032 Seconds
